Component: ARM Compiler 5.06 update 6 (build 750) Tool: armlink [4d35ed]

==============================================================================

Section Cross References

    main.o(i.SystemClock_Config) refers to memseta.o(.text) for __aeabi_memclr4
    main.o(i.SystemClock_Config) refers to stm32f4xx_hal_rcc.o(i.HAL_RCC_OscConfig) for HAL_RCC_OscConfig
    main.o(i.SystemClock_Config) refers to stm32f4xx_hal_rcc.o(i.HAL_RCC_ClockConfig) for HAL_RCC_ClockConfig
    main.o(i.main) refers to stm32f4xx_hal.o(i.HAL_Init) for HAL_Init
    main.o(i.main) refers to main.o(i.SystemClock_Config) for SystemClock_Config
    main.o(i.main) refers to gpio.o(i.MX_GPIO_Init) for MX_GPIO_Init
    main.o(i.main) refers to dma.o(i.MX_DMA_Init) for MX_DMA_Init
    main.o(i.main) refers to usart.o(i.MX_USART1_UART_Init) for MX_USART1_UART_Init
    main.o(i.main) refers to spi.o(i.MX_SPI1_Init) for MX_SPI1_Init
    main.o(i.main) refers to usart.o(i.MX_USART6_UART_Init) for MX_USART6_UART_Init
    main.o(i.main) refers to adc.o(i.MX_ADC1_Init) for MX_ADC1_Init
    main.o(i.main) refers to tim.o(i.MX_TIM4_Init) for MX_TIM4_Init
    main.o(i.main) refers to spi.o(i.MX_SPI2_Init) for MX_SPI2_Init
    main.o(i.main) refers to appmain.o(i.appInit) for appInit
    main.o(i.main) refers to appmain.o(i.appMain) for appMain
    gpio.o(i.MX_GPIO_Init) refers to memseta.o(.text) for __aeabi_memclr4
    gpio.o(i.MX_GPIO_Init) refers to stm32f4xx_hal_gpio.o(i.HAL_GPIO_WritePin) for HAL_GPIO_WritePin
    gpio.o(i.MX_GPIO_Init) refers to stm32f4xx_hal_gpio.o(i.HAL_GPIO_Init) for HAL_GPIO_Init
    gpio.o(i.MX_GPIO_Init) refers to stm32f4xx_hal_cortex.o(i.HAL_NVIC_SetPriority) for HAL_NVIC_SetPriority
    gpio.o(i.MX_GPIO_Init) refers to stm32f4xx_hal_cortex.o(i.HAL_NVIC_EnableIRQ) for HAL_NVIC_EnableIRQ
    adc.o(i.HAL_ADC_MspDeInit) refers to stm32f4xx_hal_gpio.o(i.HAL_GPIO_DeInit) for HAL_GPIO_DeInit
    adc.o(i.HAL_ADC_MspInit) refers to memseta.o(.text) for __aeabi_memclr4
    adc.o(i.HAL_ADC_MspInit) refers to stm32f4xx_hal_gpio.o(i.HAL_GPIO_Init) for HAL_GPIO_Init
    adc.o(i.MX_ADC1_Init) refers to stm32f4xx_hal_adc.o(i.HAL_ADC_Init) for HAL_ADC_Init
    adc.o(i.MX_ADC1_Init) refers to main.o(i.Error_Handler) for Error_Handler
    adc.o(i.MX_ADC1_Init) refers to stm32f4xx_hal_adc.o(i.HAL_ADC_ConfigChannel) for HAL_ADC_ConfigChannel
    adc.o(i.MX_ADC1_Init) refers to adc.o(.bss) for .bss
    dma.o(i.MX_DMA_Init) refers to stm32f4xx_hal_cortex.o(i.HAL_NVIC_SetPriority) for HAL_NVIC_SetPriority
    dma.o(i.MX_DMA_Init) refers to stm32f4xx_hal_cortex.o(i.HAL_NVIC_EnableIRQ) for HAL_NVIC_EnableIRQ
    spi.o(i.HAL_SPI_MspDeInit) refers to stm32f4xx_hal_gpio.o(i.HAL_GPIO_DeInit) for HAL_GPIO_DeInit
    spi.o(i.HAL_SPI_MspDeInit) refers to stm32f4xx_hal_dma.o(i.HAL_DMA_DeInit) for HAL_DMA_DeInit
    spi.o(i.HAL_SPI_MspDeInit) refers to stm32f4xx_hal_cortex.o(i.HAL_NVIC_DisableIRQ) for HAL_NVIC_DisableIRQ
    spi.o(i.HAL_SPI_MspInit) refers to memseta.o(.text) for __aeabi_memclr4
    spi.o(i.HAL_SPI_MspInit) refers to stm32f4xx_hal_gpio.o(i.HAL_GPIO_Init) for HAL_GPIO_Init
    spi.o(i.HAL_SPI_MspInit) refers to stm32f4xx_hal_dma.o(i.HAL_DMA_Init) for HAL_DMA_Init
    spi.o(i.HAL_SPI_MspInit) refers to main.o(i.Error_Handler) for Error_Handler
    spi.o(i.HAL_SPI_MspInit) refers to stm32f4xx_hal_cortex.o(i.HAL_NVIC_SetPriority) for HAL_NVIC_SetPriority
    spi.o(i.HAL_SPI_MspInit) refers to stm32f4xx_hal_cortex.o(i.HAL_NVIC_EnableIRQ) for HAL_NVIC_EnableIRQ
    spi.o(i.HAL_SPI_MspInit) refers to spi.o(.bss) for .bss
    spi.o(i.MX_SPI1_Init) refers to stm32f4xx_hal_spi.o(i.HAL_SPI_Init) for HAL_SPI_Init
    spi.o(i.MX_SPI1_Init) refers to main.o(i.Error_Handler) for Error_Handler
    spi.o(i.MX_SPI1_Init) refers to spi.o(.bss) for .bss
    spi.o(i.MX_SPI2_Init) refers to stm32f4xx_hal_spi.o(i.HAL_SPI_Init) for HAL_SPI_Init
    spi.o(i.MX_SPI2_Init) refers to main.o(i.Error_Handler) for Error_Handler
    spi.o(i.MX_SPI2_Init) refers to spi.o(.bss) for .bss
    tim.o(i.HAL_TIM_MspPostInit) refers to memseta.o(.text) for __aeabi_memclr4
    tim.o(i.HAL_TIM_MspPostInit) refers to stm32f4xx_hal_gpio.o(i.HAL_GPIO_Init) for HAL_GPIO_Init
    tim.o(i.HAL_TIM_PWM_MspDeInit) refers to stm32f4xx_hal_cortex.o(i.HAL_NVIC_DisableIRQ) for HAL_NVIC_DisableIRQ
    tim.o(i.HAL_TIM_PWM_MspInit) refers to stm32f4xx_hal_cortex.o(i.HAL_NVIC_SetPriority) for HAL_NVIC_SetPriority
    tim.o(i.HAL_TIM_PWM_MspInit) refers to stm32f4xx_hal_cortex.o(i.HAL_NVIC_EnableIRQ) for HAL_NVIC_EnableIRQ
    tim.o(i.MX_TIM4_Init) refers to memseta.o(.text) for __aeabi_memclr4
    tim.o(i.MX_TIM4_Init) refers to stm32f4xx_hal_tim.o(i.HAL_TIM_PWM_Init) for HAL_TIM_PWM_Init
    tim.o(i.MX_TIM4_Init) refers to main.o(i.Error_Handler) for Error_Handler
    tim.o(i.MX_TIM4_Init) refers to stm32f4xx_hal_tim_ex.o(i.HAL_TIMEx_MasterConfigSynchronization) for HAL_TIMEx_MasterConfigSynchronization
[...]
    ../clib/microlib/printf/printf.c         0x00000000   Number         0  printf6.o ABSOLUTE
    ../clib/microlib/printf/printf.c         0x00000000   Number         0  printf4.o ABSOLUTE
    ../clib/microlib/printf/printf.c         0x00000000   Number         0  printf5.o ABSOLUTE
    ../clib/microlib/printf/printf.c         0x00000000   Number         0  printf2.o ABSOLUTE
    ../clib/microlib/printf/printf.c         0x00000000   Number         0  printf1.o ABSOLUTE
    ../clib/microlib/printf/printf.c         0x00000000   Number         0  printf0.o ABSOLUTE
    ../clib/microlib/printf/printf.c         0x00000000   Number         0  printfb.o ABSOLUTE
    ../clib/microlib/printf/printf.c         0x00000000   Number         0  printf3.o ABSOLUTE
    ../clib/microlib/printf/stubs.s          0x00000000   Number         0  stubs.o ABSOLUTE
    ../clib/microlib/stdio/fputc.c           0x00000000   Number         0  fputc.o ABSOLUTE
    ../clib/microlib/stdio/semi.s            0x00000000   Number         0  semi.o ABSOLUTE
    ../clib/microlib/stdio/streams.c         0x00000000   Number         0  stdout.o ABSOLUTE
    ../clib/microlib/string/memcpy.c         0x00000000   Number         0  memcpyb.o ABSOLUTE
    ../clib/microlib/string/memcpy.c         0x00000000   Number         0  memcpya.o ABSOLUTE
    ../clib/microlib/string/memset.c         0x00000000   Number         0  memseta.o ABSOLUTE
    ../clib/microlib/stubs.s                 0x00000000   Number         0  iusesemip.o ABSOLUTE
    ../clib/microlib/stubs.s                 0x00000000   Number         0  iusefp.o ABSOLUTE
    ../fplib/microlib/d2f.c                  0x00000000   Number         0  d2f.o ABSOLUTE
    ../fplib/microlib/f2d.c                  0x00000000   Number         0  f2d.o ABSOLUTE
    ../fplib/microlib/fpadd.c                0x00000000   Number         0  dadd.o ABSOLUTE
    ../fplib/microlib/fpdiv.c                0x00000000   Number         0  ddiv.o ABSOLUTE
    ../fplib/microlib/fpepilogue.c           0x00000000   Number         0  fepilogue.o ABSOLUTE
    ../fplib/microlib/fpepilogue.c           0x00000000   Number         0  depilogue.o ABSOLUTE
    ../fplib/microlib/fpfix.c                0x00000000   Number         0  dfixul.o ABSOLUTE
    ../fplib/microlib/fpmul.c                0x00000000   Number         0  dmul.o ABSOLUTE
    ../mathlib/atan2f.c                      0x00000000   Number         0  atan2f.o ABSOLUTE
    ../mathlib/atan2f.c                      0x00000000   Number         0  atan2f_x.o ABSOLUTE
    ../mathlib/fpclassifyf.c                 0x00000000   Number         0  fpclassifyf.o ABSOLUTE
    ../mathlib/funder.c                      0x00000000   Number         0  funder.o ABSOLUTE
    ..\App\appMain.c                         0x00000000   Number         0  appmain.o ABSOLUTE
    ..\App\appMenu.c                         0x00000000   Number         0  appmenu.o ABSOLUTE
    ..\App\filter.c                          0x00000000   Number         0  filter.o ABSOLUTE
    ..\App\udp_demo.c                        0x00000000   Number         0  udp_demo.o ABSOLUTE
    ..\Bsp\bsp_delay.c                       0x00000000   Number         0  bsp_delay.o ABSOLUTE
    ..\Bsp\bsp_ec11.c                        0x00000000   Number         0  bsp_ec11.o ABSOLUTE
    ..\Bsp\bsp_gpio.c                        0x00000000   Number         0  bsp_gpio.o ABSOLUTE
    ..\Bsp\bsp_lcd.c                         0x00000000   Number         0  bsp_lcd.o ABSOLUTE
    ..\Bsp\bsp_lcd_init.c                    0x00000000   Number         0  bsp_lcd_init.o ABSOLUTE
    ..\Bsp\bsp_spi.c                         0x00000000   Number         0  bsp_spi.o ABSOLUTE
    ..\Bsp\socket.c                          0x00000000   Number         0  socket.o ABSOLUTE
    ..\Bsp\w5500.c                           0x00000000   Number         0  w5500.o ABSOLUTE
    ..\Bsp\w5500_conf.c                      0x00000000   Number         0  w5500_conf.o ABSOLUTE
    ..\Core\Src\adc.c                        0x00000000   Number         0  adc.o ABSOLUTE
    ..\Core\Src\dma.c                        0x00000000   Number         0  dma.o ABSOLUTE
    ..\Core\Src\gpio.c                       0x00000000   Number         0  gpio.o ABSOLUTE
    ..\Core\Src\main.c                       0x00000000   Number         0  main.o ABSOLUTE
    ..\Core\Src\spi.c                        0x00000000   Number         0  spi.o ABSOLUTE
    ..\Core\Src\stm32f4xx_hal_msp.c          0x00000000   Number         0  stm32f4xx_hal_msp.o ABSOLUTE
    ..\Core\Src\stm32f4xx_it.c               0x00000000   Number         0  stm32f4xx_it.o ABSOLUTE
    ..\Core\Src\system_stm32f4xx.c           0x00000000   Number         0  system_stm32f4xx.o ABSOLUTE
    ..\Core\Src\tim.c                        0x00000000   Number         0  tim.o ABSOLUTE
    ..\Core\Src\usart.c                      0x00000000   Number         0  usart.o ABSOLUTE
    ..\Drivers\STM32F4xx_HAL_Driver\Src\stm32f4xx_hal.c 0x00000000   Number         0  stm32f4xx_hal.o ABSOLUTE
    ..\Drivers\STM32F4xx_HAL_Driver\Src\stm32f4xx_hal_adc.c 0x00000000   Number         0  stm32f4xx_hal_adc.o ABSOLUTE
    ..\Drivers\STM32F4xx_HAL_Driver\Src\stm32f4xx_hal_adc_ex.c 0x00000000   Number         0  stm32f4xx_hal_adc_ex.o ABSOLUTE
    ..\Drivers\STM32F4xx_HAL_Driver\Src\stm32f4xx_hal_cortex.c 0x00000000   Number         0  stm32f4xx_hal_cortex.o ABSOLUTE
    ..\Drivers\STM32F4xx_HAL_Driver\Src\stm32f4xx_hal_dma.c 0x00000000   Number         0  stm32f4xx_hal_dma.o ABSOLUTE
    ..\Drivers\STM32F4xx_HAL_Driver\Src\stm32f4xx_hal_dma_ex.c 0x00000000   Number         0  stm32f4xx_hal_dma_ex.o ABSOLUTE
    ..\Drivers\STM32F4xx_HAL_Driver\Src\stm32f4xx_hal_exti.c 0x00000000   Number         0  stm32f4xx_hal_exti.o ABSOLUTE
    ..\Drivers\STM32F4xx_HAL_Driver\Src\stm32f4xx_hal_flash.c 0x00000000   Number         0  stm32f4xx_hal_flash.o ABSOLUTE
    ..\Drivers\STM32F4xx_HAL_Driver\Src\stm32f4xx_hal_flash_ex.c 0x00000000   Number         0  stm32f4xx_hal_flash_ex.o ABSOLUTE
    ..\Drivers\STM32F4xx_HAL_Driver\Src\stm32f4xx_hal_flash_ramfunc.c 0x00000000   Number         0  stm32f4xx_hal_flash_ramfunc.o ABSOLUTE
    ..\Drivers\STM32F4xx_HAL_Driver\Src\stm32f4xx_hal_gpio.c 0x00000000   Number         0  stm32f4xx_hal_gpio.o ABSOLUTE
    ..\Drivers\STM32F4xx_HAL_Driver\Src\stm32f4xx_hal_pwr.c 0x00000000   Number         0  stm32f4xx_hal_pwr.o ABSOLUTE
    ..\Drivers\STM32F4xx_HAL_Driver\Src\stm32f4xx_hal_pwr_ex.c 0x00000000   Number         0  stm32f4xx_hal_pwr_ex.o ABSOLUTE
    ..\Drivers\STM32F4xx_HAL_Driver\Src\stm32f4xx_hal_rcc.c 0x00000000   Number         0  stm32f4xx_hal_rcc.o ABSOLUTE
    ..\Drivers\STM32F4xx_HAL_Driver\Src\stm32f4xx_hal_rcc_ex.c 0x00000000   Number         0  stm32f4xx_hal_rcc_ex.o ABSOLUTE
    ..\Drivers\STM32F4xx_HAL_Driver\Src\stm32f4xx_hal_spi.c 0x00000000   Number         0  stm32f4xx_hal_spi.o ABSOLUTE
    ..\Drivers\STM32F4xx_HAL_Driver\Src\stm32f4xx_hal_tim.c 0x00000000   Number         0  stm32f4xx_hal_tim.o ABSOLUTE
    ..\Drivers\STM32F4xx_HAL_Driver\Src\stm32f4xx_hal_tim_ex.c 0x00000000   Number         0  stm32f4xx_hal_tim_ex.o ABSOLUTE
    ..\Drivers\STM32F4xx_HAL_Driver\Src\stm32f4xx_hal_uart.c 0x00000000   Number         0  stm32f4xx_hal_uart.o ABSOLUTE
    ..\UserLib\Oscilloscope.c                0x00000000   Number         0  oscilloscope.o ABSOLUTE
    ..\UserLib\menu.c                        0x00000000   Number         0  menu.o ABSOLUTE
    ..\\App\\appMain.c                       0x00000000   Number         0  appmain.o ABSOLUTE
    ..\\App\\appMenu.c                       0x00000000   Number         0  appmenu.o ABSOLUTE
    ..\\App\\filter.c                        0x00000000   Number         0  filter.o ABSOLUTE
    ..\\App\\udp_demo.c                      0x00000000   Number         0  udp_demo.o ABSOLUTE
    ..\\Bsp\\bsp_delay.c                     0x00000000   Number         0  bsp_delay.o ABSOLUTE
    ..\\Bsp\\bsp_ec11.c                      0x00000000   Number         0  bsp_ec11.o ABSOLUTE
    ..\\Bsp\\bsp_gpio.c                      0x00000000   Number         0  bsp_gpio.o ABSOLUTE
    ..\\Bsp\\bsp_lcd.c                       0x00000000   Number         0  bsp_lcd.o ABSOLUTE
    ..\\Bsp\\bsp_lcd_init.c                  0x00000000   Number         0  bsp_lcd_init.o ABSOLUTE
    ..\\Bsp\\bsp_spi.c                       0x00000000   Number         0  bsp_spi.o ABSOLUTE
    ..\\Bsp\\w5500_conf.c                    0x00000000   Number         0  w5500_conf.o ABSOLUTE
    ..\\UserLib\\Oscilloscope.c              0x00000000   Number         0  oscilloscope.o ABSOLUTE
    cdrcmple.s                               0x00000000   Number         0  cdrcmple.o ABSOLUTE
    dc.s                                     0x00000000   Number         0  dc.o ABSOLUTE
    handlers.s                               0x00000000   Number         0  handlers.o ABSOLUTE
    init.s                                   0x00000000   Number         0  init.o ABSOLUTE
    startup_stm32f401xc.s                    0x00000000   Number         0  startup_stm32f401xc.o ABSOLUTE
    RESET                                    0x08000000   Section      404  startup_stm32f401xc.o(RESET)
    .ARM.Collect$$$$00000000                 0x08000194   Section        0  entry.o(.ARM.Collect$$$$00000000)
    .ARM.Collect$$$$00000001                 0x08000194   Section        4  entry2.o(.ARM.Collect$$$$00000001)
    .ARM.Collect$$$$00000004                 0x08000198   Section        4  entry5.o(.ARM.Collect$$$$00000004)
    .ARM.Collect$$$$00000008                 0x0800019c   Section        0  entry7b.o(.ARM.Collect$$$$00000008)
    .ARM.Collect$$$$0000000A                 0x0800019c   Section        0  entry8b.o(.ARM.Collect$$$$0000000A)
    .ARM.Collect$$$$0000000B                 0x0800019c   Section        8  entry9a.o(.ARM.Collect$$$$0000000B)
    .ARM.Collect$$$$0000000D                 0x080001a4   Section        0  entry10a.o(.ARM.Collect$$$$0000000D)
    .ARM.Collect$$$$0000000F                 0x080001a4   Section        0  entry11a.o(.ARM.Collect$$$$0000000F)
    .ARM.Collect$$$$00002712                 0x080001a4   Section        4  entry2.o(.ARM.Collect$$$$00002712)
    __lit__00000000                          0x080001a4   Data           4  entry2.o(.ARM.Collect$$$$00002712)
    .text                                    0x080001a8   Section       36  startup_stm32f401xc.o(.text)
    $v0                                      0x080001a8   Number         0  startup_stm32f401xc.o(.text)
    .text                                    0x080001cc   Section        0  uldiv.o(.text)
    .text                                    0x0800022e   Section        0  memcpya.o(.text)
    .text                                    0x08000252   Section        0  memseta.o(.text)
    .text                                    0x08000276   Section        0  uidiv.o(.text)
    .text                                    0x080002a2   Section        0  llshl.o(.text)
    .text                                    0x080002c0   Section        0  llushr.o(.text)
    .text                                    0x080002e0   Section        0  iusefp.o(.text)
    .text                                    0x080002e0   Section       36  init.o(.text)
    .text                                    0x08000304   Section        0  semi.o(.text)
    .text                                    0x08000304   Section        0  iusesemip.o(.text)
    i.ADC_Init                               0x08000304   Section        0  stm32f4xx_hal_adc.o(i.ADC_Init)
    ADC_Init                                 0x08000305   Thumb Code   284  stm32f4xx_hal_adc.o(i.ADC_Init)
    i.BusFault_Handler                       0x0800042c   Section        0  stm32f4xx_it.o(i.BusFault_Handler)
    i.DMA_CalcBaseAndBitshift                0x08000430   Section        0  stm32f4xx_hal_dma.o(i.DMA_CalcBaseAndBitshift)
    DMA_CalcBaseAndBitshift                  0x08000431   Thumb Code    34  stm32f4xx_hal_dma.o(i.DMA_CalcBaseAndBitshift)
    i.DMA_CheckFifoParam                     0x08000458   Section        0  stm32f4xx_hal_dma.o(i.DMA_CheckFifoParam)
    DMA_CheckFifoParam                       0x08000459   Thumb Code    84  stm32f4xx_hal_dma.o(i.DMA_CheckFifoParam)
    i.DebugMon_Handler                       0x080004ac   Section        0  stm32f4xx_it.o(i.DebugMon_Handler)
    i.EC11_ScanButton                        0x080004b0   Section        0  bsp_ec11.o(i.EC11_ScanButton)
    i.EC11_getButtonFlag                     0x080004e4   Section        0  bsp_ec11.o(i.EC11_getButtonFlag)
    i.EC11_getCount                          0x080004fc   Section        0  bsp_ec11.o(i.EC11_getCount)
    i.EXTI3_IRQHandler                       0x08000508   Section        0  bsp_ec11.o(i.EXTI3_IRQHandler)
    i.Error_Handler                          0x08000564   Section        0  main.o(i.Error_Handler)
    i.HAL_ADC_ConfigChannel                  0x08000568   Section        0  stm32f4xx_hal_adc.o(i.HAL_ADC_ConfigChannel)
    i.HAL_ADC_Init                           0x080006b4   Section        0  stm32f4xx_hal_adc.o(i.HAL_ADC_Init)
    i.HAL_ADC_MspInit                        0x08000708   Section        0  adc.o(i.HAL_ADC_MspInit)
    i.HAL_DMA_Init                           0x08000768   Section        0  stm32f4xx_hal_dma.o(i.HAL_DMA_Init)
    i.HAL_Delay                              0x0800083c   Section        0  stm32f4xx_hal.o(i.HAL_Delay)
    i.HAL_GPIO_Init                          0x08000860   Section        0  stm32f4xx_hal_gpio.o(i.HAL_GPIO_Init)
    i.HAL_GPIO_ReadPin                       0x08000a3c   Section        0  stm32f4xx_hal_gpio.o(i.HAL_GPIO_ReadPin)
    i.HAL_GPIO_TogglePin                     0x08000a46   Section        0  stm32f4xx_hal_gpio.o(i.HAL_GPIO_TogglePin)
    i.HAL_GPIO_WritePin                      0x08000a56   Section        0  stm32f4xx_hal_gpio.o(i.HAL_GPIO_WritePin)
    i.HAL_GetTick                            0x08000a60   Section        0  stm32f4xx_hal.o(i.HAL_GetTick)
    i.HAL_IncTick                            0x08000a6c   Section        0  stm32f4xx_hal.o(i.HAL_IncTick)
    i.HAL_Init                               0x08000a7c   Section        0  stm32f4xx_hal.o(i.HAL_Init)
    i.HAL_InitTick                           0x08000ab0   Section        0  stm32f4xx_hal.o(i.HAL_InitTick)
    i.HAL_MspInit                            0x08000af0   Section        0  stm32f4xx_hal_msp.o(i.HAL_MspInit)
    i.HAL_NVIC_EnableIRQ                     0x08000b24   Section        0  stm32f4xx_hal_cortex.o(i.HAL_NVIC_EnableIRQ)
    i.HAL_NVIC_SetPriority                   0x08000b40   Section        0  stm32f4xx_hal_cortex.o(i.HAL_NVIC_SetPriority)
    i.HAL_NVIC_SetPriorityGrouping           0x08000b80   Section        0  stm32f4xx_hal_cortex.o(i.HAL_NVIC_SetPriorityGrouping)
    i.HAL_RCC_ClockConfig                    0x08000ba4   Section        0  stm32f4xx_hal_rcc.o(i.HAL_RCC_ClockConfig)
    i.HAL_RCC_GetPCLK1Freq                   0x08000cd8   Section        0  stm32f4xx_hal_rcc.o(i.HAL_RCC_GetPCLK1Freq)
    i.HAL_RCC_GetPCLK2Freq                   0x08000cf8   Section        0  stm32f4xx_hal_rcc.o(i.HAL_RCC_GetPCLK2Freq)
    i.HAL_RCC_GetSysClockFreq                0x08000d18   Section        0  stm32f4xx_hal_rcc.o(i.HAL_RCC_GetSysClockFreq)
    i.HAL_RCC_OscConfig                      0x08000d7c   Section        0  stm32f4xx_hal_rcc.o(i.HAL_RCC_OscConfig)
    i.HAL_SPI_Init                           0x080010e8   Section        0  stm32f4xx_hal_spi.o(i.HAL_SPI_Init)
    i.HAL_SPI_MspInit                        0x080011a4   Section        0  spi.o(i.HAL_SPI_MspInit)
    i.HAL_SYSTICK_Config                     0x08001298   Section        0  stm32f4xx_hal_cortex.o(i.HAL_SYSTICK_Config)
    i.HAL_TIMEx_MasterConfigSynchronization  0x080012c0   Section        0  stm32f4xx_hal_tim_ex.o(i.HAL_TIMEx_MasterConfigSynchronization)
    i.HAL_TIM_MspPostInit                    0x0800133c   Section        0  tim.o(i.HAL_TIM_MspPostInit)
    i.HAL_TIM_PWM_ConfigChannel              0x08001390   Section        0  stm32f4xx_hal_tim.o(i.HAL_TIM_PWM_ConfigChannel)
    i.HAL_TIM_PWM_Init                       0x08001456   Section        0  stm32f4xx_hal_tim.o(i.HAL_TIM_PWM_Init)
    i.HAL_TIM_PWM_MspInit                    0x080014b0   Section        0  tim.o(i.HAL_TIM_PWM_MspInit)
    i.HAL_UART_Init                          0x080014ec   Section        0  stm32f4xx_hal_uart.o(i.HAL_UART_Init)
    i.HAL_UART_MspInit                       0x08001550   Section        0  usart.o(i.HAL_UART_MspInit)
    i.HardFault_Handler                      0x08001680   Section        0  stm32f4xx_it.o(i.HardFault_Handler)
    i.IINCHIP_READ                           0x08001682   Section        0  w5500_conf.o(i.IINCHIP_READ)
    i.IINCHIP_SpiSendData                    0x080016b6   Section        0  w5500_conf.o(i.IINCHIP_SpiSendData)
    i.IINCHIP_WRITE                          0x080016ba   Section        0  w5500_conf.o(i.IINCHIP_WRITE)
    i.LCD_Address_Set                        0x080016f2   Section        0  bsp_lcd_init.o(i.LCD_Address_Set)
    i.LCD_DrawLine                           0x08001734   Section        0  bsp_lcd.o(i.LCD_DrawLine)
    i.LCD_DrawPoint                          0x080017d0   Section        0  bsp_lcd.o(i.LCD_DrawPoint)
    i.LCD_Fill                               0x080017e8   Section        0  bsp_lcd.o(i.LCD_Fill)
    i.LCD_Init                               0x08001858   Section        0  bsp_lcd_init.o(i.LCD_Init)
    i.LCD_ShowChar                           0x08001a5c   Section        0  bsp_lcd.o(i.LCD_ShowChar)
    i.LCD_ShowFloatNum1                      0x08001b68   Section        0  bsp_lcd.o(i.LCD_ShowFloatNum1)
    i.LCD_ShowIntNum                         0x08001c56   Section        0  bsp_lcd.o(i.LCD_ShowIntNum)
    i.LCD_ShowPicture                        0x08001d0c   Section        0  bsp_lcd.o(i.LCD_ShowPicture)
    i.LCD_ShowString                         0x08001d38   Section        0  bsp_lcd.o(i.LCD_ShowString)
    i.LCD_WR_DATA                            0x08001d72   Section        0  bsp_lcd_init.o(i.LCD_WR_DATA)
    i.LCD_WR_REG                             0x08001d88   Section        0  bsp_lcd_init.o(i.LCD_WR_REG)
    i.LCD_Writ_Bus                           0x08001db0   Section        0  bsp_lcd_init.o(i.LCD_Writ_Bus)
    i.MX_ADC1_Init                           0x08001df4   Section        0  adc.o(i.MX_ADC1_Init)
    i.MX_DMA_Init                            0x08001e58   Section        0  dma.o(i.MX_DMA_Init)
    i.MX_GPIO_Init                           0x08001ea4   Section        0  gpio.o(i.MX_GPIO_Init)
    i.MX_SPI1_Init                           0x08002028   Section        0  spi.o(i.MX_SPI1_Init)
    i.MX_SPI2_Init                           0x08002070   Section        0  spi.o(i.MX_SPI2_Init)
    i.MX_TIM4_Init                           0x080020b0   Section        0  tim.o(i.MX_TIM4_Init)
    i.MX_USART1_UART_Init                    0x08002150   Section        0  usart.o(i.MX_USART1_UART_Init)
    i.MX_USART6_UART_Init                    0x08002188   Section        0  usart.o(i.MX_USART6_UART_Init)
    i.MemManage_Handler                      0x080021c0   Section        0  stm32f4xx_it.o(i.MemManage_Handler)
    i.NMI_Handler                            0x080021c2   Section        0  stm32f4xx_it.o(i.NMI_Handler)
    i.PendSV_Handler                         0x080021c4   Section        0  stm32f4xx_it.o(i.PendSV_Handler)
    i.Rx_udp                                 0x080021c8   Section        0  udp_demo.o(i.Rx_udp)
    i.SPI1_LCD_ReInit                        0x08002738   Section        0  bsp_lcd_init.o(i.SPI1_LCD_ReInit)
    i.SPI_SendByte                           0x0800278c   Section        0  w5500_conf.o(i.SPI_SendByte)
    i.SVC_Handler                            0x080027bc   Section        0  stm32f4xx_it.o(i.SVC_Handler)
    i.SysTick_Handler                        0x080027be   Section        0  stm32f4xx_it.o(i.SysTick_Handler)
    i.SystemClock_Config                     0x080027c4   Section        0  main.o(i.SystemClock_Config)
    i.SystemInit                             0x08002858   Section        0  system_stm32f4xx.o(i.SystemInit)
    i.TIM_Base_SetConfig                     0x08002874   Section        0  stm32f4xx_hal_tim.o(i.TIM_Base_SetConfig)
    i.TIM_OC1_SetConfig                      0x0800290c   Section        0  stm32f4xx_hal_tim.o(i.TIM_OC1_SetConfig)
    TIM_OC1_SetConfig                        0x0800290d   Thumb Code    74  stm32f4xx_hal_tim.o(i.TIM_OC1_SetConfig)
    i.TIM_OC2_SetConfig                      0x0800295c   Section        0  stm32f4xx_hal_tim.o(i.TIM_OC2_SetConfig)
    i.TIM_OC3_SetConfig                      0x080029b4   Section        0  stm32f4xx_hal_tim.o(i.TIM_OC3_SetConfig)
    TIM_OC3_SetConfig                        0x080029b5   Thumb Code    82  stm32f4xx_hal_tim.o(i.TIM_OC3_SetConfig)
    i.TIM_OC4_SetConfig                      0x08002a0c   Section        0  stm32f4xx_hal_tim.o(i.TIM_OC4_SetConfig)
    TIM_OC4_SetConfig                        0x08002a0d   Thumb Code    64  stm32f4xx_hal_tim.o(i.TIM_OC4_SetConfig)
    i.Tx_udp                                 0x08002a50   Section        0  udp_demo.o(i.Tx_udp)
    i.UART_SetConfig                         0x08002a9c   Section        0  stm32f4xx_hal_uart.o(i.UART_SetConfig)
    UART_SetConfig                           0x08002a9d   Thumb Code   258  stm32f4xx_hal_uart.o(i.UART_SetConfig)
    i.UsageFault_Handler                     0x08002ba8   Section        0  stm32f4xx_it.o(i.UsageFault_Handler)
    i.__0printf$1                            0x08002bac   Section        0  printf1.o(i.__0printf$1)
    i.__ARM_fpclassifyf                      0x08002bcc   Section        0  fpclassifyf.o(i.__ARM_fpclassifyf)
    i.__NVIC_SetPriority                     0x08002bf2   Section        0  stm32f4xx_hal_cortex.o(i.__NVIC_SetPriority)
    __NVIC_SetPriority                       0x08002bf3   Thumb Code    32  stm32f4xx_hal_cortex.o(i.__NVIC_SetPriority)
    i.__hardfp_atan2f                        0x08002c14   Section        0  atan2f.o(i.__hardfp_atan2f)
    i.__mathlib_flt_infnan2                  0x08002e64   Section        0  funder.o(i.__mathlib_flt_infnan2)
    i.__mathlib_flt_underflow                0x08002e6c   Section        0  funder.o(i.__mathlib_flt_underflow)
    i.__scatterload_copy                     0x08002e7c   Section       14  handlers.o(i.__scatterload_copy)
    i.__scatterload_null                     0x08002e8a   Section        2  handlers.o(i.__scatterload_null)
    i.__scatterload_zeroinit                 0x08002e8c   Section       14  handlers.o(i.__scatterload_zeroinit)
    i._printf_core                           0x08002e9c   Section        0  printf1.o(i._printf_core)
    _printf_core                             0x08002e9d   Thumb Code   336  printf1.o(i._printf_core)
    i.appInit                                0x08002ff0   Section        0  appmain.o(i.appInit)
    i.appMain                                0x0800307c   Section        0  appmain.o(i.appMain)
    i.close                                  0x08003114   Section        0  socket.o(i.close)
    i.delay_us                               0x08003144   Section        0  w5500_conf.o(i.delay_us)
    i.fputc                                  0x08003154   Section        0  fputc.o(i.fputc)
    i.getGAR                                 0x08003166   Section        0  w5500.o(i.getGAR)
    i.getIINCHIP_TxMAX                       0x08003170   Section        0  w5500.o(i.getIINCHIP_TxMAX)
    i.getSIPR                                0x0800317c   Section        0  w5500.o(i.getSIPR)
    i.getSUBR                                0x08003188   Section        0  w5500.o(i.getSUBR)
    i.getSn_IR                               0x08003194   Section        0  w5500.o(i.getSn_IR)
    i.getSn_RX_RSR                           0x080031a0   Section        0  w5500.o(i.getSn_RX_RSR)
    i.getSn_SR                               0x080031ec   Section        0  w5500.o(i.getSn_SR)
    i.main                                   0x080031f8   Section        0  main.o(i.main)
    i.menuInit                               0x0800322a   Section        0  menu.o(i.menuInit)
    i.menuRefresh                            0x0800323a   Section        0  menu.o(i.menuRefresh)
    i.menuRefreshFlagSet                     0x0800324a   Section        0  menu.o(i.menuRefreshFlagSet)
    i.menuReturn                             0x08003250   Section        0  menu.o(i.menuReturn)
    i.menuSkip                               0x08003274   Section        0  menu.o(i.menuSkip)
    i.menu_main                              0x080032c0   Section        0  appmenu.o(i.menu_main)
    i.menu_osc                               0x08003904   Section        0  appmenu.o(i.menu_osc)
    i.mypow                                  0x08003b4c   Section        0  bsp_lcd.o(i.mypow)
    i.osc_init                               0x08003b5c   Section        0  oscilloscope.o(i.osc_init)
    i.osc_refresh                            0x08003be4   Section        0  oscilloscope.o(i.osc_refresh)
    i.osc_y_boundary_set                     0x08003cf4   Section        0  oscilloscope.o(i.osc_y_boundary_set)
    i.recvfrom                               0x08003d24   Section        0  socket.o(i.recvfrom)
    i.reset_w5500                            0x08003ea4   Section        0  w5500_conf.o(i.reset_w5500)
    i.send_data_processing                   0x08003ed8   Section        0  w5500.o(i.send_data_processing)
    i.sendto                                 0x08003f60   Section        0  socket.o(i.sendto)
    i.setGAR                                 0x08004042   Section        0  w5500.o(i.setGAR)
    i.setSHAR                                0x0800404c   Section        0  w5500.o(i.setSHAR)
    i.setSIPR                                0x08004058   Section        0  w5500.o(i.setSIPR)
    i.setSUBR                                0x08004064   Section        0  w5500.o(i.setSUBR)
    i.setSn_IR                               0x08004070   Section        0  w5500.o(i.setSn_IR)
    i.set_w5500_ip                           0x0800407c   Section        0  w5500_conf.o(i.set_w5500_ip)
    i.set_w5500_mac                          0x080040e4   Section        0  w5500_conf.o(i.set_w5500_mac)
    i.socket                                 0x080040fc   Section        0  socket.o(i.socket)
    i.socket_buf_init                        0x08004190   Section        0  w5500.o(i.socket_buf_init)
    i.spi1DMASendByte                        0x08004214   Section        0  bsp_lcd.o(i.spi1DMASendByte)
    i.spi1DMASendHalfWord                    0x08004318   Section        0  bsp_lcd.o(i.spi1DMASendHalfWord)
    i.spi1_Init                              0x08004424   Section        0  bsp_spi.o(i.spi1_Init)
    i.wiz_cs                                 0x08004440   Section        0  w5500_conf.o(i.wiz_cs)
    i.wiz_read_buf                           0x0800445c   Section        0  w5500_conf.o(i.wiz_read_buf)
    i.wiz_write_buf                          0x080044a4   Section        0  w5500_conf.o(i.wiz_write_buf)
    .constdata                               0x080044ee   Section        8  stm32f4xx_hal_dma.o(.constdata)
    flagBitshiftOffset                       0x080044ee   Data           8  stm32f4xx_hal_dma.o(.constdata)
    .constdata                               0x080044f6   Section       16  system_stm32f4xx.o(.constdata)
    .constdata                               0x08004506   Section        8  system_stm32f4xx.o(.constdata)
    .constdata                               0x0800450e   Section    14620  bsp_lcd.o(.constdata)
    .data                                    0x20000000   Section       12  stm32f4xx_hal.o(.data)
    .data                                    0x2000000c   Section        4  system_stm32f4xx.o(.data)
    .data                                    0x20000010   Section        4  bsp_lcd.o(.data)
    .data                                    0x20000014   Section        8  bsp_lcd_init.o(.data)
    .data                                    0x2000001c   Section       12  bsp_ec11.o(.data)
    downFlag                                 0x2000001c   Data           1  bsp_ec11.o(.data)
    .data                                    0x20000028   Section        8  w5500.o(.data)
    .data                                    0x20000030   Section        8  w5500.o(.data)
    .data                                    0x20000038   Section       22  w5500_conf.o(.data)
    .data                                    0x2000004e   Section        2  w5500_conf.o(.data)
    .data                                    0x20000050   Section        4  w5500_conf.o(.data)
    .data                                    0x20000054   Section        2  w5500_conf.o(.data)
    .data                                    0x20000058   Section       12  appmain.o(.data)
    .data                                    0x20000064   Section       44  appmenu.o(.data)
    selected_flag                            0x20000067   Data           1  appmenu.o(.data)
    n                                        0x20000068   Data           1  appmenu.o(.data)
    screen_x                                 0x20000069   Data           1  appmenu.o(.data)
    screen_y                                 0x2000006a   Data           1  appmenu.o(.data)
    ec11_count                               0x20000088   Data           4  appmenu.o(.data)
    last_ec11_count                          0x2000008c   Data           4  appmenu.o(.data)
    .data                                    0x20000090   Section       60  udp_demo.o(.data)
    c1_sum_rec_len                           0x200000c4   Data           4  udp_demo.o(.data)
    c2_sum_rec_len                           0x200000c8   Data           4  udp_demo.o(.data)
    .data                                    0x200000cc   Section        4  stdout.o(.data)
    .bss                                     0x200000d0   Section       72  adc.o(.bss)
    .bss                                     0x20000118   Section      272  spi.o(.bss)
    .bss                                     0x20000228   Section       72  tim.o(.bss)
    .bss                                     0x20000270   Section      328  usart.o(.bss)
    .bss                                     0x200003b8   Section       32  w5500.o(.bss)
    .bss                                     0x200003d8   Section       28  w5500_conf.o(.bss)
    .bss                                     0x200003f4   Section    52000  appmain.o(.bss)
    .bss                                     0x2000cf14   Section      136  appmenu.o(.bss)
    .bss                                     0x2000cf9c   Section     8100  udp_demo.o(.bss)
    STACK                                    0x2000ef40   Section     1024  startup_stm32f401xc.o(STACK)

    Global Symbols

    Symbol Name                              Value     Ov Type        Size  Object(Section)

    BuildAttributes$$THM_ISAv4$E$P$D$K$B$S$7EM$VFPi3$EXTD16$VFPS$VFMA$PE$A:L22UL41UL21$X:L11$S22US41US21$IEEE1$IW$USESV6$~STKCKD$USESV7$~SHL$OTIME$ROPI$IEEEX$EBA8$MICROLIB$REQ8$PRES8$EABIv2 0x00000000   Number         0  anon$$obj.o ABSOLUTE
    __ARM_use_no_argv                        0x00000000   Number         0  main.o ABSOLUTE
    _printf_a                                0x00000000   Number         0  stubs.o ABSOLUTE
    _printf_c                                0x00000000   Number         0  stubs.o ABSOLUTE
    _printf_charcount                        0x00000000   Number         0  stubs.o ABSOLUTE
    _printf_d                                0x00000000   Number         0  stubs.o ABSOLUTE
    _printf_e                                0x00000000   Number         0  stubs.o ABSOLUTE
    _printf_f                                0x00000000   Number         0  stubs.o ABSOLUTE
    _printf_flags                            0x00000000   Number         0  stubs.o ABSOLUTE
    _printf_fp_dec                           0x00000000   Number         0  stubs.o ABSOLUTE
    _printf_fp_hex                           0x00000000   Number         0  stubs.o ABSOLUTE
    _printf_g                                0x00000000   Number         0  stubs.o ABSOLUTE
    _printf_i                                0x00000000   Number         0  stubs.o ABSOLUTE
    _printf_int_dec                          0x00000000   Number         0  stubs.o ABSOLUTE
    _printf_l                                0x00000000   Number         0  stubs.o ABSOLUTE
    _printf_lc                               0x00000000   Number         0  stubs.o ABSOLUTE
    _printf_ll                               0x00000000   Number         0  stubs.o ABSOLUTE
    _printf_lld                              0x00000000   Number         0  stubs.o ABSOLUTE
    _printf_lli                              0x00000000   Number         0  stubs.o ABSOLUTE
    _printf_llo                              0x00000000   Number         0  stubs.o ABSOLUTE
    _printf_llu                              0x00000000   Number         0  stubs.o ABSOLUTE
    _printf_llx                              0x00000000   Number         0  stubs.o ABSOLUTE
    _printf_longlong_dec                     0x00000000   Number         0  stubs.o ABSOLUTE
    _printf_longlong_hex                     0x00000000   Number         0  stubs.o ABSOLUTE
    _printf_longlong_oct                     0x00000000   Number         0  stubs.o ABSOLUTE
    _printf_ls                               0x00000000   Number         0  stubs.o ABSOLUTE
    _printf_mbtowc                           0x00000000   Number         0  stubs.o ABSOLUTE
    _printf_n                                0x00000000   Number         0  stubs.o ABSOLUTE
    _printf_o                                0x00000000   Number         0  stubs.o ABSOLUTE
    _printf_p                                0x00000000   Number         0  stubs.o ABSOLUTE
    _printf_percent                          0x00000000   Number         0  stubs.o ABSOLUTE
    _printf_pre_padding                      0x00000000   Number         0  stubs.o ABSOLUTE
    _printf_return_value                     0x00000000   Number         0  stubs.o ABSOLUTE
    _printf_s                                0x00000000   Number         0  stubs.o ABSOLUTE
    _printf_sizespec                         0x00000000   Number         0  stubs.o ABSOLUTE
    _printf_str                              0x00000000   Number         0  stubs.o ABSOLUTE
    _printf_truncate_signed                  0x00000000   Number         0  stubs.o ABSOLUTE
    _printf_truncate_unsigned                0x00000000   Number         0  stubs.o ABSOLUTE
    _printf_u                                0x00000000   Number         0  stubs.o ABSOLUTE
    _printf_wc                               0x00000000   Number         0  stubs.o ABSOLUTE
    _printf_wctomb                           0x00000000   Number         0  stubs.o ABSOLUTE
    _printf_widthprec                        0x00000000   Number         0  stubs.o ABSOLUTE
    _printf_x                                0x00000000   Number         0  stubs.o ABSOLUTE
    __cpp_initialize__aeabi_                  - Undefined Weak Reference
    __cxa_finalize                            - Undefined Weak Reference
    __decompress                              - Undefined Weak Reference
    _clock_init                               - Undefined Weak Reference
    _microlib_exit                            - Undefined Weak Reference
    __Vectors_Size                           0x00000194   Number         0  startup_stm32f401xc.o ABSOLUTE
    __Vectors                                0x08000000   Data           4  startup_stm32f401xc.o(RESET)
    __Vectors_End                            0x08000194   Data           0  startup_stm32f401xc.o(RESET)
    __main                                   0x08000195   Thumb Code     0  entry.o(.ARM.Collect$$$$00000000)
    _main_stk                                0x08000195   Thumb Code     0  entry2.o(.ARM.Collect$$$$00000001)
    _main_scatterload                        0x08000199   Thumb Code     0  entry5.o(.ARM.Collect$$$$00000004)
    __main_after_scatterload                 0x0800019d   Thumb Code     0  entry5.o(.ARM.Collect$$$$00000004)
    _main_clock                              0x0800019d   Thumb Code     0  entry7b.o(.ARM.Collect$$$$00000008)
    _main_cpp_init                           0x0800019d   Thumb Code     0  entry8b.o(.ARM.Collect$$$$0000000A)
    _main_init                               0x0800019d   Thumb Code     0  entry9a.o(.ARM.Collect$$$$0000000B)
    __rt_final_cpp                           0x080001a5   Thumb Code     0  entry10a.o(.ARM.Collect$$$$0000000D)
    __rt_final_exit                          0x080001a5   Thumb Code     0  entry11a.o(.ARM.Collect$$$$0000000F)
    Reset_Handler                            0x080001a9   Thumb Code     8  startup_stm32f401xc.o(.text)
    ADC_IRQHandler                           0x080001c3   Thumb Code     0  startup_stm32f401xc.o(.text)
    DMA1_Stream0_IRQHandler                  0x080001c3   Thumb Code     0  startup_stm32f401xc.o(.text)
    DMA1_Stream1_IRQHandler                  0x080001c3   Thumb Code     0  startup_stm32f401xc.o(.text)
    DMA1_Stream2_IRQHandler                  0x080001c3   Thumb Code     0  startup_stm32f401xc.o(.text)
    DMA1_Stream3_IRQHandler                  0x080001c3   Thumb Code     0  startup_stm32f401xc.o(.text)
    DMA1_Stream4_IRQHandler                  0x080001c3   Thumb Code     0  startup_stm32f401xc.o(.text)
    DMA1_Stream5_IRQHandler                  0x080001c3   Thumb Code     0  startup_stm32f401xc.o(.text)
    DMA1_Stream6_IRQHandler                  0x080001c3   Thumb Code     0  startup_stm32f401xc.o(.text)
    DMA1_Stream7_IRQHandler                  0x080001c3   Thumb Code     0  startup_stm32f401xc.o(.text)
    DMA2_Stream0_IRQHandler                  0x080001c3   Thumb Code     0  startup_stm32f401xc.o(.text)
    DMA2_Stream1_IRQHandler                  0x080001c3   Thumb Code     0  startup_stm32f401xc.o(.text)
    DMA2_Stream2_IRQHandler                  0x080001c3   Thumb Code     0  startup_stm32f401xc.o(.text)
    DMA2_Stream3_IRQHandler                  0x080001c3   Thumb Code     0  startup_stm32f401xc.o(.text)
    DMA2_Stream4_IRQHandler                  0x080001c3   Thumb Code     0  startup_stm32f401xc.o(.text)
    DMA2_Stream5_IRQHandler                  0x080001c3   Thumb Code     0  startup_stm32f401xc.o(.text)
    DMA2_Stream6_IRQHandler                  0x080001c3   Thumb Code     0  startup_stm32f401xc.o(.text)
    DMA2_Stream7_IRQHandler                  0x080001c3   Thumb Code     0  startup_stm32f401xc.o(.text)
    EXTI0_IRQHandler                         0x080001c3   Thumb Code     0  startup_stm32f401xc.o(.text)
    EXTI15_10_IRQHandler                     0x080001c3   Thumb Code     0  startup_stm32f401xc.o(.text)
    EXTI1_IRQHandler                         0x080001c3   Thumb Code     0  startup_stm32f401xc.o(.text)
    EXTI2_IRQHandler                         0x080001c3   Thumb Code     0  startup_stm32f401xc.o(.text)
    EXTI4_IRQHandler                         0x080001c3   Thumb Code     0  startup_stm32f401xc.o(.text)
    EXTI9_5_IRQHandler                       0x080001c3   Thumb Code     0  startup_stm32f401xc.o(.text)
    FLASH_IRQHandler                         0x080001c3   Thumb Code     0  startup_stm32f401xc.o(.text)
    FPU_IRQHandler                           0x080001c3   Thumb Code     0  startup_stm32f401xc.o(.text)
    I2C1_ER_IRQHandler                       0x080001c3   Thumb Code     0  startup_stm32f401xc.o(.text)
    I2C1_EV_IRQHandler                       0x080001c3   Thumb Code     0  startup_stm32f401xc.o(.text)
    I2C2_ER_IRQHandler                       0x080001c3   Thumb Code     0  startup_stm32f401xc.o(.text)
    I2C2_EV_IRQHandler                       0x080001c3   Thumb Code     0  startup_stm32f401xc.o(.text)
    I2C3_ER_IRQHandler                       0x080001c3   Thumb Code     0  startup_stm32f401xc.o(.text)
    I2C3_EV_IRQHandler                       0x080001c3   Thumb Code     0  startup_stm32f401xc.o(.text)
    OTG_FS_IRQHandler                        0x080001c3   Thumb Code     0  startup_stm32f401xc.o(.text)
    OTG_FS_WKUP_IRQHandler                   0x080001c3   Thumb Code     0  startup_stm32f401xc.o(.text)
    PVD_IRQHandler                           0x080001c3   Thumb Code     0  startup_stm32f401xc.o(.text)
    RCC_IRQHandler                           0x080001c3   Thumb Code     0  startup_stm32f401xc.o(.text)
    RTC_Alarm_IRQHandler                     0x080001c3   Thumb Code     0  startup_stm32f401xc.o(.text)
    RTC_WKUP_IRQHandler                      0x080001c3   Thumb Code     0  startup_stm32f401xc.o(.text)
    SDIO_IRQHandler                          0x080001c3   Thumb Code     0  startup_stm32f401xc.o(.text)
    SPI1_IRQHandler                          0x080001c3   Thumb Code     0  startup_stm32f401xc.o(.text)
    SPI2_IRQHandler                          0x080001c3   Thumb Code     0  startup_stm32f401xc.o(.text)
    SPI3_IRQHandler                          0x080001c3   Thumb Code     0  startup_stm32f401xc.o(.text)
    SPI4_IRQHandler                          0x080001c3   Thumb Code     0  startup_stm32f401xc.o(.text)
    TAMP_STAMP_IRQHandler                    0x080001c3   Thumb Code     0  startup_stm32f401xc.o(.text)
    TIM1_BRK_TIM9_IRQHandler                 0x080001c3   Thumb Code     0  startup_stm32f401xc.o(.text)
    TIM1_CC_IRQHandler                       0x080001c3   Thumb Code     0  startup_stm32f401xc.o(.text)
    TIM1_TRG_COM_TIM11_IRQHandler            0x080001c3   Thumb Code     0  startup_stm32f401xc.o(.text)
    TIM1_UP_TIM10_IRQHandler                 0x080001c3   Thumb Code     0  startup_stm32f401xc.o(.text)
    TIM2_IRQHandler                          0x080001c3   Thumb Code     0  startup_stm32f401xc.o(.text)
    TIM3_IRQHandler                          0x080001c3   Thumb Code     0  startup_stm32f401xc.o(.text)
    TIM4_IRQHandler                          0x080001c3   Thumb Code     0  startup_stm32f401xc.o(.text)
    TIM5_IRQHandler                          0x080001c3   Thumb Code     0  startup_stm32f401xc.o(.text)
    USART1_IRQHandler                        0x080001c3   Thumb Code     0  startup_stm32f401xc.o(.text)
    USART2_IRQHandler                        0x080001c3   Thumb Code     0  startup_stm32f401xc.o(.text)
    USART6_IRQHandler                        0x080001c3   Thumb Code     0  startup_stm32f401xc.o(.text)
    WWDG_IRQHandler                          0x080001c3   Thumb Code     0  startup_stm32f401xc.o(.text)
    __aeabi_uldivmod                         0x080001cd   Thumb Code    98  uldiv.o(.text)
    __aeabi_memcpy                           0x0800022f   Thumb Code    36  memcpya.o(.text)
    __aeabi_memcpy4                          0x0800022f   Thumb Code     0  memcpya.o(.text)
    __aeabi_memcpy8                          0x0800022f   Thumb Code     0  memcpya.o(.text)
    __aeabi_memset                           0x08000253   Thumb Code    14  memseta.o(.text)
    __aeabi_memset4                          0x08000253   Thumb Code     0  memseta.o(.text)
    __aeabi_memset8                          0x08000253   Thumb Code     0  memseta.o(.text)
    __aeabi_memclr                           0x08000261   Thumb Code     4  memseta.o(.text)
    __aeabi_memclr4                          0x08000261   Thumb Code     0  memseta.o(.text)
    __aeabi_memclr8                          0x08000261   Thumb Code     0  memseta.o(.text)
    _memset$wrapper                          0x08000265   Thumb Code    18  memseta.o(.text)
    __aeabi_uidiv                            0x08000277   Thumb Code     0  uidiv.o(.text)
    __aeabi_uidivmod                         0x08000277   Thumb Code    44  uidiv.o(.text)
    __aeabi_llsl                             0x080002a3   Thumb Code    30  llshl.o(.text)
    _ll_shift_l                              0x080002a3   Thumb Code     0  llshl.o(.text)
    __aeabi_llsr                             0x080002c1   Thumb Code    32  llushr.o(.text)
    _ll_ushift_r                             0x080002c1   Thumb Code     0  llushr.o(.text)
    __I$use$fp                               0x080002e1   Thumb Code     0  iusefp.o(.text)
    __scatterload                            0x080002e1   Thumb Code    28  init.o(.text)
    __scatterload_rt2                        0x080002e1   Thumb Code     0  init.o(.text)
    __I$use$semihosting$fputc                0x08000305   Thumb Code     0  iusesemip.o(.text)
    __semihosting_library_function           0x08000305   Thumb Code     0  semi.o(.text)
    BusFault_Handler                         0x0800042d   Thumb Code     2  stm32f4xx_it.o(i.BusFault_Handler)
    DebugMon_Handler                         0x080004ad   Thumb Code     2  stm32f4xx_it.o(i.DebugMon_Handler)
    EC11_ScanButton                          0x080004b1   Thumb Code    44  bsp_ec11.o(i.EC11_ScanButton)
    EC11_getButtonFlag                       0x080004e5   Thumb Code    18  bsp_ec11.o(i.EC11_getButtonFlag)
    EC11_getCount                            0x080004fd   Thumb Code     6  bsp_ec11.o(i.EC11_getCount)
    EXTI3_IRQHandler                         0x08000509   Thumb Code    78  bsp_ec11.o(i.EXTI3_IRQHandler)
    Error_Handler                            0x08000565   Thumb Code     4  main.o(i.Error_Handler)
    HAL_ADC_ConfigChannel                    0x08000569   Thumb Code   316  stm32f4xx_hal_adc.o(i.HAL_ADC_ConfigChannel)
    HAL_ADC_Init                             0x080006b5   Thumb Code    84  stm32f4xx_hal_adc.o(i.HAL_ADC_Init)
    HAL_ADC_MspInit                          0x08000709   Thumb Code    84  adc.o(i.HAL_ADC_MspInit)
    HAL_DMA_Init                             0x08000769   Thumb Code   206  stm32f4xx_hal_dma.o(i.HAL_DMA_Init)
    HAL_Delay                                0x0800083d   Thumb Code    32  stm32f4xx_hal.o(i.HAL_Delay)
    HAL_GPIO_Init                            0x08000861   Thumb Code   444  stm32f4xx_hal_gpio.o(i.HAL_GPIO_Init)
    HAL_GPIO_ReadPin                         0x08000a3d   Thumb Code    10  stm32f4xx_hal_gpio.o(i.HAL_GPIO_ReadPin)
    HAL_GPIO_TogglePin                       0x08000a47   Thumb Code    16  stm32f4xx_hal_gpio.o(i.HAL_GPIO_TogglePin)
    HAL_GPIO_WritePin                        0x08000a57   Thumb Code    10  stm32f4xx_hal_gpio.o(i.HAL_GPIO_WritePin)
    HAL_GetTick                              0x08000a61   Thumb Code     6  stm32f4xx_hal.o(i.HAL_GetTick)
    HAL_IncTick                              0x08000a6d   Thumb Code    12  stm32f4xx_hal.o(i.HAL_IncTick)
    HAL_Init                                 0x08000a7d   Thumb Code    48  stm32f4xx_hal.o(i.HAL_Init)
    HAL_InitTick                             0x08000ab1   Thumb Code    54  stm32f4xx_hal.o(i.HAL_InitTick)
    HAL_MspInit                              0x08000af1   Thumb Code    48  stm32f4xx_hal_msp.o(i.HAL_MspInit)
    HAL_NVIC_EnableIRQ                       0x08000b25   Thumb Code    26  stm32f4xx_hal_cortex.o(i.HAL_NVIC_EnableIRQ)
    HAL_NVIC_SetPriority                     0x08000b41   Thumb Code    60  stm32f4xx_hal_cortex.o(i.HAL_NVIC_SetPriority)
    HAL_NVIC_SetPriorityGrouping             0x08000b81   Thumb Code    26  stm32f4xx_hal_cortex.o(i.HAL_NVIC_SetPriorityGrouping)
    HAL_RCC_ClockConfig                      0x08000ba5   Thumb Code   288  stm32f4xx_hal_rcc.o(i.HAL_RCC_ClockConfig)
    HAL_RCC_GetPCLK1Freq                     0x08000cd9   Thumb Code    20  stm32f4xx_hal_rcc.o(i.HAL_RCC_GetPCLK1Freq)
    HAL_RCC_GetPCLK2Freq                     0x08000cf9   Thumb Code    20  stm32f4xx_hal_rcc.o(i.HAL_RCC_GetPCLK2Freq)
    HAL_RCC_GetSysClockFreq                  0x08000d19   Thumb Code    88  stm32f4xx_hal_rcc.o(i.HAL_RCC_GetSysClockFreq)
    HAL_RCC_OscConfig                        0x08000d7d   Thumb Code   856  stm32f4xx_hal_rcc.o(i.HAL_RCC_OscConfig)
    HAL_SPI_Init                             0x080010e9   Thumb Code   188  stm32f4xx_hal_spi.o(i.HAL_SPI_Init)
    HAL_SPI_MspInit                          0x080011a5   Thumb Code   216  spi.o(i.HAL_SPI_MspInit)
    HAL_SYSTICK_Config                       0x08001299   Thumb Code    40  stm32f4xx_hal_cortex.o(i.HAL_SYSTICK_Config)
    HAL_TIMEx_MasterConfigSynchronization    0x080012c1   Thumb Code   104  stm32f4xx_hal_tim_ex.o(i.HAL_TIMEx_MasterConfigSynchronization)
    HAL_TIM_MspPostInit                      0x0800133d   Thumb Code    70  tim.o(i.HAL_TIM_MspPostInit)
    HAL_TIM_PWM_ConfigChannel                0x08001391   Thumb Code   198  stm32f4xx_hal_tim.o(i.HAL_TIM_PWM_ConfigChannel)
    HAL_TIM_PWM_Init                         0x08001457   Thumb Code    90  stm32f4xx_hal_tim.o(i.HAL_TIM_PWM_Init)
    HAL_TIM_PWM_MspInit                      0x080014b1   Thumb Code    50  tim.o(i.HAL_TIM_PWM_MspInit)
    HAL_UART_Init                            0x080014ed   Thumb Code    98  stm32f4xx_hal_uart.o(i.HAL_UART_Init)
    HAL_UART_MspInit                         0x08001551   Thumb Code   278  usart.o(i.HAL_UART_MspInit)
    HardFault_Handler                        0x08001681   Thumb Code     2  stm32f4xx_it.o(i.HardFault_Handler)
    IINCHIP_READ                             0x08001683   Thumb Code    52  w5500_conf.o(i.IINCHIP_READ)
    IINCHIP_SpiSendData                      0x080016b7   Thumb Code     4  w5500_conf.o(i.IINCHIP_SpiSendData)
    IINCHIP_WRITE                            0x080016bb   Thumb Code    56  w5500_conf.o(i.IINCHIP_WRITE)
    LCD_Address_Set                          0x080016f3   Thumb Code    66  bsp_lcd_init.o(i.LCD_Address_Set)
    LCD_DrawLine                             0x08001735   Thumb Code   156  bsp_lcd.o(i.LCD_DrawLine)
    LCD_DrawPoint                            0x080017d1   Thumb Code    22  bsp_lcd.o(i.LCD_DrawPoint)
    LCD_Fill                                 0x080017e9   Thumb Code   100  bsp_lcd.o(i.LCD_Fill)
    LCD_Init                                 0x08001859   Thumb Code   512  bsp_lcd_init.o(i.LCD_Init)
    LCD_ShowChar                             0x08001a5d   Thumb Code   252  bsp_lcd.o(i.LCD_ShowChar)
    LCD_ShowFloatNum1                        0x08001b69   Thumb Code   238  bsp_lcd.o(i.LCD_ShowFloatNum1)
    LCD_ShowIntNum                           0x08001c57   Thumb Code   182  bsp_lcd.o(i.LCD_ShowIntNum)
    LCD_ShowPicture                          0x08001d0d   Thumb Code    44  bsp_lcd.o(i.LCD_ShowPicture)
    LCD_ShowString                           0x08001d39   Thumb Code    58  bsp_lcd.o(i.LCD_ShowString)
    LCD_WR_DATA                              0x08001d73   Thumb Code    20  bsp_lcd_init.o(i.LCD_WR_DATA)
    LCD_WR_REG                               0x08001d89   Thumb Code    36  bsp_lcd_init.o(i.LCD_WR_REG)
    LCD_Writ_Bus                             0x08001db1   Thumb Code    56  bsp_lcd_init.o(i.LCD_Writ_Bus)
    MX_ADC1_Init                             0x08001df5   Thumb Code    86  adc.o(i.MX_ADC1_Init)
    MX_DMA_Init                              0x08001e59   Thumb Code    72  dma.o(i.MX_DMA_Init)
    MX_GPIO_Init                             0x08001ea5   Thumb Code   364  gpio.o(i.MX_GPIO_Init)
    MX_SPI1_Init                             0x08002029   Thumb Code    62  spi.o(i.MX_SPI1_Init)
    MX_SPI2_Init                             0x08002071   Thumb Code    56  spi.o(i.MX_SPI2_Init)
    MX_TIM4_Init                             0x080020b1   Thumb Code   152  tim.o(i.MX_TIM4_Init)
    MX_USART1_UART_Init                      0x08002151   Thumb Code    48  usart.o(i.MX_USART1_UART_Init)
    MX_USART6_UART_Init                      0x08002189   Thumb Code    48  usart.o(i.MX_USART6_UART_Init)
    MemManage_Handler                        0x080021c1   Thumb Code     2  stm32f4xx_it.o(i.MemManage_Handler)
    NMI_Handler                              0x080021c3   Thumb Code     2  stm32f4xx_it.o(i.NMI_Handler)
    PendSV_Handler                           0x080021c5   Thumb Code     2  stm32f4xx_it.o(i.PendSV_Handler)
    Rx_udp                                   0x080021c9   Thumb Code  1380  udp_demo.o(i.Rx_udp)
    SPI1_LCD_ReInit                          0x08002739   Thumb Code    76  bsp_lcd_init.o(i.SPI1_LCD_ReInit)
    SPI_SendByte                             0x0800278d   Thumb Code    38  w5500_conf.o(i.SPI_SendByte)
    SVC_Handler                              0x080027bd   Thumb Code     2  stm32f4xx_it.o(i.SVC_Handler)
    SysTick_Handler                          0x080027bf   Thumb Code     4  stm32f4xx_it.o(i.SysTick_Handler)
    SystemClock_Config                       0x080027c5   Thumb Code   140  main.o(i.SystemClock_Config)
    SystemInit                               0x08002859   Thumb Code    22  system_stm32f4xx.o(i.SystemInit)
    TIM_Base_SetConfig                       0x08002875   Thumb Code   122  stm32f4xx_hal_tim.o(i.TIM_Base_SetConfig)
    TIM_OC2_SetConfig                        0x0800295d   Thumb Code    84  stm32f4xx_hal_tim.o(i.TIM_OC2_SetConfig)
    Tx_udp                                   0x08002a51   Thumb Code    72  udp_demo.o(i.Tx_udp)
    UsageFault_Handler                       0x08002ba9   Thumb Code     2  stm32f4xx_it.o(i.UsageFault_Handler)
    __0printf$1                              0x08002bad   Thumb Code    22  printf1.o(i.__0printf$1)
    __1printf$1                              0x08002bad   Thumb Code     0  printf1.o(i.__0printf$1)
    __2printf                                0x08002bad   Thumb Code     0  printf1.o(i.__0printf$1)
    __ARM_fpclassifyf                        0x08002bcd   Thumb Code    38  fpclassifyf.o(i.__ARM_fpclassifyf)
    __hardfp_atan2f                          0x08002c15   Thumb Code   502  atan2f.o(i.__hardfp_atan2f)
    __mathlib_flt_infnan2                    0x08002e65   Thumb Code     6  funder.o(i.__mathlib_flt_infnan2)
    __mathlib_flt_underflow                  0x08002e6d   Thumb Code    10  funder.o(i.__mathlib_flt_underflow)
    __scatterload_copy                       0x08002e7d   Thumb Code    14  handlers.o(i.__scatterload_copy)
    __scatterload_null                       0x08002e8b   Thumb Code     2  handlers.o(i.__scatterload_null)
    __scatterload_zeroinit                   0x08002e8d   Thumb Code    14  handlers.o(i.__scatterload_zeroinit)
    appInit                                  0x08002ff1   Thumb Code   108  appmain.o(i.appInit)
    appMain                                  0x0800307d   Thumb Code   118  appmain.o(i.appMain)
    close                                    0x08003115   Thumb Code    48  socket.o(i.close)
    delay_us                                 0x08003145   Thumb Code    16  w5500_conf.o(i.delay_us)
    fputc                                    0x08003155   Thumb Code    18  fputc.o(i.fputc)
    getGAR                                   0x08003167   Thumb Code    10  w5500.o(i.getGAR)
    getIINCHIP_TxMAX                         0x08003171   Thumb Code     8  w5500.o(i.getIINCHIP_TxMAX)
    getSIPR                                  0x0800317d   Thumb Code    12  w5500.o(i.getSIPR)
    getSUBR                                  0x08003189   Thumb Code    12  w5500.o(i.getSUBR)
    getSn_IR                                 0x08003195   Thumb Code    12  w5500.o(i.getSn_IR)
    getSn_RX_RSR                             0x080031a1   Thumb Code    76  w5500.o(i.getSn_RX_RSR)
    getSn_SR                                 0x080031ed   Thumb Code    12  w5500.o(i.getSn_SR)
    main                                     0x080031f9   Thumb Code    50  main.o(i.main)
    menuInit                                 0x0800322b   Thumb Code    16  menu.o(i.menuInit)
    menuRefresh                              0x0800323b   Thumb Code    16  menu.o(i.menuRefresh)
    menuRefreshFlagSet                       0x0800324b   Thumb Code     6  menu.o(i.menuRefreshFlagSet)
    menuReturn                               0x08003251   Thumb Code    34  menu.o(i.menuReturn)
    menuSkip                                 0x08003275   Thumb Code    74  menu.o(i.menuSkip)
    menu_main                                0x080032c1   Thumb Code  1572  appmenu.o(i.menu_main)
    menu_osc                                 0x08003905   Thumb Code   544  appmenu.o(i.menu_osc)
    mypow                                    0x08003b4d   Thumb Code    16  bsp_lcd.o(i.mypow)
    osc_init                                 0x08003b5d   Thumb Code   130  oscilloscope.o(i.osc_init)
    osc_refresh                              0x08003be5   Thumb Code   264  oscilloscope.o(i.osc_refresh)
    osc_y_boundary_set                       0x08003cf5   Thumb Code    44  oscilloscope.o(i.osc_y_boundary_set)
    recvfrom                                 0x08003d25   Thumb Code   358  socket.o(i.recvfrom)
    reset_w5500                              0x08003ea5   Thumb Code    46  w5500_conf.o(i.reset_w5500)
    send_data_processing                     0x08003ed9   Thumb Code   104  w5500.o(i.send_data_processing)
    sendto                                   0x08003f61   Thumb Code   226  socket.o(i.sendto)
    setGAR                                   0x08004043   Thumb Code    10  w5500.o(i.setGAR)
    setSHAR                                  0x0800404d   Thumb Code    12  w5500.o(i.setSHAR)
    setSIPR                                  0x08004059   Thumb Code    12  w5500.o(i.setSIPR)
    setSUBR                                  0x08004065   Thumb Code    12  w5500.o(i.setSUBR)
    setSn_IR                                 0x08004071   Thumb Code    12  w5500.o(i.setSn_IR)
    set_w5500_ip                             0x0800407d   Thumb Code    94  w5500_conf.o(i.set_w5500_ip)
    set_w5500_mac                            0x080040e5   Thumb Code    16  w5500_conf.o(i.set_w5500_mac)
    socket                                   0x080040fd   Thumb Code   144  socket.o(i.socket)
    socket_buf_init                          0x08004191   Thumb Code   128  w5500.o(i.socket_buf_init)
    spi1DMASendByte                          0x08004215   Thumb Code   222  bsp_lcd.o(i.spi1DMASendByte)
    spi1DMASendHalfWord                      0x08004319   Thumb Code   228  bsp_lcd.o(i.spi1DMASendHalfWord)
    spi1_Init                                0x08004425   Thumb Code    24  bsp_spi.o(i.spi1_Init)
    wiz_cs                                   0x08004441   Thumb Code    24  w5500_conf.o(i.wiz_cs)
    wiz_read_buf                             0x0800445d   Thumb Code    72  w5500_conf.o(i.wiz_read_buf)
    wiz_write_buf                            0x080044a5   Thumb Code    74  w5500_conf.o(i.wiz_write_buf)
    AHBPrescTable                            0x080044f6   Data          16  system_stm32f4xx.o(.constdata)
    APBPrescTable                            0x08004506   Data           8  system_stm32f4xx.o(.constdata)
    ascii_1206                               0x0800450e   Data        1140  bsp_lcd.o(.constdata)
    ascii_1608                               0x08004982   Data        1520  bsp_lcd.o(.constdata)
    ascii_2412                               0x08004f72   Data        4560  bsp_lcd.o(.constdata)
    ascii_3216                               0x08006142   Data        6080  bsp_lcd.o(.constdata)
    tfont12                                  0x08007902   Data         130  bsp_lcd.o(.constdata)
    tfont16                                  0x08007984   Data         170  bsp_lcd.o(.constdata)
    tfont24                                  0x08007a2e   Data         370  bsp_lcd.o(.constdata)
    tfont32                                  0x08007ba0   Data         650  bsp_lcd.o(.constdata)
    Region$$Table$$Base                      0x08007e2c   Number         0  anon$$obj.o(Region$$Table)
    Region$$Table$$Limit                     0x08007e4c   Number         0  anon$$obj.o(Region$$Table)
    uwTickFreq                               0x20000000   Data           1  stm32f4xx_hal.o(.data)
    uwTickPrio                               0x20000004   Data           4  stm32f4xx_hal.o(.data)
    uwTick                                   0x20000008   Data           4  stm32f4xx_hal.o(.data)
    SystemCoreClock                          0x2000000c   Data           4  system_stm32f4xx.o(.data)
    DMAsendingFlag                           0x20000010   Data           1  bsp_lcd.o(.data)
    color_fill                               0x20000012   Data           2  bsp_lcd.o(.data)
    CS_pin                                   0x20000014   Data           2  bsp_lcd_init.o(.data)
    CS_port                                  0x20000018   Data           4  bsp_lcd_init.o(.data)
    button_flag                              0x2000001d   Data           1  bsp_ec11.o(.data)
    ec11_num                                 0x20000020   Data           4  bsp_ec11.o(.data)
    Last_EXTI3_Tim                           0x20000024   Data           4  bsp_ec11.o(.data)
    txsize                                   0x20000028   Data           8  w5500.o(.data)
    rxsize                                   0x20000030   Data           8  w5500.o(.data)
    local_ip                                 0x20000038   Data           4  w5500_conf.o(.data)
    subnet                                   0x2000003c   Data           4  w5500_conf.o(.data)
    gateway                                  0x20000040   Data           4  w5500_conf.o(.data)
    dns_server                               0x20000044   Data           4  w5500_conf.o(.data)
    mac                                      0x20000048   Data           6  w5500_conf.o(.data)
    local_port                               0x2000004e   Data           2  w5500_conf.o(.data)
    remote_ip                                0x20000050   Data           4  w5500_conf.o(.data)
    remote_port                              0x20000054   Data           2  w5500_conf.o(.data)
    ledTick                                  0x20000058   Data           4  appmain.o(.data)
    lcdTick                                  0x2000005c   Data           4  appmain.o(.data)
    ec11Tick                                 0x20000060   Data           4  appmain.o(.data)
    start_measure_flag                       0x20000064   Data           1  appmenu.o(.data)
    beep_flag                                0x20000065   Data           1  appmenu.o(.data)
    anolog_mode                              0x20000066   Data           1  appmenu.o(.data)
    line_cursor                              0x2000006b   Data           1  appmenu.o(.data)
    start_buf                                0x2000006c   Data           3  appmenu.o(.data)
    done_buf                                 0x2000006f   Data           3  appmenu.o(.data)
    Bin_buf                                  0x20000072   Data           3  appmenu.o(.data)
    Osc_on_buf                               0x20000075   Data           3  appmenu.o(.data)
    Osc_off_buf                              0x20000078   Data           3  appmenu.o(.data)
    measure_tick                             0x2000007c   Data           4  appmenu.o(.data)
    beep_tick                                0x20000080   Data           4  appmenu.o(.data)
    osc_x                                    0x20000084   Data           4  appmenu.o(.data)
    ang_rx_count                             0x20000090   Data           1  udp_demo.o(.data)
    udp_establish_flag                       0x20000091   Data           1  udp_demo.o(.data)
    c1_len_rx_count                          0x20000092   Data           1  udp_demo.o(.data)
    c2_len_rx_count                          0x20000093   Data           1  udp_demo.o(.data)
    ang_measure_done_flag                    0x20000094   Data           1  udp_demo.o(.data)
    c1_len_measure_done_flag                 0x20000095   Data           1  udp_demo.o(.data)
    c2_len_measure_done_flag                 0x20000096   Data           1  udp_demo.o(.data)
    x1_max                                   0x20000098   Data           2  udp_demo.o(.data)
    x2_max                                   0x2000009a   Data           2  udp_demo.o(.data)
    angle                                    0x2000009c   Data           4  udp_demo.o(.data)
    angle_raw                                0x200000a0   Data           4  udp_demo.o(.data)
    c1_length_raw                            0x200000a4   Data           4  udp_demo.o(.data)
    c2_length_raw                            0x200000a8   Data           4  udp_demo.o(.data)
    c1_length                                0x200000ac   Data           4  udp_demo.o(.data)
    c2_length                                0x200000b0   Data           4  udp_demo.o(.data)
    c1_max_tick                              0x200000b4   Data           4  udp_demo.o(.data)
    c2_max_tick                              0x200000b8   Data           4  udp_demo.o(.data)
    c1_ip                                    0x200000bc   Data           4  udp_demo.o(.data)
    c2_ip                                    0x200000c0   Data           4  udp_demo.o(.data)
    __stdout                                 0x200000cc   Data           4  stdout.o(.data)
    hadc1                                    0x200000d0   Data          72  adc.o(.bss)
    hspi1                                    0x20000118   Data          88  spi.o(.bss)
    hspi2                                    0x20000170   Data          88  spi.o(.bss)
    hdma_spi1_tx                             0x200001c8   Data          96  spi.o(.bss)
    htim4                                    0x20000228   Data          72  tim.o(.bss)
    huart1                                   0x20000270   Data          68  usart.o(.bss)
    huart6                                   0x200002b4   Data          68  usart.o(.bss)
    hdma_usart1_tx                           0x200002f8   Data          96  usart.o(.bss)
    hdma_usart1_rx                           0x20000358   Data          96  usart.o(.bss)
    SSIZE                                    0x200003b8   Data          16  w5500.o(.bss)
    RSIZE                                    0x200003c8   Data          16  w5500.o(.bss)
    ConfigMsg                                0x200003d8   Data          28  w5500_conf.o(.bss)
    c1_img_Buf                               0x200003f4   Data       26000  appmain.o(.bss)
    c2_img_Buf                               0x20006984   Data       26000  appmain.o(.bss)
    GUI                                      0x2000cf14   Data          92  appmenu.o(.bss)
    osc_win                                  0x2000cf70   Data          44  appmenu.o(.bss)
    angle_buf                                0x2000cf9c   Data          20  udp_demo.o(.bss)
    udp_rx_buf                               0x2000cfb0   Data        8000  udp_demo.o(.bss)
    c1_length_raw_buff                       0x2000eef0   Data          40  udp_demo.o(.bss)
    c2_length_raw_buff                       0x2000ef18   Data          40  udp_demo.o(.bss)
    __initial_sp                             0x2000f340   Data           0  startup_stm32f401xc.o(STACK)



==============================================================================

Memory Map of the image

  Image Entry point : 0x08000195

  Load Region LR_IROM1 (Base: 0x08000000, Size: 0x00007f1c, Max: 0x00040000, ABSOLUTE)

    Execution Region ER_IROM1 (Exec base: 0x08000000, Load base: 0x08000000, Size: 0x00007e4c, Max: 0x00040000, ABSOLUTE)

    Exec Addr    Load Addr    Size         Type   Attr      Idx    E Section Name        Object

    0x08000000   0x08000000   0x00000194   Data   RO         3621    RESET               startup_stm32f401xc.o
    0x08000194   0x08000194   0x00000000   Code   RO         5069  * .ARM.Collect$$$$00000000  mc_w.l(entry.o)
    0x08000194   0x08000194   0x00000004   Code   RO         5361    .ARM.Collect$$$$00000001  mc_w.l(entry2.o)
    0x08000198   0x08000198   0x00000004   Code   RO         5364    .ARM.Collect$$$$00000004  mc_w.l(entry5.o)
    0x0800019c   0x0800019c   0x00000000   Code   RO         5366    .ARM.Collect$$$$00000008  mc_w.l(entry7b.o)
    0x0800019c   0x0800019c   0x00000000   Code   RO         5368    .ARM.Collect$$$$0000000A  mc_w.l(entry8b.o)
    0x0800019c   0x0800019c   0x00000008   Code   RO         5369    .ARM.Collect$$$$0000000B  mc_w.l(entry9a.o)
    0x080001a4   0x080001a4   0x00000000   Code   RO         5371    .ARM.Collect$$$$0000000D  mc_w.l(entry10a.o)
    0x080001a4   0x080001a4   0x00000000   Code   RO         5373    .ARM.Collect$$$$0000000F  mc_w.l(entry11a.o)
    0x080001a4   0x080001a4   0x00000004   Code   RO         5362    .ARM.Collect$$$$00002712  mc_w.l(entry2.o)
    0x080001a8   0x080001a8   0x00000024   Code   RO         3622    .text               startup_stm32f401xc.o
    0x080001cc   0x080001cc   0x00000062   Code   RO         5072    .text               mc_w.l(uldiv.o)
    0x0800022e   0x0800022e   0x00000024   Code   RO         5074    .text               mc_w.l(memcpya.o)
    0x08000252   0x08000252   0x00000024   Code   RO         5076    .text               mc_w.l(memseta.o)
    0x08000276   0x08000276   0x0000002c   Code   RO         5378    .text               mc_w.l(uidiv.o)
    0x080002a2   0x080002a2   0x0000001e   Code   RO         5380    .text               mc_w.l(llshl.o)
    0x080002c0   0x080002c0   0x00000020   Code   RO         5382    .text               mc_w.l(llushr.o)
    0x080002e0   0x080002e0   0x00000000   Code   RO         5391    .text               mc_w.l(iusefp.o)
    0x080002e0   0x080002e0   0x00000024   Code   RO         5404    .text               mc_w.l(init.o)
    0x08000304   0x08000304   0x00000000   Code   RO         5406    .text               mc_w.l(semi.o)
    0x08000304   0x08000304   0x00000000   Code   RO         5409    .text               mc_w.l(iusesemip.o)
    0x08000304   0x08000304   0x00000128   Code   RO          515    i.ADC_Init          stm32f4xx_hal_adc.o
    0x0800042c   0x0800042c   0x00000002   Code   RO          413    i.BusFault_Handler  stm32f4xx_it.o
    0x0800042e   0x0800042e   0x00000002   PAD
    0x08000430   0x08000430   0x00000028   Code   RO         1273    i.DMA_CalcBaseAndBitshift  stm32f4xx_hal_dma.o
    0x08000458   0x08000458   0x00000054   Code   RO         1274    i.DMA_CheckFifoParam  stm32f4xx_hal_dma.o
    0x080004ac   0x080004ac   0x00000002   Code   RO          414    i.DebugMon_Handler  stm32f4xx_it.o
    0x080004ae   0x080004ae   0x00000002   PAD
    0x080004b0   0x080004b0   0x00000034   Code   RO         4137    i.EC11_ScanButton   bsp_ec11.o
    0x080004e4   0x080004e4   0x00000018   Code   RO         4138    i.EC11_getButtonFlag  bsp_ec11.o
    0x080004fc   0x080004fc   0x0000000c   Code   RO         4139    i.EC11_getCount     bsp_ec11.o
    0x08000508   0x08000508   0x0000005c   Code   RO         4140    i.EXTI3_IRQHandler  bsp_ec11.o
    0x08000564   0x08000564   0x00000004   Code   RO            4    i.Error_Handler     main.o
    0x08000568   0x08000568   0x0000014c   Code   RO          517    i.HAL_ADC_ConfigChannel  stm32f4xx_hal_adc.o
    0x080006b4   0x080006b4   0x00000054   Code   RO          526    i.HAL_ADC_Init      stm32f4xx_hal_adc.o
    0x08000708   0x08000708   0x00000060   Code   RO          204    i.HAL_ADC_MspInit   adc.o
    0x08000768   0x08000768   0x000000d4   Code   RO         1282    i.HAL_DMA_Init      stm32f4xx_hal_dma.o
    0x0800083c   0x0800083c   0x00000024   Code   RO         1719    i.HAL_Delay         stm32f4xx_hal.o
    0x08000860   0x08000860   0x000001dc   Code   RO         1169    i.HAL_GPIO_Init     stm32f4xx_hal_gpio.o
    0x08000a3c   0x08000a3c   0x0000000a   Code   RO         1171    i.HAL_GPIO_ReadPin  stm32f4xx_hal_gpio.o
    0x08000a46   0x08000a46   0x00000010   Code   RO         1172    i.HAL_GPIO_TogglePin  stm32f4xx_hal_gpio.o
    0x08000a56   0x08000a56   0x0000000a   Code   RO         1173    i.HAL_GPIO_WritePin  stm32f4xx_hal_gpio.o
    0x08000a60   0x08000a60   0x0000000c   Code   RO         1725    i.HAL_GetTick       stm32f4xx_hal.o
    0x08000a6c   0x08000a6c   0x00000010   Code   RO         1731    i.HAL_IncTick       stm32f4xx_hal.o
    0x08000a7c   0x08000a7c   0x00000034   Code   RO         1732    i.HAL_Init          stm32f4xx_hal.o
    0x08000ab0   0x08000ab0   0x00000040   Code   RO         1733    i.HAL_InitTick      stm32f4xx_hal.o
    0x08000af0   0x08000af0   0x00000034   Code   RO          488    i.HAL_MspInit       stm32f4xx_hal_msp.o
    0x08000b24   0x08000b24   0x0000001a   Code   RO         1582    i.HAL_NVIC_EnableIRQ  stm32f4xx_hal_cortex.o
    0x08000b3e   0x08000b3e   0x00000002   PAD
    0x08000b40   0x08000b40   0x00000040   Code   RO         1588    i.HAL_NVIC_SetPriority  stm32f4xx_hal_cortex.o
    0x08000b80   0x08000b80   0x00000024   Code   RO         1589    i.HAL_NVIC_SetPriorityGrouping  stm32f4xx_hal_cortex.o
    0x08000ba4   0x08000ba4   0x00000134   Code   RO          791    i.HAL_RCC_ClockConfig  stm32f4xx_hal_rcc.o
    0x08000cd8   0x08000cd8   0x00000020   Code   RO          798    i.HAL_RCC_GetPCLK1Freq  stm32f4xx_hal_rcc.o
    0x08000cf8   0x08000cf8   0x00000020   Code   RO          799    i.HAL_RCC_GetPCLK2Freq  stm32f4xx_hal_rcc.o
    0x08000d18   0x08000d18   0x00000064   Code   RO          800    i.HAL_RCC_GetSysClockFreq  stm32f4xx_hal_rcc.o
    0x08000d7c   0x08000d7c   0x0000036c   Code   RO          803    i.HAL_RCC_OscConfig  stm32f4xx_hal_rcc.o
    0x080010e8   0x080010e8   0x000000bc   Code   RO         1981    i.HAL_SPI_Init      stm32f4xx_hal_spi.o
    0x080011a4   0x080011a4   0x000000f4   Code   RO          270    i.HAL_SPI_MspInit   spi.o
    0x08001298   0x08001298   0x00000028   Code   RO         1593    i.HAL_SYSTICK_Config  stm32f4xx_hal_cortex.o
    0x080012c0   0x080012c0   0x0000007c   Code   RO         3017    i.HAL_TIMEx_MasterConfigSynchronization  stm32f4xx_hal_tim_ex.o
    0x0800133c   0x0800133c   0x00000054   Code   RO          317    i.HAL_TIM_MspPostInit  tim.o
    0x08001390   0x08001390   0x000000c6   Code   RO         2366    i.HAL_TIM_PWM_ConfigChannel  stm32f4xx_hal_tim.o
    0x08001456   0x08001456   0x0000005a   Code   RO         2369    i.HAL_TIM_PWM_Init  stm32f4xx_hal_tim.o
    0x080014b0   0x080014b0   0x0000003c   Code   RO          319    i.HAL_TIM_PWM_MspInit  tim.o
    0x080014ec   0x080014ec   0x00000062   Code   RO         3294    i.HAL_UART_Init     stm32f4xx_hal_uart.o
    0x0800154e   0x0800154e   0x00000002   PAD
    0x08001550   0x08001550   0x00000130   Code   RO          366    i.HAL_UART_MspInit  usart.o
    0x08001680   0x08001680   0x00000002   Code   RO          415    i.HardFault_Handler  stm32f4xx_it.o
    0x08001682   0x08001682   0x00000034   Code   RO         4452    i.IINCHIP_READ      w5500_conf.o
    0x080016b6   0x080016b6   0x00000004   Code   RO         4453    i.IINCHIP_SpiSendData  w5500_conf.o
    0x080016ba   0x080016ba   0x00000038   Code   RO         4454    i.IINCHIP_WRITE     w5500_conf.o
    0x080016f2   0x080016f2   0x00000042   Code   RO         4011    i.LCD_Address_Set   bsp_lcd_init.o
    0x08001734   0x08001734   0x0000009c   Code   RO         3876    i.LCD_DrawLine      bsp_lcd.o
    0x080017d0   0x080017d0   0x00000016   Code   RO         3877    i.LCD_DrawPoint     bsp_lcd.o
    0x080017e6   0x080017e6   0x00000002   PAD
    0x080017e8   0x080017e8   0x00000070   Code   RO         3879    i.LCD_Fill          bsp_lcd.o
    0x08001858   0x08001858   0x00000204   Code   RO         4012    i.LCD_Init          bsp_lcd_init.o
    0x08001a5c   0x08001a5c   0x0000010c   Code   RO         3880    i.LCD_ShowChar      bsp_lcd.o
    0x08001b68   0x08001b68   0x000000ee   Code   RO         3886    i.LCD_ShowFloatNum1  bsp_lcd.o
    0x08001c56   0x08001c56   0x000000b6   Code   RO         3887    i.LCD_ShowIntNum    bsp_lcd.o
    0x08001d0c   0x08001d0c   0x0000002c   Code   RO         3888    i.LCD_ShowPicture   bsp_lcd.o
    0x08001d38   0x08001d38   0x0000003a   Code   RO         3889    i.LCD_ShowString    bsp_lcd.o
    0x08001d72   0x08001d72   0x00000014   Code   RO         4013    i.LCD_WR_DATA       bsp_lcd_init.o
    0x08001d86   0x08001d86   0x00000002   PAD
    0x08001d88   0x08001d88   0x00000028   Code   RO         4015    i.LCD_WR_REG        bsp_lcd_init.o
    0x08001db0   0x08001db0   0x00000044   Code   RO         4016    i.LCD_Writ_Bus      bsp_lcd_init.o
    0x08001df4   0x08001df4   0x00000064   Code   RO          205    i.MX_ADC1_Init      adc.o
    0x08001e58   0x08001e58   0x0000004c   Code   RO          245    i.MX_DMA_Init       dma.o
    0x08001ea4   0x08001ea4   0x00000184   Code   RO          179    i.MX_GPIO_Init      gpio.o
    0x08002028   0x08002028   0x00000048   Code   RO          271    i.MX_SPI1_Init      spi.o
    0x08002070   0x08002070   0x00000040   Code   RO          272    i.MX_SPI2_Init      spi.o
    0x080020b0   0x080020b0   0x000000a0   Code   RO          320    i.MX_TIM4_Init      tim.o
    0x08002150   0x08002150   0x00000038   Code   RO          367    i.MX_USART1_UART_Init  usart.o
    0x08002188   0x08002188   0x00000038   Code   RO          368    i.MX_USART6_UART_Init  usart.o
    0x080021c0   0x080021c0   0x00000002   Code   RO          416    i.MemManage_Handler  stm32f4xx_it.o
    0x080021c2   0x080021c2   0x00000002   Code   RO          417    i.NMI_Handler       stm32f4xx_it.o
    0x080021c4   0x080021c4   0x00000002   Code   RO          418    i.PendSV_Handler    stm32f4xx_it.o
    0x080021c6   0x080021c6   0x00000002   PAD
    0x080021c8   0x080021c8   0x00000570   Code   RO         4900    i.Rx_udp            udp_demo.o
    0x08002738   0x08002738   0x00000054   Code   RO         4017    i.SPI1_LCD_ReInit   bsp_lcd_init.o
    0x0800278c   0x0800278c   0x00000030   Code   RO         4455    i.SPI_SendByte      w5500_conf.o
    0x080027bc   0x080027bc   0x00000002   Code   RO          419    i.SVC_Handler       stm32f4xx_it.o
    0x080027be   0x080027be   0x00000004   Code   RO          420    i.SysTick_Handler   stm32f4xx_it.o
    0x080027c2   0x080027c2   0x00000002   PAD
    0x080027c4   0x080027c4   0x00000094   Code   RO            5    i.SystemClock_Config  main.o
    0x08002858   0x08002858   0x0000001c   Code   RO         3630    i.SystemInit        system_stm32f4xx.o
    0x08002874   0x08002874   0x00000098   Code   RO         2387    i.TIM_Base_SetConfig  stm32f4xx_hal_tim.o
    0x0800290c   0x0800290c   0x00000050   Code   RO         2400    i.TIM_OC1_SetConfig  stm32f4xx_hal_tim.o
    0x0800295c   0x0800295c   0x00000058   Code   RO         2401    i.TIM_OC2_SetConfig  stm32f4xx_hal_tim.o
    0x080029b4   0x080029b4   0x00000058   Code   RO         2402    i.TIM_OC3_SetConfig  stm32f4xx_hal_tim.o
    0x08002a0c   0x08002a0c   0x00000044   Code   RO         2403    i.TIM_OC4_SetConfig  stm32f4xx_hal_tim.o
    0x08002a50   0x08002a50   0x0000004c   Code   RO         4901    i.Tx_udp            udp_demo.o
    0x08002a9c   0x08002a9c   0x0000010c   Code   RO         3320    i.UART_SetConfig    stm32f4xx_hal_uart.o
    0x08002ba8   0x08002ba8   0x00000002   Code   RO          421    i.UsageFault_Handler  stm32f4xx_it.o
    0x08002baa   0x08002baa   0x00000002   PAD
    0x08002bac   0x08002bac   0x00000020   Code   RO         5125    i.__0printf$1       mc_w.l(printf1.o)
    0x08002bcc   0x08002bcc   0x00000026   Code   RO         5345    i.__ARM_fpclassifyf  m_wm.l(fpclassifyf.o)
    0x08002bf2   0x08002bf2   0x00000020   Code   RO         1595    i.__NVIC_SetPriority  stm32f4xx_hal_cortex.o
    0x08002c12   0x08002c12   0x00000002   PAD
    0x08002c14   0x08002c14   0x00000250   Code   RO         5057    i.__hardfp_atan2f   m_wm.l(atan2f.o)
    0x08002e64   0x08002e64   0x00000006   Code   RO         5349    i.__mathlib_flt_infnan2  m_wm.l(funder.o)
    0x08002e6a   0x08002e6a   0x00000002   PAD
    0x08002e6c   0x08002e6c   0x00000010   Code   RO         5353    i.__mathlib_flt_underflow  m_wm.l(funder.o)
    0x08002e7c   0x08002e7c   0x0000000e   Code   RO         5414    i.__scatterload_copy  mc_w.l(handlers.o)
    0x08002e8a   0x08002e8a   0x00000002   Code   RO         5415    i.__scatterload_null  mc_w.l(handlers.o)
    0x08002e8c   0x08002e8c   0x0000000e   Code   RO         5416    i.__scatterload_zeroinit  mc_w.l(handlers.o)
    0x08002e9a   0x08002e9a   0x00000002   PAD
    0x08002e9c   0x08002e9c   0x00000154   Code   RO         5132    i._printf_core      mc_w.l(printf1.o)
    0x08002ff0   0x08002ff0   0x0000008c   Code   RO         4641    i.appInit           appmain.o
    0x0800307c   0x0800307c   0x00000098   Code   RO         4642    i.appMain           appmain.o
    0x08003114   0x08003114   0x00000030   Code   RO         4193    i.close             socket.o
    0x08003144   0x08003144   0x00000010   Code   RO         4456    i.delay_us          w5500_conf.o
    0x08003154   0x08003154   0x00000012   Code   RO         5375    i.fputc             mc_w.l(fputc.o)
    0x08003166   0x08003166   0x0000000a   Code   RO         4271    i.getGAR            w5500.o
    0x08003170   0x08003170   0x0000000c   Code   RO         4273    i.getIINCHIP_TxMAX  w5500.o
    0x0800317c   0x0800317c   0x0000000c   Code   RO         4276    i.getSIPR           w5500.o
    0x08003188   0x08003188   0x0000000c   Code   RO         4277    i.getSUBR           w5500.o
    0x08003194   0x08003194   0x0000000c   Code   RO         4278    i.getSn_IR          w5500.o
    0x080031a0   0x080031a0   0x0000004c   Code   RO         4279    i.getSn_RX_RSR      w5500.o
    0x080031ec   0x080031ec   0x0000000c   Code   RO         4280    i.getSn_SR          w5500.o
    0x080031f8   0x080031f8   0x00000032   Code   RO            6    i.main              main.o
    0x0800322a   0x0800322a   0x00000010   Code   RO         3787    i.menuInit          menu.o
    0x0800323a   0x0800323a   0x00000010   Code   RO         3788    i.menuRefresh       menu.o
    0x0800324a   0x0800324a   0x00000006   Code   RO         3789    i.menuRefreshFlagSet  menu.o
    0x08003250   0x08003250   0x00000022   Code   RO         3790    i.menuReturn        menu.o
    0x08003272   0x08003272   0x00000002   PAD
    0x08003274   0x08003274   0x0000004a   Code   RO         3791    i.menuSkip          menu.o
    0x080032be   0x080032be   0x00000002   PAD
    0x080032c0   0x080032c0   0x00000644   Code   RO         4720    i.menu_main         appmenu.o
    0x08003904   0x08003904   0x00000248   Code   RO         4721    i.menu_osc          appmenu.o
    0x08003b4c   0x08003b4c   0x00000010   Code   RO         3890    i.mypow             bsp_lcd.o
    0x08003b5c   0x08003b5c   0x00000088   Code   RO         3667    i.osc_init          oscilloscope.o
    0x08003be4   0x08003be4   0x00000110   Code   RO         3669    i.osc_refresh       oscilloscope.o
    0x08003cf4   0x08003cf4   0x00000030   Code   RO         3670    i.osc_y_boundary_set  oscilloscope.o
    0x08003d24   0x08003d24   0x00000180   Code   RO         4198    i.recvfrom          socket.o
    0x08003ea4   0x08003ea4   0x00000034   Code   RO         4459    i.reset_w5500       w5500_conf.o
    0x08003ed8   0x08003ed8   0x00000088   Code   RO         4284    i.send_data_processing  w5500.o
    0x08003f60   0x08003f60   0x000000e2   Code   RO         4200    i.sendto            socket.o
    0x08004042   0x08004042   0x0000000a   Code   RO         4285    i.setGAR            w5500.o
    0x0800404c   0x0800404c   0x0000000c   Code   RO         4289    i.setSHAR           w5500.o
    0x08004058   0x08004058   0x0000000c   Code   RO         4290    i.setSIPR           w5500.o
    0x08004064   0x08004064   0x0000000c   Code   RO         4291    i.setSUBR           w5500.o
    0x08004070   0x08004070   0x0000000c   Code   RO         4292    i.setSn_IR          w5500.o
    0x0800407c   0x0800407c   0x00000068   Code   RO         4460    i.set_w5500_ip      w5500_conf.o
    0x080040e4   0x080040e4   0x00000018   Code   RO         4461    i.set_w5500_mac     w5500_conf.o
    0x080040fc   0x080040fc   0x00000094   Code   RO         4201    i.socket            socket.o
    0x08004190   0x08004190   0x00000084   Code   RO         4295    i.socket_buf_init   w5500.o
    0x08004214   0x08004214   0x00000104   Code   RO         3891    i.spi1DMASendByte   bsp_lcd.o
    0x08004318   0x08004318   0x0000010c   Code   RO         3892    i.spi1DMASendHalfWord  bsp_lcd.o
    0x08004424   0x08004424   0x0000001c   Code   RO         4082    i.spi1_Init         bsp_spi.o
    0x08004440   0x08004440   0x0000001c   Code   RO         4462    i.wiz_cs            w5500_conf.o
    0x0800445c   0x0800445c   0x00000048   Code   RO         4463    i.wiz_read_buf      w5500_conf.o
    0x080044a4   0x080044a4   0x0000004a   Code   RO         4464    i.wiz_write_buf     w5500_conf.o
    0x080044ee   0x080044ee   0x00000008   Data   RO         1288    .constdata          stm32f4xx_hal_dma.o
    0x080044f6   0x080044f6   0x00000010   Data   RO         3631    .constdata          system_stm32f4xx.o
    0x08004506   0x08004506   0x00000008   Data   RO         3632    .constdata          system_stm32f4xx.o
    0x0800450e   0x0800450e   0x0000391c   Data   RO         3893    .constdata          bsp_lcd.o
    0x08007e2a   0x08007e2a   0x00000002   PAD
    0x08007e2c   0x08007e2c   0x00000020   Data   RO         5412    Region$$Table       anon$$obj.o


    Execution Region RW_IRAM1 (Exec base: 0x20000000, Load base: 0x08007e4c, Size: 0x0000f340, Max: 0x00010000, ABSOLUTE)

    Exec Addr    Load Addr    Size         Type   Attr      Idx    E Section Name        Object

    0x20000000   0x08007e4c   0x0000000c   Data   RW         1739    .data               stm32f4xx_hal.o
    0x2000000c   0x08007e58   0x00000004   Data   RW         3633    .data               system_stm32f4xx.o
    0x20000010   0x08007e5c   0x00000004   Data   RW         3894    .data               bsp_lcd.o
    0x20000014   0x08007e60   0x00000008   Data   RW         4019    .data               bsp_lcd_init.o
    0x2000001c   0x08007e68   0x0000000c   Data   RW         4142    .data               bsp_ec11.o
    0x20000028   0x08007e74   0x00000008   Data   RW         4297    .data               w5500.o
    0x20000030   0x08007e7c   0x00000008   Data   RW         4298    .data               w5500.o
    0x20000038   0x08007e84   0x00000016   Data   RW         4467    .data               w5500_conf.o
    0x2000004e   0x08007e9a   0x00000002   Data   RW         4468    .data               w5500_conf.o
    0x20000050   0x08007e9c   0x00000004   Data   RW         4469    .data               w5500_conf.o
    0x20000054   0x08007ea0   0x00000002   Data   RW         4470    .data               w5500_conf.o
    0x20000056   0x08007ea2   0x00000002   PAD
    0x20000058   0x08007ea4   0x0000000c   Data   RW         4646    .data               appmain.o
    0x20000064   0x08007eb0   0x0000002c   Data   RW         4725    .data               appmenu.o
    0x20000090   0x08007edc   0x0000003c   Data   RW         4903    .data               udp_demo.o
    0x200000cc   0x08007f18   0x00000004   Data   RW         5377    .data               mc_w.l(stdout.o)
    0x200000d0        -       0x00000048   Zero   RW          206    .bss                adc.o
    0x20000118        -       0x00000110   Zero   RW          273    .bss                spi.o
    0x20000228        -       0x00000048   Zero   RW          321    .bss                tim.o
    0x20000270        -       0x00000148   Zero   RW          369    .bss                usart.o
    0x200003b8        -       0x00000020   Zero   RW         4296    .bss                w5500.o
    0x200003d8        -       0x0000001c   Zero   RW         4465    .bss                w5500_conf.o
    0x200003f4        -       0x0000cb20   Zero   RW         4643    .bss                appmain.o
    0x2000cf14        -       0x00000088   Zero   RW         4722    .bss                appmenu.o
    0x2000cf9c        -       0x00001fa4   Zero   RW         4902    .bss                udp_demo.o
    0x2000ef40        -       0x00000400   Zero   RW         3619    STACK               startup_stm32f401xc.o


==============================================================================

Image component sizes


      Code (inc. data)   RO Data    RW Data    ZI Data      Debug   Object Name

       196         26          0          0         72       1873   adc.o
       292         66          0         12      52000       2637   appmain.o
      2188        206          0         44        136       6694   appmenu.o
       180         34          0         12          0       2659   bsp_ec11.o
      1624        106      14620          4          0      12116   bsp_lcd.o
       794         28          0          8          0       6709   bsp_lcd_init.o
        28          4          0          0          0        484   bsp_spi.o
        76          4          0          0          0        878   dma.o
       388         24          0          0          0       1155   gpio.o
       202          8          0          0          0     438920   main.o
       146          0          0          0          0       3762   menu.o
       456         18          0          0          0       3706   oscilloscope.o
       806         30          0          0          0       4585   socket.o
       380         46          0          0        272       2687   spi.o
        36          8        404          0       1024        836   startup_stm32f401xc.o
       180         28          0         12          0       9613   stm32f4xx_hal.o
       712         28          0          0          0       3055   stm32f4xx_hal_adc.o
       198         14          0          0          0      34199   stm32f4xx_hal_cortex.o
       336         12          8          0          0       3071   stm32f4xx_hal_dma.o
       512         32          0          0          0       3692   stm32f4xx_hal_gpio.o
        52          4          0          0          0        954   stm32f4xx_hal_msp.o
      1348         76          0          0          0       5496   stm32f4xx_hal_rcc.o
       188          0          0          0          0       1283   stm32f4xx_hal_spi.o
       764         50          0          0          0       6994   stm32f4xx_hal_tim.o
       124         20          0          0          0       1428   stm32f4xx_hal_tim_ex.o
       366         10          0          0          0       2116   stm32f4xx_hal_uart.o
        20          0          0          0          0       4550   stm32f4xx_it.o
        28          6         24          4          0       1287   system_stm32f4xx.o
       304         32          0          0         72       2583   tim.o
      1468         68          0         60       8100       6990   udp_demo.o
       416         42          0          0        328       2813   usart.o
       472         40          0         16         32      10110   w5500.o
       530         38          0         30         28      10362   w5500_conf.o

    ----------------------------------------------------------------------
     15834       1108      15090        204      62064     600297   Object Totals
         0          0         32          0          0          0   (incl. Generated)
        24          0          2          2          0          0   (incl. Padding)

    ----------------------------------------------------------------------

      Code (inc. data)   RO Data    RW Data    ZI Data      Debug   Library Member Name

       592         90          0          0          0        184   atan2f.o
        38          0          0          0          0        116   fpclassifyf.o
        22          6          0          0          0        232   funder.o
         0          0          0          0          0          0   entry.o
         0          0          0          0          0          0   entry10a.o
         0          0          0          0          0          0   entry11a.o
         8          4          0          0          0          0   entry2.o
         4          0          0          0          0          0   entry5.o
         0          0          0          0          0          0   entry7b.o
         0          0          0          0          0          0   entry8b.o
         8          4          0          0          0          0   entry9a.o
        18          0          0          0          0         80   fputc.o
        30          0          0          0          0          0   handlers.o
        36          8          0          0          0         68   init.o
         0          0          0          0          0          0   iusefp.o
         0          0          0          0          0          0   iusesemip.o
        30          0          0          0          0         68   llshl.o
        32          0          0          0          0         68   llushr.o
        36          0          0          0          0         68   memcpya.o
        36          0          0          0          0        108   memseta.o
       372         14          0          0          0        184   printf1.o
         0          0          0          0          0          0   semi.o
         0          0          0          4          0          0   stdout.o
        44          0          0          0          0         80   uidiv.o
        98          0          0          0          0         92   uldiv.o

    ----------------------------------------------------------------------
      1408        126          0          4          0       1348   Library Totals
         4          0          0          0          0          0   (incl. Padding)

    ----------------------------------------------------------------------

      Code (inc. data)   RO Data    RW Data    ZI Data      Debug   Library Name

       652         96          0          0          0        532   m_wm.l
       752         30          0          4          0        816   mc_w.l

    ----------------------------------------------------------------------
      1408        126          0          4          0       1348   Library Totals

    ----------------------------------------------------------------------

==============================================================================


      Code (inc. data)   RO Data    RW Data    ZI Data      Debug   

     17242       1234      15090        208      62064     589185   Grand Totals
     17242       1234      15090        208      62064     589185   ELF Image Totals
     17242       1234      15090        208          0          0   ROM Totals

==============================================================================

    Total RO  Size (Code + RO Data)                32332 (  31.57kB)
    Total RW  Size (RW Data + ZI Data)             62272 (  60.81kB)
    Total ROM Size (Code + RO Data + RW Data)      32540 (  31.78kB)

==============================================================================

