Component: ARM Compiler 5.06 update 6 (build 750) Tool: armlink [4d35ed]

==============================================================================

Section Cross References

    main.o(i.SystemClock_Config) refers to memseta.o(.text) for __aeabi_memclr4
    main.o(i.SystemClock_Config) refers to stm32f4xx_hal_rcc.o(i.HAL_RCC_OscConfig) for HAL_RCC_OscConfig
    main.o(i.SystemClock_Config) refers to stm32f4xx_hal_rcc.o(i.HAL_RCC_ClockConfig) for HAL_RCC_ClockConfig
    main.o(i.main) refers to stm32f4xx_hal.o(i.HAL_Init) for HAL_Init
    main.o(i.main) refers to main.o(i.SystemClock_Config) for SystemClock_Config
    main.o(i.main) refers to gpio.o(i.MX_GPIO_Init) for MX_GPIO_Init
    main.o(i.main) refers to dma.o(i.MX_DMA_Init) for MX_DMA_Init
    main.o(i.main) refers to usart.o(i.MX_USART1_UART_Init) for MX_USART1_UART_Init
    main.o(i.main) refers to spi.o(i.MX_SPI1_Init) for MX_SPI1_Init
    main.o(i.main) refers to usart.o(i.MX_USART6_UART_Init) for MX_USART6_UART_Init
    main.o(i.main) refers to adc.o(i.MX_ADC1_Init) for MX_ADC1_Init
    main.o(i.main) refers to tim.o(i.MX_TIM4_Init) for MX_TIM4_Init
    main.o(i.main) refers to spi.o(i.MX_SPI2_Init) for MX_SPI2_Init
    main.o(i.main) refers to usart.o(i.MX_USART2_UART_Init) for MX_USART2_UART_Init
    main.o(i.main) refers to appmain.o(i.appInit) for appInit
    main.o(i.main) refers to appmain.o(i.appMain) for appMain
    gpio.o(i.MX_GPIO_Init) refers to memseta.o(.text) for __aeabi_memclr4
    gpio.o(i.MX_GPIO_Init) refers to stm32f4xx_hal_gpio.o(i.HAL_GPIO_WritePin) for HAL_GPIO_WritePin
    gpio.o(i.MX_GPIO_Init) refers to stm32f4xx_hal_gpio.o(i.HAL_GPIO_Init) for HAL_GPIO_Init
    gpio.o(i.MX_GPIO_Init) refers to stm32f4xx_hal_cortex.o(i.HAL_NVIC_SetPriority) for HAL_NVIC_SetPriority
    gpio.o(i.MX_GPIO_Init) refers to stm32f4xx_hal_cortex.o(i.HAL_NVIC_EnableIRQ) for HAL_NVIC_EnableIRQ
    adc.o(i.HAL_ADC_MspDeInit) refers to stm32f4xx_hal_gpio.o(i.HAL_GPIO_DeInit) for HAL_GPIO_DeInit
    adc.o(i.HAL_ADC_MspInit) refers to memseta.o(.text) for __aeabi_memclr4
    adc.o(i.HAL_ADC_MspInit) refers to stm32f4xx_hal_gpio.o(i.HAL_GPIO_Init) for HAL_GPIO_Init
    adc.o(i.MX_ADC1_Init) refers to stm32f4xx_hal_adc.o(i.HAL_ADC_Init) for HAL_ADC_Init
    adc.o(i.MX_ADC1_Init) refers to main.o(i.Error_Handler) for Error_Handler
    adc.o(i.MX_ADC1_Init) refers to stm32f4xx_hal_adc.o(i.HAL_ADC_ConfigChannel) for HAL_ADC_ConfigChannel
    adc.o(i.MX_ADC1_Init) refers to adc.o(.bss) for .bss
    dma.o(i.MX_DMA_Init) refers to stm32f4xx_hal_cortex.o(i.HAL_NVIC_SetPriority) for HAL_NVIC_SetPriority
    dma.o(i.MX_DMA_Init) refers to stm32f4xx_hal_cortex.o(i.HAL_NVIC_EnableIRQ) for HAL_NVIC_EnableIRQ
    iwdg.o(i.MX_IWDG_Init) refers to stm32f4xx_hal_iwdg.o(i.HAL_IWDG_Init) for HAL_IWDG_Init
    iwdg.o(i.MX_IWDG_Init) refers to main.o(i.Error_Handler) for Error_Handler
    iwdg.o(i.MX_IWDG_Init) refers to iwdg.o(.bss) for .bss
    spi.o(i.HAL_SPI_MspDeInit) refers to stm32f4xx_hal_gpio.o(i.HAL_GPIO_DeInit) for HAL_GPIO_DeInit
    spi.o(i.HAL_SPI_MspDeInit) refers to stm32f4xx_hal_dma.o(i.HAL_DMA_DeInit) for HAL_DMA_DeInit
    spi.o(i.HAL_SPI_MspDeInit) refers to stm32f4xx_hal_cortex.o(i.HAL_NVIC_DisableIRQ) for HAL_NVIC_DisableIRQ
    spi.o(i.HAL_SPI_MspInit) refers to memseta.o(.text) for __aeabi_memclr4
    spi.o(i.HAL_SPI_MspInit) refers to stm32f4xx_hal_gpio.o(i.HAL_GPIO_Init) for HAL_GPIO_Init
    spi.o(i.HAL_SPI_MspInit) refers to stm32f4xx_hal_dma.o(i.HAL_DMA_Init) for HAL_DMA_Init
    spi.o(i.HAL_SPI_MspInit) refers to main.o(i.Error_Handler) for Error_Handler
    spi.o(i.HAL_SPI_MspInit) refers to stm32f4xx_hal_cortex.o(i.HAL_NVIC_SetPriority) for HAL_NVIC_SetPriority
    spi.o(i.HAL_SPI_MspInit) refers to stm32f4xx_hal_cortex.o(i.HAL_NVIC_EnableIRQ) for HAL_NVIC_EnableIRQ
    spi.o(i.HAL_SPI_MspInit) refers to spi.o(.bss) for .bss
    spi.o(i.MX_SPI1_Init) refers to stm32f4xx_hal_spi.o(i.HAL_SPI_Init) for HAL_SPI_Init
    spi.o(i.MX_SPI1_Init) refers to main.o(i.Error_Handler) for Error_Handler
    spi.o(i.MX_SPI1_Init) refers to spi.o(.bss) for .bss
    spi.o(i.MX_SPI2_Init) refers to stm32f4xx_hal_spi.o(i.HAL_SPI_Init) for HAL_SPI_Init
    spi.o(i.MX_SPI2_Init) refers to main.o(i.Error_Handler) for Error_Handler
    spi.o(i.MX_SPI2_Init) refers to spi.o(.bss) for .bss
    tim.o(i.HAL_TIM_MspPostInit) refers to memseta.o(.text) for __aeabi_memclr4
    tim.o(i.HAL_TIM_MspPostInit) refers to stm32f4xx_hal_gpio.o(i.HAL_GPIO_Init) for HAL_GPIO_Init
    tim.o(i.HAL_TIM_PWM_MspDeInit) refers to stm32f4xx_hal_cortex.o(i.HAL_NVIC_DisableIRQ) for HAL_NVIC_DisableIRQ
    tim.o(i.HAL_TIM_PWM_MspInit) refers to stm32f4xx_hal_cortex.o(i.HAL_NVIC_SetPriority) for HAL_NVIC_SetPriority
    tim.o(i.HAL_TIM_PWM_MspInit) refers to stm32f4xx_hal_cortex.o(i.HAL_NVIC_EnableIRQ) for HAL_NVIC_EnableIRQ
    tim.o(i.MX_TIM4_Init) refers to memseta.o(.text) for __aeabi_memclr4
[...]
    i.HAL_SPI_MspInit                        0x08001aa0   Section        0  spi.o(i.HAL_SPI_MspInit)
    i.HAL_SYSTICK_Config                     0x08001b94   Section        0  stm32f4xx_hal_cortex.o(i.HAL_SYSTICK_Config)
    i.HAL_TIMEx_MasterConfigSynchronization  0x08001bbc   Section        0  stm32f4xx_hal_tim_ex.o(i.HAL_TIMEx_MasterConfigSynchronization)
    i.HAL_TIM_MspPostInit                    0x08001c38   Section        0  tim.o(i.HAL_TIM_MspPostInit)
    i.HAL_TIM_PWM_ConfigChannel              0x08001c8c   Section        0  stm32f4xx_hal_tim.o(i.HAL_TIM_PWM_ConfigChannel)
    i.HAL_TIM_PWM_Init                       0x08001d52   Section        0  stm32f4xx_hal_tim.o(i.HAL_TIM_PWM_Init)
    i.HAL_TIM_PWM_MspInit                    0x08001dac   Section        0  tim.o(i.HAL_TIM_PWM_MspInit)
    i.HAL_UART_Init                          0x08001de8   Section        0  stm32f4xx_hal_uart.o(i.HAL_UART_Init)
    i.HAL_UART_MspInit                       0x08001e4c   Section        0  usart.o(i.HAL_UART_MspInit)
    i.HAL_UART_Transmit                      0x0800203c   Section        0  stm32f4xx_hal_uart.o(i.HAL_UART_Transmit)
    i.HardFault_Handler                      0x080020ee   Section        0  stm32f4xx_it.o(i.HardFault_Handler)
    i.IINCHIP_READ                           0x080020f0   Section        0  w5500_conf.o(i.IINCHIP_READ)
    i.IINCHIP_SpiSendData                    0x08002124   Section        0  w5500_conf.o(i.IINCHIP_SpiSendData)
    i.IINCHIP_WRITE                          0x08002128   Section        0  w5500_conf.o(i.IINCHIP_WRITE)
    i.LCD_Address_Set                        0x08002160   Section        0  bsp_lcd_init.o(i.LCD_Address_Set)
    i.LCD_DrawPoint                          0x080021a2   Section        0  bsp_lcd.o(i.LCD_DrawPoint)
    i.LCD_Fill                               0x080021b8   Section        0  bsp_lcd.o(i.LCD_Fill)
    i.LCD_Init                               0x08002228   Section        0  bsp_lcd_init.o(i.LCD_Init)
    i.LCD_ShowChar                           0x08002480   Section        0  bsp_lcd.o(i.LCD_ShowChar)
    i.LCD_ShowIntNum                         0x0800258c   Section        0  bsp_lcd.o(i.LCD_ShowIntNum)
    i.LCD_ShowPicture                        0x08002642   Section        0  bsp_lcd.o(i.LCD_ShowPicture)
    i.LCD_ShowString                         0x0800266e   Section        0  bsp_lcd.o(i.LCD_ShowString)
    i.LCD_WR_DATA                            0x080026a8   Section        0  bsp_lcd_init.o(i.LCD_WR_DATA)
    i.LCD_WR_REG                             0x080026bc   Section        0  bsp_lcd_init.o(i.LCD_WR_REG)
    i.LCD_Writ_Bus                           0x080026e4   Section        0  bsp_lcd_init.o(i.LCD_Writ_Bus)
    i.MX_ADC1_Init                           0x08002728   Section        0  adc.o(i.MX_ADC1_Init)
    i.MX_DMA_Init                            0x0800278c   Section        0  dma.o(i.MX_DMA_Init)
    i.MX_GPIO_Init                           0x08002808   Section        0  gpio.o(i.MX_GPIO_Init)
    i.MX_SPI1_Init                           0x08002960   Section        0  spi.o(i.MX_SPI1_Init)
    i.MX_SPI2_Init                           0x080029a8   Section        0  spi.o(i.MX_SPI2_Init)
    i.MX_TIM4_Init                           0x080029e8   Section        0  tim.o(i.MX_TIM4_Init)
    i.MX_USART1_UART_Init                    0x08002a88   Section        0  usart.o(i.MX_USART1_UART_Init)
    i.MX_USART2_UART_Init                    0x08002ac0   Section        0  usart.o(i.MX_USART2_UART_Init)
    i.MX_USART6_UART_Init                    0x08002af8   Section        0  usart.o(i.MX_USART6_UART_Init)
    i.Measure_Xmax_Length                    0x08002b30   Section        0  angle_length.o(i.Measure_Xmax_Length)
    i.MemManage_Handler                      0x08002b88   Section        0  stm32f4xx_it.o(i.MemManage_Handler)
    i.NMI_Handler                            0x08002b8a   Section        0  stm32f4xx_it.o(i.NMI_Handler)
    i.OPENMV_SetDispMode                     0x08002b8c   Section        0  openmv.o(i.OPENMV_SetDispMode)
    i.OpenMV_DataProcess                     0x08002bc4   Section        0  openmv.o(i.OpenMV_DataProcess)
    i.OpenMV_DataUnPack                      0x08002c88   Section        0  openmv.o(i.OpenMV_DataUnPack)
    i.OpenMV_SendLabThr                      0x08002ce4   Section        0  openmv.o(i.OpenMV_SendLabThr)
    i.PendSV_Handler                         0x08002d44   Section        0  stm32f4xx_it.o(i.PendSV_Handler)
    i.Rx_udp                                 0x08002d48   Section        0  udp_demo.o(i.Rx_udp)
    i.SPI1_LCD_ReInit                        0x08002e1c   Section        0  bsp_lcd_init.o(i.SPI1_LCD_ReInit)
    i.SPI2_IRQHandler                        0x08002e70   Section        0  bsp_spi.o(i.SPI2_IRQHandler)
    i.SPI_SendByte                           0x08002f4c   Section        0  w5500_conf.o(i.SPI_SendByte)
    i.SVC_Handler                            0x08002f7c   Section        0  stm32f4xx_it.o(i.SVC_Handler)
    i.SysTick_Handler                        0x08002f7e   Section        0  stm32f4xx_it.o(i.SysTick_Handler)
    i.SystemClock_Config                     0x08002f84   Section        0  main.o(i.SystemClock_Config)
    i.SystemInit                             0x08003020   Section        0  system_stm32f4xx.o(i.SystemInit)
    i.TIM_Base_SetConfig                     0x0800303c   Section        0  stm32f4xx_hal_tim.o(i.TIM_Base_SetConfig)
    i.TIM_OC1_SetConfig                      0x080030d4   Section        0  stm32f4xx_hal_tim.o(i.TIM_OC1_SetConfig)
    TIM_OC1_SetConfig                        0x080030d5   Thumb Code    74  stm32f4xx_hal_tim.o(i.TIM_OC1_SetConfig)
    i.TIM_OC2_SetConfig                      0x08003124   Section        0  stm32f4xx_hal_tim.o(i.TIM_OC2_SetConfig)
    i.TIM_OC3_SetConfig                      0x0800317c   Section        0  stm32f4xx_hal_tim.o(i.TIM_OC3_SetConfig)
    TIM_OC3_SetConfig                        0x0800317d   Thumb Code    82  stm32f4xx_hal_tim.o(i.TIM_OC3_SetConfig)
    i.TIM_OC4_SetConfig                      0x080031d4   Section        0  stm32f4xx_hal_tim.o(i.TIM_OC4_SetConfig)
    TIM_OC4_SetConfig                        0x080031d5   Thumb Code    64  stm32f4xx_hal_tim.o(i.TIM_OC4_SetConfig)
    i.Tx_udp                                 0x08003218   Section        0  udp_demo.o(i.Tx_udp)
    i.UART_SetConfig                         0x08003268   Section        0  stm32f4xx_hal_uart.o(i.UART_SetConfig)
    UART_SetConfig                           0x08003269   Thumb Code   258  stm32f4xx_hal_uart.o(i.UART_SetConfig)
    i.UART_WaitOnFlagUntilTimeout            0x08003374   Section        0  stm32f4xx_hal_uart.o(i.UART_WaitOnFlagUntilTimeout)
    UART_WaitOnFlagUntilTimeout              0x08003375   Thumb Code   100  stm32f4xx_hal_uart.o(i.UART_WaitOnFlagUntilTimeout)
    i.USART1_IRQHandler                      0x080033d8   Section        0  bsp_usart.o(i.USART1_IRQHandler)
    i.USART2_IRQHandler                      0x0800346c   Section        0  bsp_usart.o(i.USART2_IRQHandler)
    i.UsageFault_Handler                     0x08003508   Section        0  stm32f4xx_it.o(i.UsageFault_Handler)
    i.__0printf                              0x0800350c   Section        0  printfa.o(i.__0printf)
    i.__NVIC_SetPriority                     0x0800352c   Section        0  stm32f4xx_hal_cortex.o(i.__NVIC_SetPriority)
    __NVIC_SetPriority                       0x0800352d   Thumb Code    32  stm32f4xx_hal_cortex.o(i.__NVIC_SetPriority)
    i.__scatterload_copy                     0x0800354c   Section       14  handlers.o(i.__scatterload_copy)
    i.__scatterload_null                     0x0800355a   Section        2  handlers.o(i.__scatterload_null)
    i.__scatterload_zeroinit                 0x0800355c   Section       14  handlers.o(i.__scatterload_zeroinit)
    i._fp_digits                             0x0800356c   Section        0  printfa.o(i._fp_digits)
    _fp_digits                               0x0800356d   Thumb Code   366  printfa.o(i._fp_digits)
    i._printf_core                           0x080036f0   Section        0  printfa.o(i._printf_core)
    _printf_core                             0x080036f1   Thumb Code  1744  printfa.o(i._printf_core)
    i._printf_post_padding                   0x08003dcc   Section        0  printfa.o(i._printf_post_padding)
    _printf_post_padding                     0x08003dcd   Thumb Code    36  printfa.o(i._printf_post_padding)
    i._printf_pre_padding                    0x08003df0   Section        0  printfa.o(i._printf_pre_padding)
    _printf_pre_padding                      0x08003df1   Thumb Code    46  printfa.o(i._printf_pre_padding)
    i.appInit                                0x08003e20   Section        0  appmain.o(i.appInit)
    i.appMain                                0x08003eb4   Section        0  appmain.o(i.appMain)
    i.close                                  0x0800403c   Section        0  socket.o(i.close)
    i.delay_us                               0x0800406c   Section        0  w5500_conf.o(i.delay_us)
    i.ec11_Init                              0x0800407c   Section        0  bsp_ec11.o(i.ec11_Init)
    i.fifo_s_gets                            0x0800407e   Section        0  fifo.o(i.fifo_s_gets)
    i.fifo_s_init                            0x080040fc   Section        0  fifo.o(i.fifo_s_init)
    i.fifo_s_puts                            0x08004112   Section        0  fifo.o(i.fifo_s_puts)
    i.fifo_s_used                            0x0800418e   Section        0  fifo.o(i.fifo_s_used)
    i.flash_erase_address                    0x08004194   Section        0  bsp_flash.o(i.flash_erase_address)
    i.flash_read                             0x0800420c   Section        0  bsp_flash.o(i.flash_read)
    i.flash_write_single_address             0x08004218   Section        0  bsp_flash.o(i.flash_write_single_address)
    i.fputc                                  0x08004280   Section        0  fputc.o(i.fputc)
    i.getGAR                                 0x08004292   Section        0  w5500.o(i.getGAR)
    i.getIINCHIP_TxMAX                       0x0800429c   Section        0  w5500.o(i.getIINCHIP_TxMAX)
    i.getSIPR                                0x080042a8   Section        0  w5500.o(i.getSIPR)
    i.getSUBR                                0x080042b4   Section        0  w5500.o(i.getSUBR)
    i.getSn_IR                               0x080042c0   Section        0  w5500.o(i.getSn_IR)
    i.getSn_RX_RSR                           0x080042cc   Section        0  w5500.o(i.getSn_RX_RSR)
    i.getSn_SR                               0x08004318   Section        0  w5500.o(i.getSn_SR)
    i.get_next_flash_address                 0x08004324   Section        0  bsp_flash.o(i.get_next_flash_address)
    i.main                                   0x080043f8   Section        0  main.o(i.main)
    i.menuInit                               0x0800442e   Section        0  menu.o(i.menuInit)
    i.menuRefresh                            0x0800443e   Section        0  menu.o(i.menuRefresh)
    i.menuRefreshFlagSet                     0x0800444e   Section        0  menu.o(i.menuRefreshFlagSet)
    i.menuReturn                             0x08004454   Section        0  menu.o(i.menuReturn)
    i.menuSkip                               0x08004478   Section        0  menu.o(i.menuSkip)
    i.menu_DebugVideo                        0x080044c4   Section        0  appmenu.o(i.menu_DebugVideo)
    i.menu_OPENMV_Conig                      0x08004568   Section        0  appmenu.o(i.menu_OPENMV_Conig)
    i.menu_StartMeasure                      0x080048c8   Section        0  appmenu.o(i.menu_StartMeasure)
    i.menu_StartUDP                          0x08004958   Section        0  appmenu.o(i.menu_StartUDP)
    i.menu_main                              0x080049e8   Section        0  appmenu.o(i.menu_main)
    i.mypow                                  0x08004bd0   Section        0  bsp_lcd.o(i.mypow)
    i.recvfrom                               0x08004be0   Section        0  socket.o(i.recvfrom)
    i.reset_w5500                            0x08004d60   Section        0  w5500_conf.o(i.reset_w5500)
    i.send_data_processing                   0x08004d94   Section        0  w5500.o(i.send_data_processing)
    i.sendto                                 0x08004e1c   Section        0  socket.o(i.sendto)
    i.setGAR                                 0x08004efe   Section        0  w5500.o(i.setGAR)
    i.setSHAR                                0x08004f08   Section        0  w5500.o(i.setSHAR)
    i.setSIPR                                0x08004f14   Section        0  w5500.o(i.setSIPR)
    i.setSUBR                                0x08004f20   Section        0  w5500.o(i.setSUBR)
    i.setSn_IR                               0x08004f2c   Section        0  w5500.o(i.setSn_IR)
    i.set_w5500_ip                           0x08004f38   Section        0  w5500_conf.o(i.set_w5500_ip)
    i.set_w5500_mac                          0x08004fa0   Section        0  w5500_conf.o(i.set_w5500_mac)
    i.socket                                 0x08004fb8   Section        0  socket.o(i.socket)
    i.socket_buf_init                        0x0800504c   Section        0  w5500.o(i.socket_buf_init)
    i.spi1DMASendByte                        0x080050d0   Section        0  bsp_lcd.o(i.spi1DMASendByte)
    i.spi1DMASendHalfWord                    0x080051c4   Section        0  bsp_lcd.o(i.spi1DMASendHalfWord)
    i.spi1_Init                              0x080052c4   Section        0  bsp_spi.o(i.spi1_Init)
    i.spi2_Init                              0x080052e0   Section        0  bsp_spi.o(i.spi2_Init)
    i.usart2_SendData                        0x080052fc   Section        0  openmv.o(i.usart2_SendData)
    i.usart2_init                            0x0800530c   Section        0  bsp_usart.o(i.usart2_init)
    i.vari_init                              0x080053e4   Section        0  angle_length.o(i.vari_init)
    i.wiz_cs                                 0x08005408   Section        0  w5500_conf.o(i.wiz_cs)
    i.wiz_read_buf                           0x08005424   Section        0  w5500_conf.o(i.wiz_read_buf)
    i.wiz_write_buf                          0x0800546c   Section        0  w5500_conf.o(i.wiz_write_buf)
    .constdata                               0x080054b6   Section        8  stm32f4xx_hal_dma.o(.constdata)
    flagBitshiftOffset                       0x080054b6   Data           8  stm32f4xx_hal_dma.o(.constdata)
    .constdata                               0x080054be   Section       16  system_stm32f4xx.o(.constdata)
    .constdata                               0x080054ce   Section        8  system_stm32f4xx.o(.constdata)
    .constdata                               0x080054d6   Section    14620  bsp_lcd.o(.constdata)
    .data                                    0x20000000   Section       12  stm32f4xx_hal.o(.data)
    .data                                    0x2000000c   Section        4  system_stm32f4xx.o(.data)
    .data                                    0x20000010   Section        4  bsp_usart.o(.data)
    this_time_rx_len                         0x20000010   Data           2  bsp_usart.o(.data)
    this_time_rx_len                         0x20000012   Data           2  bsp_usart.o(.data)
    .data                                    0x20000014   Section        4  bsp_lcd.o(.data)
    .data                                    0x20000018   Section        8  bsp_spi.o(.data)
    .data                                    0x20000020   Section       16  bsp_flash.o(.data)
    uw_address                               0x20000020   Data           4  bsp_flash.o(.data)
    end_address                              0x20000024   Data           4  bsp_flash.o(.data)
    data_buf                                 0x20000028   Data           4  bsp_flash.o(.data)
    data_len                                 0x2000002c   Data           4  bsp_flash.o(.data)
    .data                                    0x20000030   Section       12  bsp_ec11.o(.data)
    downFlag                                 0x20000030   Data           1  bsp_ec11.o(.data)
    .data                                    0x2000003c   Section        8  w5500.o(.data)
    .data                                    0x20000044   Section        8  w5500.o(.data)
    .data                                    0x2000004c   Section       22  w5500_conf.o(.data)
    .data                                    0x20000062   Section        2  w5500_conf.o(.data)
    .data                                    0x20000064   Section        4  w5500_conf.o(.data)
    .data                                    0x20000068   Section        2  w5500_conf.o(.data)
    .data                                    0x2000006c   Section       24  appmain.o(.data)
    n                                        0x2000006e   Data           1  appmain.o(.data)
    .data                                    0x20000084   Section        1  appmain.o(.data)
    .data                                    0x20000088   Section       26  appmenu.o(.data)
    selected_flag                            0x20000089   Data           1  appmenu.o(.data)
    ec11_count                               0x2000008c   Data           4  appmenu.o(.data)
    last_ec11_count                          0x20000090   Data           4  appmenu.o(.data)
    ec11_count                               0x20000094   Data           4  appmenu.o(.data)
    last_ec11_count                          0x20000098   Data           4  appmenu.o(.data)
    .data                                    0x200000a4   Section       32  angle_length.o(.data)
    .data                                    0x200000c4   Section       20  openmv.o(.data)
    proc_step                                0x200000c4   Data           1  openmv.o(.data)
    .data                                    0x200000d8   Section        8  udp_demo.o(.data)
    .data                                    0x200000e0   Section        4  stdout.o(.data)
    .bss                                     0x200000e4   Section       72  adc.o(.bss)
    .bss                                     0x2000012c   Section      272  spi.o(.bss)
    .bss                                     0x2000023c   Section       72  tim.o(.bss)
    .bss                                     0x20000284   Section      588  usart.o(.bss)
    .bss                                     0x200004d0   Section       32  stm32f4xx_hal_flash.o(.bss)
    .bss                                     0x200004f0   Section     2224  bsp_usart.o(.bss)
    .bss                                     0x20000da0   Section    26000  bsp_spi.o(.bss)
    .bss                                     0x20007330   Section       32  w5500.o(.bss)
    .bss                                     0x20007350   Section       28  w5500_conf.o(.bss)
    .bss                                     0x2000736c   Section    24012  appmain.o(.bss)
    .bss                                     0x2000d138   Section       92  appmenu.o(.bss)
    .bss                                     0x2000d194   Section       64  openmv.o(.bss)
    .bss                                     0x2000d1d4   Section       32  udp_demo.o(.bss)
    STACK                                    0x2000d1f8   Section     1024  startup_stm32f401xc.o(STACK)

    Global Symbols

    Symbol Name                              Value     Ov Type        Size  Object(Section)

    BuildAttributes$$THM_ISAv4$E$P$D$K$B$S$7EM$VFPi3$EXTD16$VFPS$VFMA$PE$A:L22UL41UL21$X:L11$S22US41US21$IEEE1$IW$USESV6$~STKCKD$USESV7$~SHL$OTIME$ROPI$EBA8$MICROLIB$REQ8$PRES8$EABIv2 0x00000000   Number         0  anon$$obj.o ABSOLUTE
    __ARM_use_no_argv                        0x00000000   Number         0  main.o ABSOLUTE
    _printf_a                                0x00000000   Number         0  stubs.o ABSOLUTE
    _printf_c                                0x00000000   Number         0  stubs.o ABSOLUTE
    _printf_charcount                        0x00000000   Number         0  stubs.o ABSOLUTE
    _printf_d                                0x00000000   Number         0  stubs.o ABSOLUTE
    _printf_e                                0x00000000   Number         0  stubs.o ABSOLUTE
    _printf_f                                0x00000000   Number         0  stubs.o ABSOLUTE
    _printf_flags                            0x00000000   Number         0  stubs.o ABSOLUTE
    _printf_fp_dec                           0x00000000   Number         0  stubs.o ABSOLUTE
    _printf_fp_hex                           0x00000000   Number         0  stubs.o ABSOLUTE
    _printf_g                                0x00000000   Number         0  stubs.o ABSOLUTE
    _printf_i                                0x00000000   Number         0  stubs.o ABSOLUTE
    _printf_int_dec                          0x00000000   Number         0  stubs.o ABSOLUTE
    _printf_l                                0x00000000   Number         0  stubs.o ABSOLUTE
    _printf_lc                               0x00000000   Number         0  stubs.o ABSOLUTE
    _printf_ll                               0x00000000   Number         0  stubs.o ABSOLUTE
    _printf_lld                              0x00000000   Number         0  stubs.o ABSOLUTE
    _printf_lli                              0x00000000   Number         0  stubs.o ABSOLUTE
    _printf_llo                              0x00000000   Number         0  stubs.o ABSOLUTE
    _printf_llu                              0x00000000   Number         0  stubs.o ABSOLUTE
    _printf_llx                              0x00000000   Number         0  stubs.o ABSOLUTE
    _printf_longlong_dec                     0x00000000   Number         0  stubs.o ABSOLUTE
    _printf_longlong_hex                     0x00000000   Number         0  stubs.o ABSOLUTE
    _printf_longlong_oct                     0x00000000   Number         0  stubs.o ABSOLUTE
    _printf_ls                               0x00000000   Number         0  stubs.o ABSOLUTE
    _printf_mbtowc                           0x00000000   Number         0  stubs.o ABSOLUTE
    _printf_n                                0x00000000   Number         0  stubs.o ABSOLUTE
    _printf_o                                0x00000000   Number         0  stubs.o ABSOLUTE
    _printf_p                                0x00000000   Number         0  stubs.o ABSOLUTE
    _printf_percent                          0x00000000   Number         0  stubs.o ABSOLUTE
    _printf_pre_padding                      0x00000000   Number         0  stubs.o ABSOLUTE
    _printf_return_value                     0x00000000   Number         0  stubs.o ABSOLUTE
    _printf_s                                0x00000000   Number         0  stubs.o ABSOLUTE
    _printf_sizespec                         0x00000000   Number         0  stubs.o ABSOLUTE
    _printf_str                              0x00000000   Number         0  stubs.o ABSOLUTE
    _printf_truncate_signed                  0x00000000   Number         0  stubs.o ABSOLUTE
    _printf_truncate_unsigned                0x00000000   Number         0  stubs.o ABSOLUTE
    _printf_u                                0x00000000   Number         0  stubs.o ABSOLUTE
    _printf_wc                               0x00000000   Number         0  stubs.o ABSOLUTE
    _printf_wctomb                           0x00000000   Number         0  stubs.o ABSOLUTE
    _printf_widthprec                        0x00000000   Number         0  stubs.o ABSOLUTE
    _printf_x                                0x00000000   Number         0  stubs.o ABSOLUTE
    __cpp_initialize__aeabi_                  - Undefined Weak Reference
    __cxa_finalize                            - Undefined Weak Reference
    __decompress                              - Undefined Weak Reference
    _clock_init                               - Undefined Weak Reference
    _microlib_exit                            - Undefined Weak Reference
    __Vectors_Size                           0x00000194   Number         0  startup_stm32f401xc.o ABSOLUTE
    __Vectors                                0x08000000   Data           4  startup_stm32f401xc.o(RESET)
    __Vectors_End                            0x08000194   Data           0  startup_stm32f401xc.o(RESET)
    __main                                   0x08000195   Thumb Code     0  entry.o(.ARM.Collect$$$$00000000)
    _main_stk                                0x08000195   Thumb Code     0  entry2.o(.ARM.Collect$$$$00000001)
    _main_scatterload                        0x08000199   Thumb Code     0  entry5.o(.ARM.Collect$$$$00000004)
    __main_after_scatterload                 0x0800019d   Thumb Code     0  entry5.o(.ARM.Collect$$$$00000004)
    _main_clock                              0x0800019d   Thumb Code     0  entry7b.o(.ARM.Collect$$$$00000008)
    _main_cpp_init                           0x0800019d   Thumb Code     0  entry8b.o(.ARM.Collect$$$$0000000A)
    _main_init                               0x0800019d   Thumb Code     0  entry9a.o(.ARM.Collect$$$$0000000B)
    __rt_final_cpp                           0x080001a5   Thumb Code     0  entry10a.o(.ARM.Collect$$$$0000000D)
    __rt_final_exit                          0x080001a5   Thumb Code     0  entry11a.o(.ARM.Collect$$$$0000000F)
    Reset_Handler                            0x080001a9   Thumb Code     8  startup_stm32f401xc.o(.text)
    ADC_IRQHandler                           0x080001c3   Thumb Code     0  startup_stm32f401xc.o(.text)
    DMA1_Stream0_IRQHandler                  0x080001c3   Thumb Code     0  startup_stm32f401xc.o(.text)
    DMA1_Stream1_IRQHandler                  0x080001c3   Thumb Code     0  startup_stm32f401xc.o(.text)
    DMA1_Stream2_IRQHandler                  0x080001c3   Thumb Code     0  startup_stm32f401xc.o(.text)
    DMA1_Stream3_IRQHandler                  0x080001c3   Thumb Code     0  startup_stm32f401xc.o(.text)
    DMA1_Stream4_IRQHandler                  0x080001c3   Thumb Code     0  startup_stm32f401xc.o(.text)
    DMA1_Stream5_IRQHandler                  0x080001c3   Thumb Code     0  startup_stm32f401xc.o(.text)
    DMA1_Stream6_IRQHandler                  0x080001c3   Thumb Code     0  startup_stm32f401xc.o(.text)
    DMA1_Stream7_IRQHandler                  0x080001c3   Thumb Code     0  startup_stm32f401xc.o(.text)
    DMA2_Stream0_IRQHandler                  0x080001c3   Thumb Code     0  startup_stm32f401xc.o(.text)
    DMA2_Stream1_IRQHandler                  0x080001c3   Thumb Code     0  startup_stm32f401xc.o(.text)
    DMA2_Stream2_IRQHandler                  0x080001c3   Thumb Code     0  startup_stm32f401xc.o(.text)
    DMA2_Stream3_IRQHandler                  0x080001c3   Thumb Code     0  startup_stm32f401xc.o(.text)
    DMA2_Stream4_IRQHandler                  0x080001c3   Thumb Code     0  startup_stm32f401xc.o(.text)
    DMA2_Stream5_IRQHandler                  0x080001c3   Thumb Code     0  startup_stm32f401xc.o(.text)
    DMA2_Stream6_IRQHandler                  0x080001c3   Thumb Code     0  startup_stm32f401xc.o(.text)
    DMA2_Stream7_IRQHandler                  0x080001c3   Thumb Code     0  startup_stm32f401xc.o(.text)
    EXTI0_IRQHandler                         0x080001c3   Thumb Code     0  startup_stm32f401xc.o(.text)
    EXTI15_10_IRQHandler                     0x080001c3   Thumb Code     0  startup_stm32f401xc.o(.text)
    EXTI1_IRQHandler                         0x080001c3   Thumb Code     0  startup_stm32f401xc.o(.text)
    EXTI2_IRQHandler                         0x080001c3   Thumb Code     0  startup_stm32f401xc.o(.text)
    EXTI4_IRQHandler                         0x080001c3   Thumb Code     0  startup_stm32f401xc.o(.text)
    EXTI9_5_IRQHandler                       0x080001c3   Thumb Code     0  startup_stm32f401xc.o(.text)
    FLASH_IRQHandler                         0x080001c3   Thumb Code     0  startup_stm32f401xc.o(.text)
    FPU_IRQHandler                           0x080001c3   Thumb Code     0  startup_stm32f401xc.o(.text)
    I2C1_ER_IRQHandler                       0x080001c3   Thumb Code     0  startup_stm32f401xc.o(.text)
    I2C1_EV_IRQHandler                       0x080001c3   Thumb Code     0  startup_stm32f401xc.o(.text)
    I2C2_ER_IRQHandler                       0x080001c3   Thumb Code     0  startup_stm32f401xc.o(.text)
    I2C2_EV_IRQHandler                       0x080001c3   Thumb Code     0  startup_stm32f401xc.o(.text)
    I2C3_ER_IRQHandler                       0x080001c3   Thumb Code     0  startup_stm32f401xc.o(.text)
    I2C3_EV_IRQHandler                       0x080001c3   Thumb Code     0  startup_stm32f401xc.o(.text)
    OTG_FS_IRQHandler                        0x080001c3   Thumb Code     0  startup_stm32f401xc.o(.text)
    OTG_FS_WKUP_IRQHandler                   0x080001c3   Thumb Code     0  startup_stm32f401xc.o(.text)
    PVD_IRQHandler                           0x080001c3   Thumb Code     0  startup_stm32f401xc.o(.text)
    RCC_IRQHandler                           0x080001c3   Thumb Code     0  startup_stm32f401xc.o(.text)
    RTC_Alarm_IRQHandler                     0x080001c3   Thumb Code     0  startup_stm32f401xc.o(.text)
    RTC_WKUP_IRQHandler                      0x080001c3   Thumb Code     0  startup_stm32f401xc.o(.text)
    SDIO_IRQHandler                          0x080001c3   Thumb Code     0  startup_stm32f401xc.o(.text)
    SPI1_IRQHandler                          0x080001c3   Thumb Code     0  startup_stm32f401xc.o(.text)
    SPI3_IRQHandler                          0x080001c3   Thumb Code     0  startup_stm32f401xc.o(.text)
    SPI4_IRQHandler                          0x080001c3   Thumb Code     0  startup_stm32f401xc.o(.text)
    TAMP_STAMP_IRQHandler                    0x080001c3   Thumb Code     0  startup_stm32f401xc.o(.text)
    TIM1_BRK_TIM9_IRQHandler                 0x080001c3   Thumb Code     0  startup_stm32f401xc.o(.text)
    TIM1_CC_IRQHandler                       0x080001c3   Thumb Code     0  startup_stm32f401xc.o(.text)
    TIM1_TRG_COM_TIM11_IRQHandler            0x080001c3   Thumb Code     0  startup_stm32f401xc.o(.text)
    TIM1_UP_TIM10_IRQHandler                 0x080001c3   Thumb Code     0  startup_stm32f401xc.o(.text)
    TIM2_IRQHandler                          0x080001c3   Thumb Code     0  startup_stm32f401xc.o(.text)
    TIM3_IRQHandler                          0x080001c3   Thumb Code     0  startup_stm32f401xc.o(.text)
    TIM4_IRQHandler                          0x080001c3   Thumb Code     0  startup_stm32f401xc.o(.text)
    TIM5_IRQHandler                          0x080001c3   Thumb Code     0  startup_stm32f401xc.o(.text)
    USART6_IRQHandler                        0x080001c3   Thumb Code     0  startup_stm32f401xc.o(.text)
    WWDG_IRQHandler                          0x080001c3   Thumb Code     0  startup_stm32f401xc.o(.text)
    __aeabi_uldivmod                         0x080001cd   Thumb Code    98  uldiv.o(.text)
    __aeabi_memcpy                           0x0800022f   Thumb Code    36  memcpya.o(.text)
    __aeabi_memcpy4                          0x0800022f   Thumb Code     0  memcpya.o(.text)
    __aeabi_memcpy8                          0x0800022f   Thumb Code     0  memcpya.o(.text)
    __aeabi_memset                           0x08000253   Thumb Code    14  memseta.o(.text)
    __aeabi_memset4                          0x08000253   Thumb Code     0  memseta.o(.text)
    __aeabi_memset8                          0x08000253   Thumb Code     0  memseta.o(.text)
    __aeabi_memclr                           0x08000261   Thumb Code     4  memseta.o(.text)
    __aeabi_memclr4                          0x08000261   Thumb Code     0  memseta.o(.text)
    __aeabi_memclr8                          0x08000261   Thumb Code     0  memseta.o(.text)
    _memset$wrapper                          0x08000265   Thumb Code    18  memseta.o(.text)
    __aeabi_ddiv                             0x08000277   Thumb Code   222  ddiv.o(.text)
    __aeabi_ui2d                             0x08000355   Thumb Code    26  dfltui.o(.text)
    __aeabi_d2f                              0x0800036f   Thumb Code    56  d2f.o(.text)
    __aeabi_uidiv                            0x080003a7   Thumb Code     0  uidiv.o(.text)
    __aeabi_uidivmod                         0x080003a7   Thumb Code    44  uidiv.o(.text)
    __aeabi_llsl                             0x080003d3   Thumb Code    30  llshl.o(.text)
    _ll_shift_l                              0x080003d3   Thumb Code     0  llshl.o(.text)
    __aeabi_llsr                             0x080003f1   Thumb Code    32  llushr.o(.text)
    _ll_ushift_r                             0x080003f1   Thumb Code     0  llushr.o(.text)
    __I$use$fp                               0x08000411   Thumb Code     0  iusefp.o(.text)
    _float_round                             0x08000411   Thumb Code    18  fepilogue.o(.text)
    _float_epilogue                          0x08000423   Thumb Code    92  fepilogue.o(.text)
    _double_round                            0x0800047f   Thumb Code    30  depilogue.o(.text)
    _double_epilogue                         0x0800049d   Thumb Code   156  depilogue.o(.text)
    __aeabi_dadd                             0x08000539   Thumb Code   322  dadd.o(.text)
    __aeabi_dsub                             0x0800067b   Thumb Code     6  dadd.o(.text)
    __aeabi_drsub                            0x08000681   Thumb Code     6  dadd.o(.text)
    __aeabi_dmul                             0x08000687   Thumb Code   228  dmul.o(.text)
    __aeabi_d2ulz                            0x0800076b   Thumb Code    48  dfixul.o(.text)
    __aeabi_cdrcmple                         0x0800079d   Thumb Code    48  cdrcmple.o(.text)
    __scatterload                            0x080007cd   Thumb Code    28  init.o(.text)
    __scatterload_rt2                        0x080007cd   Thumb Code     0  init.o(.text)
    __aeabi_lasr                             0x080007f1   Thumb Code    36  llsshr.o(.text)
    __semihosting_library_function           0x080007f1   Thumb Code     0  semi.o(.text)
    _ll_sshift_r                             0x080007f1   Thumb Code     0  llsshr.o(.text)
    __I$use$semihosting$fputc                0x08000815   Thumb Code     0  iusesemip.o(.text)
    BusFault_Handler                         0x0800093d   Thumb Code     2  stm32f4xx_it.o(i.BusFault_Handler)
    DebugMon_Handler                         0x080009bd   Thumb Code     2  stm32f4xx_it.o(i.DebugMon_Handler)
    EC11_ScanButton                          0x080009c1   Thumb Code    44  bsp_ec11.o(i.EC11_ScanButton)
    EC11_getButtonFlag                       0x080009f5   Thumb Code    18  bsp_ec11.o(i.EC11_getButtonFlag)
    EC11_getCount                            0x08000a0d   Thumb Code     6  bsp_ec11.o(i.EC11_getCount)
    EXTI3_IRQHandler                         0x08000a19   Thumb Code    78  bsp_ec11.o(i.EXTI3_IRQHandler)
    Error_Handler                            0x08000a75   Thumb Code     4  main.o(i.Error_Handler)
    FLASH_Erase_Sector                       0x08000a79   Thumb Code    74  stm32f4xx_hal_flash_ex.o(i.FLASH_Erase_Sector)
    FLASH_FlushCaches                        0x08000ac9   Thumb Code    80  stm32f4xx_hal_flash_ex.o(i.FLASH_FlushCaches)
    FLASH_WaitForLastOperation               0x08000c55   Thumb Code    72  stm32f4xx_hal_flash.o(i.FLASH_WaitForLastOperation)
    Get_Length                               0x08000ca5   Thumb Code    86  angle_length.o(i.Get_Length)
    HAL_ADC_ConfigChannel                    0x08000d11   Thumb Code   316  stm32f4xx_hal_adc.o(i.HAL_ADC_ConfigChannel)
    HAL_ADC_Init                             0x08000e5d   Thumb Code    84  stm32f4xx_hal_adc.o(i.HAL_ADC_Init)
    HAL_ADC_MspInit                          0x08000eb1   Thumb Code    82  adc.o(i.HAL_ADC_MspInit)
    HAL_DMA_Init                             0x08000f11   Thumb Code   206  stm32f4xx_hal_dma.o(i.HAL_DMA_Init)
    HAL_Delay                                0x08000fe5   Thumb Code    32  stm32f4xx_hal.o(i.HAL_Delay)
    HAL_FLASHEx_Erase                        0x08001009   Thumb Code   144  stm32f4xx_hal_flash_ex.o(i.HAL_FLASHEx_Erase)
    HAL_FLASH_Lock                           0x080010a1   Thumb Code    14  stm32f4xx_hal_flash.o(i.HAL_FLASH_Lock)
    HAL_FLASH_Program                        0x080010b5   Thumb Code   116  stm32f4xx_hal_flash.o(i.HAL_FLASH_Program)
    HAL_FLASH_Unlock                         0x08001131   Thumb Code    32  stm32f4xx_hal_flash.o(i.HAL_FLASH_Unlock)
    HAL_GPIO_Init                            0x0800115d   Thumb Code   444  stm32f4xx_hal_gpio.o(i.HAL_GPIO_Init)
    HAL_GPIO_ReadPin                         0x08001339   Thumb Code    10  stm32f4xx_hal_gpio.o(i.HAL_GPIO_ReadPin)
    HAL_GPIO_TogglePin                       0x08001343   Thumb Code    16  stm32f4xx_hal_gpio.o(i.HAL_GPIO_TogglePin)
    HAL_GPIO_WritePin                        0x08001353   Thumb Code    10  stm32f4xx_hal_gpio.o(i.HAL_GPIO_WritePin)
    HAL_GetTick                              0x0800135d   Thumb Code     6  stm32f4xx_hal.o(i.HAL_GetTick)
    HAL_IncTick                              0x08001369   Thumb Code    12  stm32f4xx_hal.o(i.HAL_IncTick)
    HAL_Init                                 0x08001379   Thumb Code    48  stm32f4xx_hal.o(i.HAL_Init)
    HAL_InitTick                             0x080013ad   Thumb Code    54  stm32f4xx_hal.o(i.HAL_InitTick)
    HAL_MspInit                              0x080013ed   Thumb Code    48  stm32f4xx_hal_msp.o(i.HAL_MspInit)
    HAL_NVIC_EnableIRQ                       0x08001421   Thumb Code    26  stm32f4xx_hal_cortex.o(i.HAL_NVIC_EnableIRQ)
    HAL_NVIC_SetPriority                     0x0800143d   Thumb Code    60  stm32f4xx_hal_cortex.o(i.HAL_NVIC_SetPriority)
    HAL_NVIC_SetPriorityGrouping             0x0800147d   Thumb Code    26  stm32f4xx_hal_cortex.o(i.HAL_NVIC_SetPriorityGrouping)
    HAL_RCC_ClockConfig                      0x080014a1   Thumb Code   288  stm32f4xx_hal_rcc.o(i.HAL_RCC_ClockConfig)
    HAL_RCC_GetPCLK1Freq                     0x080015d5   Thumb Code    20  stm32f4xx_hal_rcc.o(i.HAL_RCC_GetPCLK1Freq)
    HAL_RCC_GetPCLK2Freq                     0x080015f5   Thumb Code    20  stm32f4xx_hal_rcc.o(i.HAL_RCC_GetPCLK2Freq)
    HAL_RCC_GetSysClockFreq                  0x08001615   Thumb Code    88  stm32f4xx_hal_rcc.o(i.HAL_RCC_GetSysClockFreq)
    HAL_RCC_OscConfig                        0x08001679   Thumb Code   856  stm32f4xx_hal_rcc.o(i.HAL_RCC_OscConfig)
    HAL_SPI_Init                             0x080019e5   Thumb Code   188  stm32f4xx_hal_spi.o(i.HAL_SPI_Init)
    HAL_SPI_MspInit                          0x08001aa1   Thumb Code   216  spi.o(i.HAL_SPI_MspInit)
    HAL_SYSTICK_Config                       0x08001b95   Thumb Code    40  stm32f4xx_hal_cortex.o(i.HAL_SYSTICK_Config)
    HAL_TIMEx_MasterConfigSynchronization    0x08001bbd   Thumb Code   104  stm32f4xx_hal_tim_ex.o(i.HAL_TIMEx_MasterConfigSynchronization)
    HAL_TIM_MspPostInit                      0x08001c39   Thumb Code    70  tim.o(i.HAL_TIM_MspPostInit)
    HAL_TIM_PWM_ConfigChannel                0x08001c8d   Thumb Code   198  stm32f4xx_hal_tim.o(i.HAL_TIM_PWM_ConfigChannel)
    HAL_TIM_PWM_Init                         0x08001d53   Thumb Code    90  stm32f4xx_hal_tim.o(i.HAL_TIM_PWM_Init)
    HAL_TIM_PWM_MspInit                      0x08001dad   Thumb Code    50  tim.o(i.HAL_TIM_PWM_MspInit)
    HAL_UART_Init                            0x08001de9   Thumb Code    98  stm32f4xx_hal_uart.o(i.HAL_UART_Init)
    HAL_UART_MspInit                         0x08001e4d   Thumb Code   458  usart.o(i.HAL_UART_MspInit)
    HAL_UART_Transmit                        0x0800203d   Thumb Code   178  stm32f4xx_hal_uart.o(i.HAL_UART_Transmit)
    HardFault_Handler                        0x080020ef   Thumb Code     2  stm32f4xx_it.o(i.HardFault_Handler)
    IINCHIP_READ                             0x080020f1   Thumb Code    52  w5500_conf.o(i.IINCHIP_READ)
    IINCHIP_SpiSendData                      0x08002125   Thumb Code     4  w5500_conf.o(i.IINCHIP_SpiSendData)
    IINCHIP_WRITE                            0x08002129   Thumb Code    56  w5500_conf.o(i.IINCHIP_WRITE)
    LCD_Address_Set                          0x08002161   Thumb Code    66  bsp_lcd_init.o(i.LCD_Address_Set)
    LCD_DrawPoint                            0x080021a3   Thumb Code    22  bsp_lcd.o(i.LCD_DrawPoint)
    LCD_Fill                                 0x080021b9   Thumb Code   100  bsp_lcd.o(i.LCD_Fill)
    LCD_Init                                 0x08002229   Thumb Code   596  bsp_lcd_init.o(i.LCD_Init)
    LCD_ShowChar                             0x08002481   Thumb Code   252  bsp_lcd.o(i.LCD_ShowChar)
    LCD_ShowIntNum                           0x0800258d   Thumb Code   182  bsp_lcd.o(i.LCD_ShowIntNum)
    LCD_ShowPicture                          0x08002643   Thumb Code    44  bsp_lcd.o(i.LCD_ShowPicture)
    LCD_ShowString                           0x0800266f   Thumb Code    58  bsp_lcd.o(i.LCD_ShowString)
    LCD_WR_DATA                              0x080026a9   Thumb Code    20  bsp_lcd_init.o(i.LCD_WR_DATA)
    LCD_WR_REG                               0x080026bd   Thumb Code    36  bsp_lcd_init.o(i.LCD_WR_REG)
    LCD_Writ_Bus                             0x080026e5   Thumb Code    56  bsp_lcd_init.o(i.LCD_Writ_Bus)
    MX_ADC1_Init                             0x08002729   Thumb Code    86  adc.o(i.MX_ADC1_Init)
    MX_DMA_Init                              0x0800278d   Thumb Code   120  dma.o(i.MX_DMA_Init)
    MX_GPIO_Init                             0x08002809   Thumb Code   320  gpio.o(i.MX_GPIO_Init)
    MX_SPI1_Init                             0x08002961   Thumb Code    62  spi.o(i.MX_SPI1_Init)
    MX_SPI2_Init                             0x080029a9   Thumb Code    56  spi.o(i.MX_SPI2_Init)
    MX_TIM4_Init                             0x080029e9   Thumb Code   152  tim.o(i.MX_TIM4_Init)
    MX_USART1_UART_Init                      0x08002a89   Thumb Code    48  usart.o(i.MX_USART1_UART_Init)
    MX_USART2_UART_Init                      0x08002ac1   Thumb Code    48  usart.o(i.MX_USART2_UART_Init)
    MX_USART6_UART_Init                      0x08002af9   Thumb Code    48  usart.o(i.MX_USART6_UART_Init)
    Measure_Xmax_Length                      0x08002b31   Thumb Code    80  angle_length.o(i.Measure_Xmax_Length)
    MemManage_Handler                        0x08002b89   Thumb Code     2  stm32f4xx_it.o(i.MemManage_Handler)
    NMI_Handler                              0x08002b8b   Thumb Code     2  stm32f4xx_it.o(i.NMI_Handler)
    OPENMV_SetDispMode                       0x08002b8d   Thumb Code    52  openmv.o(i.OPENMV_SetDispMode)
    OpenMV_DataProcess                       0x08002bc5   Thumb Code   190  openmv.o(i.OpenMV_DataProcess)
    OpenMV_DataUnPack                        0x08002c89   Thumb Code    74  openmv.o(i.OpenMV_DataUnPack)
    OpenMV_SendLabThr                        0x08002ce5   Thumb Code    90  openmv.o(i.OpenMV_SendLabThr)
    PendSV_Handler                           0x08002d45   Thumb Code     2  stm32f4xx_it.o(i.PendSV_Handler)
    Rx_udp                                   0x08002d49   Thumb Code   188  udp_demo.o(i.Rx_udp)
    SPI1_LCD_ReInit                          0x08002e1d   Thumb Code    76  bsp_lcd_init.o(i.SPI1_LCD_ReInit)
    SPI2_IRQHandler                          0x08002e71   Thumb Code   202  bsp_spi.o(i.SPI2_IRQHandler)
    SPI_SendByte                             0x08002f4d   Thumb Code    38  w5500_conf.o(i.SPI_SendByte)
    SVC_Handler                              0x08002f7d   Thumb Code     2  stm32f4xx_it.o(i.SVC_Handler)
    SysTick_Handler                          0x08002f7f   Thumb Code     4  stm32f4xx_it.o(i.SysTick_Handler)
    SystemClock_Config                       0x08002f85   Thumb Code   146  main.o(i.SystemClock_Config)
    SystemInit                               0x08003021   Thumb Code    22  system_stm32f4xx.o(i.SystemInit)
    TIM_Base_SetConfig                       0x0800303d   Thumb Code   122  stm32f4xx_hal_tim.o(i.TIM_Base_SetConfig)
    TIM_OC2_SetConfig                        0x08003125   Thumb Code    84  stm32f4xx_hal_tim.o(i.TIM_OC2_SetConfig)
    Tx_udp                                   0x08003219   Thumb Code    64  udp_demo.o(i.Tx_udp)
    USART1_IRQHandler                        0x080033d9   Thumb Code   126  bsp_usart.o(i.USART1_IRQHandler)
    USART2_IRQHandler                        0x0800346d   Thumb Code   132  bsp_usart.o(i.USART2_IRQHandler)
    UsageFault_Handler                       0x08003509   Thumb Code     2  stm32f4xx_it.o(i.UsageFault_Handler)
    __0printf                                0x0800350d   Thumb Code    22  printfa.o(i.__0printf)
    __1printf                                0x0800350d   Thumb Code     0  printfa.o(i.__0printf)
    __2printf                                0x0800350d   Thumb Code     0  printfa.o(i.__0printf)
    __c89printf                              0x0800350d   Thumb Code     0  printfa.o(i.__0printf)
    printf                                   0x0800350d   Thumb Code     0  printfa.o(i.__0printf)
    __scatterload_copy                       0x0800354d   Thumb Code    14  handlers.o(i.__scatterload_copy)
    __scatterload_null                       0x0800355b   Thumb Code     2  handlers.o(i.__scatterload_null)
    __scatterload_zeroinit                   0x0800355d   Thumb Code    14  handlers.o(i.__scatterload_zeroinit)
    appInit                                  0x08003e21   Thumb Code   118  appmain.o(i.appInit)
    appMain                                  0x08003eb5   Thumb Code   346  appmain.o(i.appMain)
    close                                    0x0800403d   Thumb Code    48  socket.o(i.close)
    delay_us                                 0x0800406d   Thumb Code    16  w5500_conf.o(i.delay_us)
    ec11_Init                                0x0800407d   Thumb Code     2  bsp_ec11.o(i.ec11_Init)
    fifo_s_gets                              0x0800407f   Thumb Code   126  fifo.o(i.fifo_s_gets)
    fifo_s_init                              0x080040fd   Thumb Code    22  fifo.o(i.fifo_s_init)
    fifo_s_puts                              0x08004113   Thumb Code   124  fifo.o(i.fifo_s_puts)
    fifo_s_used                              0x0800418f   Thumb Code     4  fifo.o(i.fifo_s_used)
    flash_erase_address                      0x08004195   Thumb Code   102  bsp_flash.o(i.flash_erase_address)
    flash_read                               0x0800420d   Thumb Code    12  bsp_flash.o(i.flash_read)
    flash_write_single_address               0x08004219   Thumb Code    98  bsp_flash.o(i.flash_write_single_address)
    fputc                                    0x08004281   Thumb Code    18  fputc.o(i.fputc)
    getGAR                                   0x08004293   Thumb Code    10  w5500.o(i.getGAR)
    getIINCHIP_TxMAX                         0x0800429d   Thumb Code     8  w5500.o(i.getIINCHIP_TxMAX)
    getSIPR                                  0x080042a9   Thumb Code    12  w5500.o(i.getSIPR)
    getSUBR                                  0x080042b5   Thumb Code    12  w5500.o(i.getSUBR)
    getSn_IR                                 0x080042c1   Thumb Code    12  w5500.o(i.getSn_IR)
    getSn_RX_RSR                             0x080042cd   Thumb Code    76  w5500.o(i.getSn_RX_RSR)
    getSn_SR                                 0x08004319   Thumb Code    12  w5500.o(i.getSn_SR)
    get_next_flash_address                   0x08004325   Thumb Code   168  bsp_flash.o(i.get_next_flash_address)
    main                                     0x080043f9   Thumb Code    54  main.o(i.main)
    menuInit                                 0x0800442f   Thumb Code    16  menu.o(i.menuInit)
    menuRefresh                              0x0800443f   Thumb Code    16  menu.o(i.menuRefresh)
    menuRefreshFlagSet                       0x0800444f   Thumb Code     6  menu.o(i.menuRefreshFlagSet)
    menuReturn                               0x08004455   Thumb Code    34  menu.o(i.menuReturn)
    menuSkip                                 0x08004479   Thumb Code    74  menu.o(i.menuSkip)
    menu_DebugVideo                          0x080044c5   Thumb Code   120  appmenu.o(i.menu_DebugVideo)
    menu_OPENMV_Conig                        0x08004569   Thumb Code   788  appmenu.o(i.menu_OPENMV_Conig)
    menu_StartMeasure                        0x080048c9   Thumb Code   104  appmenu.o(i.menu_StartMeasure)
    menu_StartUDP                            0x08004959   Thumb Code   100  appmenu.o(i.menu_StartUDP)
    menu_main                                0x080049e9   Thumb Code   380  appmenu.o(i.menu_main)
    mypow                                    0x08004bd1   Thumb Code    16  bsp_lcd.o(i.mypow)
    recvfrom                                 0x08004be1   Thumb Code   358  socket.o(i.recvfrom)
    reset_w5500                              0x08004d61   Thumb Code    46  w5500_conf.o(i.reset_w5500)
    send_data_processing                     0x08004d95   Thumb Code   104  w5500.o(i.send_data_processing)
    sendto                                   0x08004e1d   Thumb Code   226  socket.o(i.sendto)
    setGAR                                   0x08004eff   Thumb Code    10  w5500.o(i.setGAR)
    setSHAR                                  0x08004f09   Thumb Code    12  w5500.o(i.setSHAR)
    setSIPR                                  0x08004f15   Thumb Code    12  w5500.o(i.setSIPR)
    setSUBR                                  0x08004f21   Thumb Code    12  w5500.o(i.setSUBR)
    setSn_IR                                 0x08004f2d   Thumb Code    12  w5500.o(i.setSn_IR)
    set_w5500_ip                             0x08004f39   Thumb Code    94  w5500_conf.o(i.set_w5500_ip)
    set_w5500_mac                            0x08004fa1   Thumb Code    16  w5500_conf.o(i.set_w5500_mac)
    socket                                   0x08004fb9   Thumb Code   144  socket.o(i.socket)
    socket_buf_init                          0x0800504d   Thumb Code   128  w5500.o(i.socket_buf_init)
    spi1DMASendByte                          0x080050d1   Thumb Code   212  bsp_lcd.o(i.spi1DMASendByte)
    spi1DMASendHalfWord                      0x080051c5   Thumb Code   218  bsp_lcd.o(i.spi1DMASendHalfWord)
    spi1_Init                                0x080052c5   Thumb Code    24  bsp_spi.o(i.spi1_Init)
    spi2_Init                                0x080052e1   Thumb Code    24  bsp_spi.o(i.spi2_Init)
    usart2_SendData                          0x080052fd   Thumb Code    12  openmv.o(i.usart2_SendData)
    usart2_init                              0x0800530d   Thumb Code   182  bsp_usart.o(i.usart2_init)
    vari_init                                0x080053e5   Thumb Code    26  angle_length.o(i.vari_init)
    wiz_cs                                   0x08005409   Thumb Code    24  w5500_conf.o(i.wiz_cs)
    wiz_read_buf                             0x08005425   Thumb Code    72  w5500_conf.o(i.wiz_read_buf)
    wiz_write_buf                            0x0800546d   Thumb Code    74  w5500_conf.o(i.wiz_write_buf)
    AHBPrescTable                            0x080054be   Data          16  system_stm32f4xx.o(.constdata)
    APBPrescTable                            0x080054ce   Data           8  system_stm32f4xx.o(.constdata)
    ascii_1206                               0x080054d6   Data        1140  bsp_lcd.o(.constdata)
    ascii_1608                               0x0800594a   Data        1520  bsp_lcd.o(.constdata)
    ascii_2412                               0x08005f3a   Data        4560  bsp_lcd.o(.constdata)
    ascii_3216                               0x0800710a   Data        6080  bsp_lcd.o(.constdata)
    tfont12                                  0x080088ca   Data         130  bsp_lcd.o(.constdata)
    tfont16                                  0x0800894c   Data         170  bsp_lcd.o(.constdata)
    tfont24                                  0x080089f6   Data         370  bsp_lcd.o(.constdata)
    tfont32                                  0x08008b68   Data         650  bsp_lcd.o(.constdata)
    Region$$Table$$Base                      0x08008df4   Number         0  anon$$obj.o(Region$$Table)
    Region$$Table$$Limit                     0x08008e14   Number         0  anon$$obj.o(Region$$Table)
    uwTickFreq                               0x20000000   Data           1  stm32f4xx_hal.o(.data)
    uwTickPrio                               0x20000004   Data           4  stm32f4xx_hal.o(.data)
    uwTick                                   0x20000008   Data           4  stm32f4xx_hal.o(.data)
    SystemCoreClock                          0x2000000c   Data           4  system_stm32f4xx.o(.data)
    DMAsendingFlag                           0x20000014   Data           1  bsp_lcd.o(.data)
    color_fill                               0x20000016   Data           2  bsp_lcd.o(.data)
    spi2_rx_Flag                             0x20000018   Data           1  bsp_spi.o(.data)
    spi2_RX_Process                          0x20000019   Data           1  bsp_spi.o(.data)
    spi2_rx_Count                            0x2000001c   Data           4  bsp_spi.o(.data)
    button_flag                              0x20000031   Data           1  bsp_ec11.o(.data)
    ec11_num                                 0x20000034   Data           4  bsp_ec11.o(.data)
    Last_EXTI3_Tim                           0x20000038   Data           4  bsp_ec11.o(.data)
    txsize                                   0x2000003c   Data           8  w5500.o(.data)
    rxsize                                   0x20000044   Data           8  w5500.o(.data)
    local_ip                                 0x2000004c   Data           4  w5500_conf.o(.data)
    subnet                                   0x20000050   Data           4  w5500_conf.o(.data)
    gateway                                  0x20000054   Data           4  w5500_conf.o(.data)
    dns_server                               0x20000058   Data           4  w5500_conf.o(.data)
    mac                                      0x2000005c   Data           6  w5500_conf.o(.data)
    local_port                               0x20000062   Data           2  w5500_conf.o(.data)
    remote_ip                                0x20000064   Data           4  w5500_conf.o(.data)
    remote_port                              0x20000068   Data           2  w5500_conf.o(.data)
    udp_start_flag                           0x2000006c   Data           1  appmain.o(.data)
    measure_flag                             0x2000006d   Data           1  appmain.o(.data)
    netSendTick                              0x20000070   Data           4  appmain.o(.data)
    UDP_rx_Tick                              0x20000074   Data           4  appmain.o(.data)
    get_pos_tick                             0x20000078   Data           4  appmain.o(.data)
    lcdTick                                  0x2000007c   Data           4  appmain.o(.data)
    ec11Tick                                 0x20000080   Data           4  appmain.o(.data)
    debug_mode_flag                          0x20000084   Data           1  appmain.o(.data)
    openmv_mode_flag                         0x20000088   Data           1  appmenu.o(.data)
    line_cursor                              0x2000008a   Data           1  appmenu.o(.data)
    Configs                                  0x2000009c   Data           6  appmenu.o(.data)
    circle_begin_flag                        0x200000a4   Data           1  angle_length.o(.data)
    x_max_capture_flag                       0x200000a5   Data           1  angle_length.o(.data)
    x_max                                    0x200000a6   Data           2  angle_length.o(.data)
    x_max_temp                               0x200000a8   Data           2  angle_length.o(.data)
    get_x_seconds                            0x200000aa   Data           2  angle_length.o(.data)
    circle                                   0x200000ac   Data           2  angle_length.o(.data)
    Last_tick                                0x200000ae   Data           2  angle_length.o(.data)
    x_max_tick                               0x200000b0   Data           4  angle_length.o(.data)
    x_max_last_tick                          0x200000b4   Data           4  angle_length.o(.data)
    length_temp                              0x200000b8   Data           4  angle_length.o(.data)
    T                                        0x200000bc   Data           4  angle_length.o(.data)
    length                                   0x200000c0   Data           4  angle_length.o(.data)
    blob_x_pos                               0x200000c6   Data           2  openmv.o(.data)
    blob_y_pos                               0x200000c8   Data           2  openmv.o(.data)
    blob_x_buf                               0x200000ca   Data           6  openmv.o(.data)
    OpenMVProcBuf                            0x200000d0   Data           8  openmv.o(.data)
    udp_establish_flag                       0x200000d8   Data           1  udp_demo.o(.data)
    osc_flag                                 0x200000d9   Data           1  udp_demo.o(.data)
    rx_remote_port                           0x200000da   Data           2  udp_demo.o(.data)
    rx_remote_ip                             0x200000dc   Data           4  udp_demo.o(.data)
    __stdout                                 0x200000e0   Data           4  stdout.o(.data)
    hadc1                                    0x200000e4   Data          72  adc.o(.bss)
    hspi1                                    0x2000012c   Data          88  spi.o(.bss)
    hspi2                                    0x20000184   Data          88  spi.o(.bss)
    hdma_spi1_tx                             0x200001dc   Data          96  spi.o(.bss)
    htim4                                    0x2000023c   Data          72  tim.o(.bss)
    huart1                                   0x20000284   Data          68  usart.o(.bss)
    huart2                                   0x200002c8   Data          68  usart.o(.bss)
    huart6                                   0x2000030c   Data          68  usart.o(.bss)
    hdma_usart1_tx                           0x20000350   Data          96  usart.o(.bss)
    hdma_usart1_rx                           0x200003b0   Data          96  usart.o(.bss)
    hdma_usart2_rx                           0x20000410   Data          96  usart.o(.bss)
    hdma_usart2_tx                           0x20000470   Data          96  usart.o(.bss)
    pFlash                                   0x200004d0   Data          32  stm32f4xx_hal_flash.o(.bss)
    usart1_Buf                               0x200004f0   Data         512  bsp_usart.o(.bss)
    u1_Fifo_Buf                              0x200006f0   Data         512  bsp_usart.o(.bss)
    u1_Fifo                                  0x200008f0   Data          24  bsp_usart.o(.bss)
    usart2_Buf                               0x20000908   Data         512  bsp_usart.o(.bss)
    u2_Fifo_Buf                              0x20000b08   Data         512  bsp_usart.o(.bss)
    u2_Fifo                                  0x20000d08   Data          24  bsp_usart.o(.bss)
    printf_buf                               0x20000d20   Data         128  bsp_usart.o(.bss)
    img_Buf                                  0x20000da0   Data       26000  bsp_spi.o(.bss)
    SSIZE                                    0x20007330   Data          16  w5500.o(.bss)
    RSIZE                                    0x20007340   Data          16  w5500.o(.bss)
    ConfigMsg                                0x20007350   Data          28  w5500_conf.o(.bss)
    img_Data                                 0x2000736c   Data       24000  appmain.o(.bss)
    UDP_tx_buf                               0x2000d12c   Data          12  appmain.o(.bss)
    GUI                                      0x2000d138   Data          92  appmenu.o(.bss)
    openmv_tx_buf                            0x2000d194   Data          64  openmv.o(.bss)
    udp_rx_buf                               0x2000d1d4   Data          32  udp_demo.o(.bss)
    __initial_sp                             0x2000d5f8   Data           0  startup_stm32f401xc.o(STACK)



==============================================================================

Memory Map of the image

  Image Entry point : 0x08000195

  Load Region LR_IROM1 (Base: 0x08000000, Size: 0x00008ef8, Max: 0x00040000, ABSOLUTE)

    Execution Region ER_IROM1 (Exec base: 0x08000000, Load base: 0x08000000, Size: 0x00008e14, Max: 0x00040000, ABSOLUTE)

    Exec Addr    Load Addr    Size         Type   Attr      Idx    E Section Name        Object

    0x08000000   0x08000000   0x00000194   Data   RO         3694    RESET               startup_stm32f401xc.o
    0x08000194   0x08000194   0x00000000   Code   RO         5337  * .ARM.Collect$$$$00000000  mc_w.l(entry.o)
    0x08000194   0x08000194   0x00000004   Code   RO         5643    .ARM.Collect$$$$00000001  mc_w.l(entry2.o)
    0x08000198   0x08000198   0x00000004   Code   RO         5646    .ARM.Collect$$$$00000004  mc_w.l(entry5.o)
    0x0800019c   0x0800019c   0x00000000   Code   RO         5648    .ARM.Collect$$$$00000008  mc_w.l(entry7b.o)
    0x0800019c   0x0800019c   0x00000000   Code   RO         5650    .ARM.Collect$$$$0000000A  mc_w.l(entry8b.o)
    0x0800019c   0x0800019c   0x00000008   Code   RO         5651    .ARM.Collect$$$$0000000B  mc_w.l(entry9a.o)
    0x080001a4   0x080001a4   0x00000000   Code   RO         5653    .ARM.Collect$$$$0000000D  mc_w.l(entry10a.o)
    0x080001a4   0x080001a4   0x00000000   Code   RO         5655    .ARM.Collect$$$$0000000F  mc_w.l(entry11a.o)
    0x080001a4   0x080001a4   0x00000004   Code   RO         5644    .ARM.Collect$$$$00002712  mc_w.l(entry2.o)
    0x080001a8   0x080001a8   0x00000024   Code   RO         3695    .text               startup_stm32f401xc.o
    0x080001cc   0x080001cc   0x00000062   Code   RO         5340    .text               mc_w.l(uldiv.o)
    0x0800022e   0x0800022e   0x00000024   Code   RO         5342    .text               mc_w.l(memcpya.o)
    0x08000252   0x08000252   0x00000024   Code   RO         5344    .text               mc_w.l(memseta.o)
    0x08000276   0x08000276   0x000000de   Code   RO         5637    .text               mf_w.l(ddiv.o)
    0x08000354   0x08000354   0x0000001a   Code   RO         5639    .text               mf_w.l(dfltui.o)
    0x0800036e   0x0800036e   0x00000038   Code   RO         5641    .text               mf_w.l(d2f.o)
    0x080003a6   0x080003a6   0x0000002c   Code   RO         5660    .text               mc_w.l(uidiv.o)
    0x080003d2   0x080003d2   0x0000001e   Code   RO         5662    .text               mc_w.l(llshl.o)
    0x080003f0   0x080003f0   0x00000020   Code   RO         5664    .text               mc_w.l(llushr.o)
    0x08000410   0x08000410   0x00000000   Code   RO         5668    .text               mc_w.l(iusefp.o)
    0x08000410   0x08000410   0x0000006e   Code   RO         5669    .text               mf_w.l(fepilogue.o)
    0x0800047e   0x0800047e   0x000000ba   Code   RO         5671    .text               mf_w.l(depilogue.o)
    0x08000538   0x08000538   0x0000014e   Code   RO         5673    .text               mf_w.l(dadd.o)
    0x08000686   0x08000686   0x000000e4   Code   RO         5675    .text               mf_w.l(dmul.o)
    0x0800076a   0x0800076a   0x00000030   Code   RO         5677    .text               mf_w.l(dfixul.o)
    0x0800079a   0x0800079a   0x00000002   PAD
    0x0800079c   0x0800079c   0x00000030   Code   RO         5679    .text               mf_w.l(cdrcmple.o)
    0x080007cc   0x080007cc   0x00000024   Code   RO         5681    .text               mc_w.l(init.o)
    0x080007f0   0x080007f0   0x00000000   Code   RO         5683    .text               mc_w.l(semi.o)
    0x080007f0   0x080007f0   0x00000024   Code   RO         5684    .text               mc_w.l(llsshr.o)
    0x08000814   0x08000814   0x00000000   Code   RO         5686    .text               mc_w.l(iusesemip.o)
    0x08000814   0x08000814   0x00000128   Code   RO          558    i.ADC_Init          stm32f4xx_hal_adc.o
    0x0800093c   0x0800093c   0x00000002   Code   RO          456    i.BusFault_Handler  stm32f4xx_it.o
    0x0800093e   0x0800093e   0x00000002   PAD
    0x08000940   0x08000940   0x00000028   Code   RO         1316    i.DMA_CalcBaseAndBitshift  stm32f4xx_hal_dma.o
    0x08000968   0x08000968   0x00000054   Code   RO         1317    i.DMA_CheckFifoParam  stm32f4xx_hal_dma.o
    0x080009bc   0x080009bc   0x00000002   Code   RO          457    i.DebugMon_Handler  stm32f4xx_it.o
    0x080009be   0x080009be   0x00000002   PAD
    0x080009c0   0x080009c0   0x00000034   Code   RO         4602    i.EC11_ScanButton   bsp_ec11.o
    0x080009f4   0x080009f4   0x00000018   Code   RO         4603    i.EC11_getButtonFlag  bsp_ec11.o
    0x08000a0c   0x08000a0c   0x0000000c   Code   RO         4604    i.EC11_getCount     bsp_ec11.o
    0x08000a18   0x08000a18   0x0000005c   Code   RO         4605    i.EXTI3_IRQHandler  bsp_ec11.o
    0x08000a74   0x08000a74   0x00000004   Code   RO            4    i.Error_Handler     main.o
    0x08000a78   0x08000a78   0x00000050   Code   RO         1107    i.FLASH_Erase_Sector  stm32f4xx_hal_flash_ex.o
    0x08000ac8   0x08000ac8   0x00000054   Code   RO         1108    i.FLASH_FlushCaches  stm32f4xx_hal_flash_ex.o
    0x08000b1c   0x08000b1c   0x00000028   Code   RO         1109    i.FLASH_MassErase   stm32f4xx_hal_flash_ex.o
    0x08000b44   0x08000b44   0x00000020   Code   RO          989    i.FLASH_Program_Byte  stm32f4xx_hal_flash.o
    0x08000b64   0x08000b64   0x0000002c   Code   RO          990    i.FLASH_Program_DoubleWord  stm32f4xx_hal_flash.o
    0x08000b90   0x08000b90   0x00000024   Code   RO          991    i.FLASH_Program_HalfWord  stm32f4xx_hal_flash.o
    0x08000bb4   0x08000bb4   0x00000024   Code   RO          992    i.FLASH_Program_Word  stm32f4xx_hal_flash.o
    0x08000bd8   0x08000bd8   0x0000007c   Code   RO          993    i.FLASH_SetErrorCode  stm32f4xx_hal_flash.o
    0x08000c54   0x08000c54   0x00000050   Code   RO          994    i.FLASH_WaitForLastOperation  stm32f4xx_hal_flash.o
    0x08000ca4   0x08000ca4   0x0000006c   Code   RO         5183    i.Get_Length        angle_length.o
    0x08000d10   0x08000d10   0x0000014c   Code   RO          560    i.HAL_ADC_ConfigChannel  stm32f4xx_hal_adc.o
    0x08000e5c   0x08000e5c   0x00000054   Code   RO          569    i.HAL_ADC_Init      stm32f4xx_hal_adc.o
    0x08000eb0   0x08000eb0   0x00000060   Code   RO          211    i.HAL_ADC_MspInit   adc.o
    0x08000f10   0x08000f10   0x000000d4   Code   RO         1325    i.HAL_DMA_Init      stm32f4xx_hal_dma.o
    0x08000fe4   0x08000fe4   0x00000024   Code   RO         1762    i.HAL_Delay         stm32f4xx_hal.o
    0x08001008   0x08001008   0x00000098   Code   RO         1112    i.HAL_FLASHEx_Erase  stm32f4xx_hal_flash_ex.o
    0x080010a0   0x080010a0   0x00000014   Code   RO          998    i.HAL_FLASH_Lock    stm32f4xx_hal_flash.o
    0x080010b4   0x080010b4   0x0000007c   Code   RO         1003    i.HAL_FLASH_Program  stm32f4xx_hal_flash.o
    0x08001130   0x08001130   0x0000002c   Code   RO         1005    i.HAL_FLASH_Unlock  stm32f4xx_hal_flash.o
    0x0800115c   0x0800115c   0x000001dc   Code   RO         1212    i.HAL_GPIO_Init     stm32f4xx_hal_gpio.o
    0x08001338   0x08001338   0x0000000a   Code   RO         1214    i.HAL_GPIO_ReadPin  stm32f4xx_hal_gpio.o
    0x08001342   0x08001342   0x00000010   Code   RO         1215    i.HAL_GPIO_TogglePin  stm32f4xx_hal_gpio.o
    0x08001352   0x08001352   0x0000000a   Code   RO         1216    i.HAL_GPIO_WritePin  stm32f4xx_hal_gpio.o
    0x0800135c   0x0800135c   0x0000000c   Code   RO         1768    i.HAL_GetTick       stm32f4xx_hal.o
    0x08001368   0x08001368   0x00000010   Code   RO         1774    i.HAL_IncTick       stm32f4xx_hal.o
    0x08001378   0x08001378   0x00000034   Code   RO         1775    i.HAL_Init          stm32f4xx_hal.o
    0x080013ac   0x080013ac   0x00000040   Code   RO         1776    i.HAL_InitTick      stm32f4xx_hal.o
    0x080013ec   0x080013ec   0x00000034   Code   RO          531    i.HAL_MspInit       stm32f4xx_hal_msp.o
    0x08001420   0x08001420   0x0000001a   Code   RO         1625    i.HAL_NVIC_EnableIRQ  stm32f4xx_hal_cortex.o
    0x0800143a   0x0800143a   0x00000002   PAD
    0x0800143c   0x0800143c   0x00000040   Code   RO         1631    i.HAL_NVIC_SetPriority  stm32f4xx_hal_cortex.o
    0x0800147c   0x0800147c   0x00000024   Code   RO         1632    i.HAL_NVIC_SetPriorityGrouping  stm32f4xx_hal_cortex.o
    0x080014a0   0x080014a0   0x00000134   Code   RO          834    i.HAL_RCC_ClockConfig  stm32f4xx_hal_rcc.o
    0x080015d4   0x080015d4   0x00000020   Code   RO          841    i.HAL_RCC_GetPCLK1Freq  stm32f4xx_hal_rcc.o
    0x080015f4   0x080015f4   0x00000020   Code   RO          842    i.HAL_RCC_GetPCLK2Freq  stm32f4xx_hal_rcc.o
    0x08001614   0x08001614   0x00000064   Code   RO          843    i.HAL_RCC_GetSysClockFreq  stm32f4xx_hal_rcc.o
    0x08001678   0x08001678   0x0000036c   Code   RO          846    i.HAL_RCC_OscConfig  stm32f4xx_hal_rcc.o
    0x080019e4   0x080019e4   0x000000bc   Code   RO         2054    i.HAL_SPI_Init      stm32f4xx_hal_spi.o
    0x08001aa0   0x08001aa0   0x000000f4   Code   RO          307    i.HAL_SPI_MspInit   spi.o
    0x08001b94   0x08001b94   0x00000028   Code   RO         1636    i.HAL_SYSTICK_Config  stm32f4xx_hal_cortex.o
    0x08001bbc   0x08001bbc   0x0000007c   Code   RO         3090    i.HAL_TIMEx_MasterConfigSynchronization  stm32f4xx_hal_tim_ex.o
    0x08001c38   0x08001c38   0x00000054   Code   RO          354    i.HAL_TIM_MspPostInit  tim.o
    0x08001c8c   0x08001c8c   0x000000c6   Code   RO         2439    i.HAL_TIM_PWM_ConfigChannel  stm32f4xx_hal_tim.o
    0x08001d52   0x08001d52   0x0000005a   Code   RO         2442    i.HAL_TIM_PWM_Init  stm32f4xx_hal_tim.o
    0x08001dac   0x08001dac   0x0000003c   Code   RO          356    i.HAL_TIM_PWM_MspInit  tim.o
    0x08001de8   0x08001de8   0x00000062   Code   RO         3367    i.HAL_UART_Init     stm32f4xx_hal_uart.o
    0x08001e4a   0x08001e4a   0x00000002   PAD
    0x08001e4c   0x08001e4c   0x000001f0   Code   RO          403    i.HAL_UART_MspInit  usart.o
    0x0800203c   0x0800203c   0x000000b2   Code   RO         3375    i.HAL_UART_Transmit  stm32f4xx_hal_uart.o
    0x080020ee   0x080020ee   0x00000002   Code   RO          458    i.HardFault_Handler  stm32f4xx_it.o
    0x080020f0   0x080020f0   0x00000034   Code   RO         4911    i.IINCHIP_READ      w5500_conf.o
    0x08002124   0x08002124   0x00000004   Code   RO         4912    i.IINCHIP_SpiSendData  w5500_conf.o
    0x08002128   0x08002128   0x00000038   Code   RO         4913    i.IINCHIP_WRITE     w5500_conf.o
    0x08002160   0x08002160   0x00000042   Code   RO         4422    i.LCD_Address_Set   bsp_lcd_init.o
    0x080021a2   0x080021a2   0x00000016   Code   RO         4289    i.LCD_DrawPoint     bsp_lcd.o
    0x080021b8   0x080021b8   0x00000070   Code   RO         4291    i.LCD_Fill          bsp_lcd.o
    0x08002228   0x08002228   0x00000258   Code   RO         4423    i.LCD_Init          bsp_lcd_init.o
    0x08002480   0x08002480   0x0000010c   Code   RO         4292    i.LCD_ShowChar      bsp_lcd.o
    0x0800258c   0x0800258c   0x000000b6   Code   RO         4299    i.LCD_ShowIntNum    bsp_lcd.o
    0x08002642   0x08002642   0x0000002c   Code   RO         4300    i.LCD_ShowPicture   bsp_lcd.o
    0x0800266e   0x0800266e   0x0000003a   Code   RO         4301    i.LCD_ShowString    bsp_lcd.o
    0x080026a8   0x080026a8   0x00000014   Code   RO         4424    i.LCD_WR_DATA       bsp_lcd_init.o
    0x080026bc   0x080026bc   0x00000028   Code   RO         4426    i.LCD_WR_REG        bsp_lcd_init.o
    0x080026e4   0x080026e4   0x00000044   Code   RO         4427    i.LCD_Writ_Bus      bsp_lcd_init.o
    0x08002728   0x08002728   0x00000064   Code   RO          212    i.MX_ADC1_Init      adc.o
    0x0800278c   0x0800278c   0x0000007c   Code   RO          252    i.MX_DMA_Init       dma.o
    0x08002808   0x08002808   0x00000158   Code   RO          186    i.MX_GPIO_Init      gpio.o
    0x08002960   0x08002960   0x00000048   Code   RO          308    i.MX_SPI1_Init      spi.o
    0x080029a8   0x080029a8   0x00000040   Code   RO          309    i.MX_SPI2_Init      spi.o
    0x080029e8   0x080029e8   0x000000a0   Code   RO          357    i.MX_TIM4_Init      tim.o
    0x08002a88   0x08002a88   0x00000038   Code   RO          404    i.MX_USART1_UART_Init  usart.o
    0x08002ac0   0x08002ac0   0x00000038   Code   RO          405    i.MX_USART2_UART_Init  usart.o
    0x08002af8   0x08002af8   0x00000038   Code   RO          406    i.MX_USART6_UART_Init  usart.o
    0x08002b30   0x08002b30   0x00000058   Code   RO         5185    i.Measure_Xmax_Length  angle_length.o
    0x08002b88   0x08002b88   0x00000002   Code   RO          459    i.MemManage_Handler  stm32f4xx_it.o
    0x08002b8a   0x08002b8a   0x00000002   Code   RO          460    i.NMI_Handler       stm32f4xx_it.o
    0x08002b8c   0x08002b8c   0x00000038   Code   RO         5235    i.OPENMV_SetDispMode  openmv.o
    0x08002bc4   0x08002bc4   0x000000c4   Code   RO         5236    i.OpenMV_DataProcess  openmv.o
    0x08002c88   0x08002c88   0x0000005c   Code   RO         5237    i.OpenMV_DataUnPack  openmv.o
    0x08002ce4   0x08002ce4   0x00000060   Code   RO         5238    i.OpenMV_SendLabThr  openmv.o
    0x08002d44   0x08002d44   0x00000002   Code   RO          461    i.PendSV_Handler    stm32f4xx_it.o
    0x08002d46   0x08002d46   0x00000002   PAD
    0x08002d48   0x08002d48   0x000000d4   Code   RO         5302    i.Rx_udp            udp_demo.o
    0x08002e1c   0x08002e1c   0x00000054   Code   RO         4428    i.SPI1_LCD_ReInit   bsp_lcd_init.o
    0x08002e70   0x08002e70   0x000000dc   Code   RO         4486    i.SPI2_IRQHandler   bsp_spi.o
    0x08002f4c   0x08002f4c   0x00000030   Code   RO         4914    i.SPI_SendByte      w5500_conf.o
    0x08002f7c   0x08002f7c   0x00000002   Code   RO          462    i.SVC_Handler       stm32f4xx_it.o
    0x08002f7e   0x08002f7e   0x00000004   Code   RO          463    i.SysTick_Handler   stm32f4xx_it.o
    0x08002f82   0x08002f82   0x00000002   PAD
    0x08002f84   0x08002f84   0x0000009c   Code   RO            5    i.SystemClock_Config  main.o
    0x08003020   0x08003020   0x0000001c   Code   RO         3703    i.SystemInit        system_stm32f4xx.o
    0x0800303c   0x0800303c   0x00000098   Code   RO         2460    i.TIM_Base_SetConfig  stm32f4xx_hal_tim.o
    0x080030d4   0x080030d4   0x00000050   Code   RO         2473    i.TIM_OC1_SetConfig  stm32f4xx_hal_tim.o
    0x08003124   0x08003124   0x00000058   Code   RO         2474    i.TIM_OC2_SetConfig  stm32f4xx_hal_tim.o
    0x0800317c   0x0800317c   0x00000058   Code   RO         2475    i.TIM_OC3_SetConfig  stm32f4xx_hal_tim.o
    0x080031d4   0x080031d4   0x00000044   Code   RO         2476    i.TIM_OC4_SetConfig  stm32f4xx_hal_tim.o
    0x08003218   0x08003218   0x00000050   Code   RO         5303    i.Tx_udp            udp_demo.o
    0x08003268   0x08003268   0x0000010c   Code   RO         3393    i.UART_SetConfig    stm32f4xx_hal_uart.o
    0x08003374   0x08003374   0x00000064   Code   RO         3396    i.UART_WaitOnFlagUntilTimeout  stm32f4xx_hal_uart.o
    0x080033d8   0x080033d8   0x00000094   Code   RO         4202    i.USART1_IRQHandler  bsp_usart.o
    0x0800346c   0x0800346c   0x0000009c   Code   RO         4203    i.USART2_IRQHandler  bsp_usart.o
    0x08003508   0x08003508   0x00000002   Code   RO          464    i.UsageFault_Handler  stm32f4xx_it.o
    0x0800350a   0x0800350a   0x00000002   PAD
    0x0800350c   0x0800350c   0x00000020   Code   RO         5581    i.__0printf         mc_w.l(printfa.o)
    0x0800352c   0x0800352c   0x00000020   Code   RO         1638    i.__NVIC_SetPriority  stm32f4xx_hal_cortex.o
    0x0800354c   0x0800354c   0x0000000e   Code   RO         5689    i.__scatterload_copy  mc_w.l(handlers.o)
    0x0800355a   0x0800355a   0x00000002   Code   RO         5690    i.__scatterload_null  mc_w.l(handlers.o)
    0x0800355c   0x0800355c   0x0000000e   Code   RO         5691    i.__scatterload_zeroinit  mc_w.l(handlers.o)
    0x0800356a   0x0800356a   0x00000002   PAD
    0x0800356c   0x0800356c   0x00000184   Code   RO         5588    i._fp_digits        mc_w.l(printfa.o)
    0x080036f0   0x080036f0   0x000006dc   Code   RO         5589    i._printf_core      mc_w.l(printfa.o)
    0x08003dcc   0x08003dcc   0x00000024   Code   RO         5590    i._printf_post_padding  mc_w.l(printfa.o)
    0x08003df0   0x08003df0   0x0000002e   Code   RO         5591    i._printf_pre_padding  mc_w.l(printfa.o)
    0x08003e1e   0x08003e1e   0x00000002   PAD
    0x08003e20   0x08003e20   0x00000094   Code   RO         5031    i.appInit           appmain.o
    0x08003eb4   0x08003eb4   0x00000188   Code   RO         5032    i.appMain           appmain.o
    0x0800403c   0x0800403c   0x00000030   Code   RO         4658    i.close             socket.o
    0x0800406c   0x0800406c   0x00000010   Code   RO         4915    i.delay_us          w5500_conf.o
    0x0800407c   0x0800407c   0x00000002   Code   RO         4606    i.ec11_Init         bsp_ec11.o
    0x0800407e   0x0800407e   0x0000007e   Code   RO         3875    i.fifo_s_gets       fifo.o
    0x080040fc   0x080040fc   0x00000016   Code   RO         3877    i.fifo_s_init       fifo.o
    0x08004112   0x08004112   0x0000007c   Code   RO         3883    i.fifo_s_puts       fifo.o
    0x0800418e   0x0800418e   0x00000004   Code   RO         3885    i.fifo_s_used       fifo.o
    0x08004192   0x08004192   0x00000002   PAD
    0x08004194   0x08004194   0x00000078   Code   RO         4531    i.flash_erase_address  bsp_flash.o
    0x0800420c   0x0800420c   0x0000000c   Code   RO         4532    i.flash_read        bsp_flash.o
    0x08004218   0x08004218   0x00000068   Code   RO         4534    i.flash_write_single_address  bsp_flash.o
    0x08004280   0x08004280   0x00000012   Code   RO         5657    i.fputc             mc_w.l(fputc.o)
    0x08004292   0x08004292   0x0000000a   Code   RO         4733    i.getGAR            w5500.o
    0x0800429c   0x0800429c   0x0000000c   Code   RO         4735    i.getIINCHIP_TxMAX  w5500.o
    0x080042a8   0x080042a8   0x0000000c   Code   RO         4738    i.getSIPR           w5500.o
    0x080042b4   0x080042b4   0x0000000c   Code   RO         4739    i.getSUBR           w5500.o
    0x080042c0   0x080042c0   0x0000000c   Code   RO         4740    i.getSn_IR          w5500.o
    0x080042cc   0x080042cc   0x0000004c   Code   RO         4741    i.getSn_RX_RSR      w5500.o
    0x08004318   0x08004318   0x0000000c   Code   RO         4742    i.getSn_SR          w5500.o
    0x08004324   0x08004324   0x000000d4   Code   RO         4535    i.get_next_flash_address  bsp_flash.o
    0x080043f8   0x080043f8   0x00000036   Code   RO            6    i.main              main.o
    0x0800442e   0x0800442e   0x00000010   Code   RO         4070    i.menuInit          menu.o
    0x0800443e   0x0800443e   0x00000010   Code   RO         4071    i.menuRefresh       menu.o
    0x0800444e   0x0800444e   0x00000006   Code   RO         4072    i.menuRefreshFlagSet  menu.o
    0x08004454   0x08004454   0x00000022   Code   RO         4073    i.menuReturn        menu.o
    0x08004476   0x08004476   0x00000002   PAD
    0x08004478   0x08004478   0x0000004a   Code   RO         4074    i.menuSkip          menu.o
    0x080044c2   0x080044c2   0x00000002   PAD
    0x080044c4   0x080044c4   0x000000a4   Code   RO         5104    i.menu_DebugVideo   appmenu.o
    0x08004568   0x08004568   0x00000360   Code   RO         5105    i.menu_OPENMV_Conig  appmenu.o
    0x080048c8   0x080048c8   0x00000090   Code   RO         5107    i.menu_StartMeasure  appmenu.o
    0x08004958   0x08004958   0x00000090   Code   RO         5108    i.menu_StartUDP     appmenu.o
    0x080049e8   0x080049e8   0x000001e8   Code   RO         5109    i.menu_main         appmenu.o
    0x08004bd0   0x08004bd0   0x00000010   Code   RO         4302    i.mypow             bsp_lcd.o
    0x08004be0   0x08004be0   0x00000180   Code   RO         4663    i.recvfrom          socket.o
    0x08004d60   0x08004d60   0x00000034   Code   RO         4918    i.reset_w5500       w5500_conf.o
    0x08004d94   0x08004d94   0x00000088   Code   RO         4746    i.send_data_processing  w5500.o
    0x08004e1c   0x08004e1c   0x000000e2   Code   RO         4665    i.sendto            socket.o
    0x08004efe   0x08004efe   0x0000000a   Code   RO         4747    i.setGAR            w5500.o
    0x08004f08   0x08004f08   0x0000000c   Code   RO         4751    i.setSHAR           w5500.o
    0x08004f14   0x08004f14   0x0000000c   Code   RO         4752    i.setSIPR           w5500.o
    0x08004f20   0x08004f20   0x0000000c   Code   RO         4753    i.setSUBR           w5500.o
    0x08004f2c   0x08004f2c   0x0000000c   Code   RO         4754    i.setSn_IR          w5500.o
    0x08004f38   0x08004f38   0x00000068   Code   RO         4919    i.set_w5500_ip      w5500_conf.o
    0x08004fa0   0x08004fa0   0x00000018   Code   RO         4920    i.set_w5500_mac     w5500_conf.o
    0x08004fb8   0x08004fb8   0x00000094   Code   RO         4666    i.socket            socket.o
    0x0800504c   0x0800504c   0x00000084   Code   RO         4757    i.socket_buf_init   w5500.o
    0x080050d0   0x080050d0   0x000000f4   Code   RO         4303    i.spi1DMASendByte   bsp_lcd.o
    0x080051c4   0x080051c4   0x00000100   Code   RO         4304    i.spi1DMASendHalfWord  bsp_lcd.o
    0x080052c4   0x080052c4   0x0000001c   Code   RO         4487    i.spi1_Init         bsp_spi.o
    0x080052e0   0x080052e0   0x0000001c   Code   RO         4488    i.spi2_Init         bsp_spi.o
    0x080052fc   0x080052fc   0x00000010   Code   RO         5239    i.usart2_SendData   openmv.o
    0x0800530c   0x0800530c   0x000000d8   Code   RO         4207    i.usart2_init       bsp_usart.o
    0x080053e4   0x080053e4   0x00000024   Code   RO         5186    i.vari_init         angle_length.o
    0x08005408   0x08005408   0x0000001c   Code   RO         4921    i.wiz_cs            w5500_conf.o
    0x08005424   0x08005424   0x00000048   Code   RO         4922    i.wiz_read_buf      w5500_conf.o
    0x0800546c   0x0800546c   0x0000004a   Code   RO         4923    i.wiz_write_buf     w5500_conf.o
    0x080054b6   0x080054b6   0x00000008   Data   RO         1331    .constdata          stm32f4xx_hal_dma.o
    0x080054be   0x080054be   0x00000010   Data   RO         3704    .constdata          system_stm32f4xx.o
    0x080054ce   0x080054ce   0x00000008   Data   RO         3705    .constdata          system_stm32f4xx.o
    0x080054d6   0x080054d6   0x0000391c   Data   RO         4305    .constdata          bsp_lcd.o
    0x08008df2   0x08008df2   0x00000002   PAD
    0x08008df4   0x08008df4   0x00000020   Data   RO         5687    Region$$Table       anon$$obj.o


    Execution Region RW_IRAM1 (Exec base: 0x20000000, Load base: 0x08008e14, Size: 0x0000d5f8, Max: 0x00010000, ABSOLUTE)

    Exec Addr    Load Addr    Size         Type   Attr      Idx    E Section Name        Object

    0x20000000   0x08008e14   0x0000000c   Data   RW         1782    .data               stm32f4xx_hal.o
    0x2000000c   0x08008e20   0x00000004   Data   RW         3706    .data               system_stm32f4xx.o
    0x20000010   0x08008e24   0x00000004   Data   RW         4209    .data               bsp_usart.o
    0x20000014   0x08008e28   0x00000004   Data   RW         4306    .data               bsp_lcd.o
    0x20000018   0x08008e2c   0x00000008   Data   RW         4490    .data               bsp_spi.o
    0x20000020   0x08008e34   0x00000010   Data   RW         4539    .data               bsp_flash.o
    0x20000030   0x08008e44   0x0000000c   Data   RW         4607    .data               bsp_ec11.o
    0x2000003c   0x08008e50   0x00000008   Data   RW         4759    .data               w5500.o
    0x20000044   0x08008e58   0x00000008   Data   RW         4760    .data               w5500.o
    0x2000004c   0x08008e60   0x00000016   Data   RW         4926    .data               w5500_conf.o
    0x20000062   0x08008e76   0x00000002   Data   RW         4927    .data               w5500_conf.o
    0x20000064   0x08008e78   0x00000004   Data   RW         4928    .data               w5500_conf.o
    0x20000068   0x08008e7c   0x00000002   Data   RW         4929    .data               w5500_conf.o
    0x2000006a   0x08008e7e   0x00000002   PAD
    0x2000006c   0x08008e80   0x00000018   Data   RW         5036    .data               appmain.o
    0x20000084   0x08008e98   0x00000001   Data   RW         5038    .data               appmain.o
    0x20000085   0x08008e99   0x00000003   PAD
    0x20000088   0x08008e9c   0x0000001a   Data   RW         5115    .data               appmenu.o
    0x200000a2   0x08008eb6   0x00000002   PAD
    0x200000a4   0x08008eb8   0x00000020   Data   RW         5188    .data               angle_length.o
    0x200000c4   0x08008ed8   0x00000014   Data   RW         5246    .data               openmv.o
    0x200000d8   0x08008eec   0x00000008   Data   RW         5305    .data               udp_demo.o
    0x200000e0   0x08008ef4   0x00000004   Data   RW         5659    .data               mc_w.l(stdout.o)
    0x200000e4        -       0x00000048   Zero   RW          213    .bss                adc.o
    0x2000012c        -       0x00000110   Zero   RW          310    .bss                spi.o
    0x2000023c        -       0x00000048   Zero   RW          358    .bss                tim.o
    0x20000284        -       0x0000024c   Zero   RW          407    .bss                usart.o
    0x200004d0        -       0x00000020   Zero   RW         1006    .bss                stm32f4xx_hal_flash.o
    0x200004f0        -       0x000008b0   Zero   RW         4208    .bss                bsp_usart.o
    0x20000da0        -       0x00006590   Zero   RW         4489    .bss                bsp_spi.o
    0x20007330        -       0x00000020   Zero   RW         4758    .bss                w5500.o
    0x20007350        -       0x0000001c   Zero   RW         4924    .bss                w5500_conf.o
    0x2000736c        -       0x00005dcc   Zero   RW         5033    .bss                appmain.o
    0x2000d138        -       0x0000005c   Zero   RW         5110    .bss                appmenu.o
    0x2000d194        -       0x00000040   Zero   RW         5241    .bss                openmv.o
    0x2000d1d4        -       0x00000020   Zero   RW         5304    .bss                udp_demo.o
    0x2000d1f4   0x08008ef8   0x00000004   PAD
    0x2000d1f8        -       0x00000400   Zero   RW         3692    STACK               startup_stm32f401xc.o


==============================================================================

Image component sizes


      Code (inc. data)   RO Data    RW Data    ZI Data      Debug   Object Name

       196         28          0          0         72       1993   adc.o
       232         40          0         32          0       2669   angle_length.o
       540         76          0         25      24012       3745   appmain.o
      1804        318          0         26         92       5796   appmenu.o
       182         34          0         12          0       3307   bsp_ec11.o
       448         68          0         16          0       4146   bsp_flash.o
      1202         98      14620          4          0       9773   bsp_lcd.o
       878         28          0          0          0       6996   bsp_lcd_init.o
       276         26          0          8      26000       2719   bsp_spi.o
       520         80          0          4       2224       3369   bsp_usart.o
       124          4          0          0          0        990   dma.o
       276          0          0          0          0      10190   fifo.o
       344         24          0          0          0       1199   gpio.o
       214         10          0          0          0     447868   main.o
       146          0          0          0          0       3970   menu.o
       456         38          0         20         64       5179   openmv.o
         0          0          0          0          0       5732   pid.o
       806         30          0          0          0       4761   socket.o
       380         46          0          0        272       2827   spi.o
        36          8        404          0       1024        868   startup_stm32f401xc.o
       180         28          0         12          0       9857   stm32f4xx_hal.o
       712         28          0          0          0       3171   stm32f4xx_hal_adc.o
       198         14          0          0          0      34383   stm32f4xx_hal_cortex.o
       336         12          8          0          0       3191   stm32f4xx_hal_dma.o
       540         66          0          0         32       7414   stm32f4xx_hal_flash.o
       356         24          0          0          0       4526   stm32f4xx_hal_flash_ex.o
       512         32          0          0          0       3832   stm32f4xx_hal_gpio.o
        52          4          0          0          0       1014   stm32f4xx_hal_msp.o
      1348         76          0          0          0       5672   stm32f4xx_hal_rcc.o
       188          0          0          0          0       1343   stm32f4xx_hal_spi.o
       764         50          0          0          0       7242   stm32f4xx_hal_tim.o
       124         20          0          0          0       1488   stm32f4xx_hal_tim_ex.o
       644         10          0          0          0       4484   stm32f4xx_hal_uart.o
        20          0          0          0          0       4826   stm32f4xx_it.o
        28          6         24          4          0       1371   system_stm32f4xx.o
       304         32          0          0         72       2731   tim.o
       292         40          0          8         32       2574   udp_demo.o
       664         62          0          0        588       3940   usart.o
       472         40          0         16         32       9982   w5500.o
       530         38          0         30         28      10814   w5500_conf.o

    ----------------------------------------------------------------------
     17344       1538      15090        224      54548     651952   Object Totals
         0          0         32          0          0          0   (incl. Generated)
        20          0          2          7          4          0   (incl. Padding)

    ----------------------------------------------------------------------

      Code (inc. data)   RO Data    RW Data    ZI Data      Debug   Library Member Name

         0          0          0          0          0          0   entry.o
         0          0          0          0          0          0   entry10a.o
         0          0          0          0          0          0   entry11a.o
         8          4          0          0          0          0   entry2.o
         4          0          0          0          0          0   entry5.o
         0          0          0          0          0          0   entry7b.o
         0          0          0          0          0          0   entry8b.o
         8          4          0          0          0          0   entry9a.o
        18          0          0          0          0         80   fputc.o
        30          0          0          0          0          0   handlers.o
        36          8          0          0          0         68   init.o
         0          0          0          0          0          0   iusefp.o
         0          0          0          0          0          0   iusesemip.o
        30          0          0          0          0         68   llshl.o
        36          0          0          0          0         68   llsshr.o
        32          0          0          0          0         68   llushr.o
        36          0          0          0          0         68   memcpya.o
        36          0          0          0          0        108   memseta.o
      2258         90          0          0          0        452   printfa.o
         0          0          0          0          0          0   semi.o
         0          0          0          4          0          0   stdout.o
        44          0          0          0          0         80   uidiv.o
        98          0          0          0          0         92   uldiv.o
        48          0          0          0          0         68   cdrcmple.o
        56          0          0          0          0         88   d2f.o
       334          0          0          0          0        148   dadd.o
       222          0          0          0          0        100   ddiv.o
       186          0          0          0          0        176   depilogue.o
        48          0          0          0          0         68   dfixul.o
        26          0          0          0          0         76   dfltui.o
       228          0          0          0          0         96   dmul.o
       110          0          0          0          0        168   fepilogue.o

    ----------------------------------------------------------------------
      3938        106          0          4          0       2140   Library Totals
         6          0          0          0          0          0   (incl. Padding)

    ----------------------------------------------------------------------

      Code (inc. data)   RO Data    RW Data    ZI Data      Debug   Library Name

      2674        106          0          4          0       1152   mc_w.l
      1258          0          0          0          0        988   mf_w.l

    ----------------------------------------------------------------------
      3938        106          0          4          0       2140   Library Totals

    ----------------------------------------------------------------------

==============================================================================


      Code (inc. data)   RO Data    RW Data    ZI Data      Debug   

     21282       1644      15090        228      54548     637704   Grand Totals
     21282       1644      15090        228      54548     637704   ELF Image Totals
     21282       1644      15090        228          0          0   ROM Totals

==============================================================================

    Total RO  Size (Code + RO Data)                36372 (  35.52kB)
    Total RW  Size (RW Data + ZI Data)             54776 (  53.49kB)
    Total ROM Size (Code + RO Data + RW Data)      36600 (  35.74kB)

==============================================================================

